Component: ARM Compiler 5.06 update 4 (build 422) Tool: armlink [4d35d2]

==============================================================================

Section Cross References

    main.o(i.main) refers to stm32f4xx_hal.o(i.HAL_Init) for HAL_Init
    main.o(i.main) refers to stm32f4xx_hal_msp.o(i.SystemClock_Config) for SystemClock_Config
    main.o(i.main) refers to bsp_timer.o(i.bsp_tim_SoftConfig) for bsp_tim_SoftConfig
    main.o(i.main) refers to bsp_led.o(i.bsp_led_Config) for bsp_led_Config
    main.o(i.main) refers to bsp_led.o(i.bsp_led_ON) for bsp_led_ON
    main.o(i.main) refers to bsp_key.o(i.bsp_key_Config) for bsp_key_Config
    main.o(i.main) refers to bsp_malloc.o(i.bsp_mem_Config) for bsp_mem_Config
    main.o(i.main) refers to usb_device.o(i.MX_USB_DEVICE_Init) for MX_USB_DEVICE_Init
    main.o(i.main) refers to os_core.o(i.OSInit) for OSInit
    main.o(i.main) refers to lwip_comm.o(i.lwip_config) for lwip_config
    main.o(i.main) refers to cpu_a.o(.text) for CPU_SR_Save
    main.o(i.main) refers to os_task.o(i.OSTaskCreate) for OSTaskCreate
    main.o(i.main) refers to os_core.o(i.OS_Sched0) for OS_Sched0
    main.o(i.main) refers to os_core.o(i.OSStart) for OSStart
    main.o(i.main) refers to os_var.o(.data) for OSSchedLockNestingCtr
    main.o(i.main) refers to main.o(.bss) for START_TASK_STK
    main.o(i.main) refers to main.o(i.task_StartTask) for task_StartTask
    main.o(i.task_KeyTask) refers to bsp_key.o(i.bsp_key_Scan) for bsp_key_Scan
    main.o(i.task_KeyTask) refers to os_time.o(i.OSTimeDlyHMSM) for OSTimeDlyHMSM
    main.o(i.task_LedTask) refers to bsp_led.o(i.bsp_led_OFF) for bsp_led_OFF
    main.o(i.task_LedTask) refers to bsp_led.o(i.bsp_led_Toggle) for bsp_led_Toggle
    main.o(i.task_LedTask) refers to os_time.o(i.OSTimeDlyHMSM) for OSTimeDlyHMSM
    main.o(i.task_LedTask) refers to app_sys.o(.data) for Sys_Info
    main.o(i.task_LinkCheckTask) refers to stm32f4xx_hal_eth.o(i.HAL_ETH_ReadPHYRegister) for HAL_ETH_ReadPHYRegister
    main.o(i.task_LinkCheckTask) refers to usbd_user.o(i.usb_printf) for usb_printf
    main.o(i.task_LinkCheckTask) refers to netif.o(i.netif_set_link_down) for netif_set_link_down
    main.o(i.task_LinkCheckTask) refers to bsp_lan8720.o(i.bsp_lan_Config) for bsp_lan_Config
    main.o(i.task_LinkCheckTask) refers to netif.o(i.netif_set_link_up) for netif_set_link_up
    main.o(i.task_LinkCheckTask) refers to cpu_a.o(.text) for CPU_SR_Save
    main.o(i.task_LinkCheckTask) refers to lwip_comm.o(i.lwip_config) for lwip_config
    main.o(i.task_LinkCheckTask) refers to os_core.o(i.OS_Sched0) for OS_Sched0
    main.o(i.task_LinkCheckTask) refers to os_time.o(i.OSTimeDlyHMSM) for OSTimeDlyHMSM
    main.o(i.task_LinkCheckTask) refers to bsp_lan8720.o(.bss) for ETH_Handler
    main.o(i.task_LinkCheckTask) refers to app_sys.o(.data) for Sys_Info
    main.o(i.task_LinkCheckTask) refers to lwip_comm.o(.bss) for lwip_netif
    main.o(i.task_LinkCheckTask) refers to os_var.o(.data) for OSSchedLockNestingCtr
    main.o(i.task_PrintTask) refers to usbd_user.o(i.usb_printf) for usb_printf
    main.o(i.task_PrintTask) refers to os_time.o(i.OSTimeDlyHMSM) for OSTimeDlyHMSM
    main.o(i.task_PrintTask) refers to app_sys.o(.data) for Sys_Info
    main.o(i.task_StartTask) refers to cpu_core.o(i.CPU_Init) for CPU_Init
    main.o(i.task_StartTask) refers to os_stat.o(i.OSStatTaskCPUUsageInit) for OSStatTaskCPUUsageInit
    main.o(i.task_StartTask) refers to os_core.o(i.OSSchedRoundRobinCfg) for OSSchedRoundRobinCfg
    main.o(i.task_StartTask) refers to cpu_a.o(.text) for CPU_SR_Save
    main.o(i.task_StartTask) refers to os_task.o(i.OSTaskCreate) for OSTaskCreate
    main.o(i.task_StartTask) refers to bsp_led.o(i.bsp_led_OFF) for bsp_led_OFF
    main.o(i.task_StartTask) refers to os_task.o(i.OS_TaskSuspend) for OS_TaskSuspend
    main.o(i.task_StartTask) refers to os_core.o(i.OS_Sched0) for OS_Sched0
    main.o(i.task_StartTask) refers to os_var.o(.data) for OSSchedLockNestingCtr
    main.o(i.task_StartTask) refers to main.o(.bss) for LED_TASK_STK
    main.o(i.task_StartTask) refers to main.o(i.task_LedTask) for task_LedTask
    main.o(i.task_StartTask) refers to main.o(i.task_PrintTask) for task_PrintTask
    main.o(i.task_StartTask) refers to main.o(i.task_LinkCheckTask) for task_LinkCheckTask
    main.o(i.task_StartTask) refers to main.o(i.task_KeyTask) for task_KeyTask
    main.o(i.task_WdogTask) refers to app_wdog.o(i.app_wdog_Feed) for app_wdog_Feed
    main.o(i.task_WdogTask) refers to os_time.o(i.OSTimeDlyHMSM) for OSTimeDlyHMSM
    stm32f4xx_hal_msp.o(i.HAL_Delay) refers to bsp_timer.o(i.bsp_tim_DelayMs) for bsp_tim_DelayMs
    stm32f4xx_hal_msp.o(i.HAL_MspInit) refers to stm32f4xx_hal_cortex.o(i.HAL_NVIC_SetPriorityGrouping) for HAL_NVIC_SetPriorityGrouping
    stm32f4xx_hal_msp.o(i.HAL_MspInit) refers to stm32f4xx_hal_cortex.o(i.HAL_NVIC_SetPriority) for HAL_NVIC_SetPriority
[...]
    WdogTaskTCB                              0x20002274   Data         196  main.o(.bss)
    WDOG_TASK_STK                            0x20002338   Data         512  main.o(.bss)
    LinkCheckTaskTCB                         0x20002538   Data         196  main.o(.bss)
    LINK_TASK_STK                            0x200025fc   Data        4096  main.o(.bss)
    SoftTimer                                0x20003630   Data          80  bsp_timer.o(.bss)
    MEM_SRAMIN                               0x20003680   Data       65536  bsp_malloc.o(.bss)
    MAP_SRAMIN                               0x20013680   Data        4096  bsp_malloc.o(.bss)
    ETH_Handler                              0x20014680   Data          72  bsp_lan8720.o(.bss)
    SDCARD_Handler                           0x200146c8   Data         132  bsp_sdcard.o(.bss)
    SDCARD_Info                              0x2001474c   Data          32  bsp_sdcard.o(.bss)
    SDTxDMAHandler                           0x2001476c   Data          96  bsp_sdcard.o(.bss)
    SDRxDMAHandler                           0x200147cc   Data          96  bsp_sdcard.o(.bss)
    SDIO_DATA_BUFFER                         0x2001482c   Data         512  bsp_sdcard.o(.bss)
    CPU_Name                                 0x20014a2c   Data          16  cpu_core.o(.bss)
    OSCfg_IdleTaskStk                        0x20014a3c   Data         512  os_cfg_app.o(.bss)
    OSCfg_IntQ                               0x20014c3c   Data         320  os_cfg_app.o(.bss)
    OSCfg_IntQTaskStk                        0x20014d7c   Data         512  os_cfg_app.o(.bss)
    OSCfg_ISRStk                             0x20014f7c   Data         512  os_cfg_app.o(.bss)
    OSCfg_MsgPool                            0x2001517c   Data        1600  os_cfg_app.o(.bss)
    OSCfg_StatTaskStk                        0x200157bc   Data         512  os_cfg_app.o(.bss)
    OSCfg_TickTaskStk                        0x200159bc   Data         512  os_cfg_app.o(.bss)
    OSCfg_TickWheel                          0x20015bbc   Data         136  os_cfg_app.o(.bss)
    OSCfg_TmrTaskStk                         0x20015c44   Data         512  os_cfg_app.o(.bss)
    OSCfg_TmrWheel                           0x20015e44   Data         136  os_cfg_app.o(.bss)
    OSIdleTaskTCB                            0x20015ecc   Data         196  os_var.o(.bss)
    OSIntQTaskTCB                            0x20015f90   Data         196  os_var.o(.bss)
    OSMsgPool                                0x20016054   Data          12  os_var.o(.bss)
    OSRdyList                                0x20016060   Data         768  os_var.o(.bss)
    OSStatTaskTCB                            0x20016360   Data         196  os_var.o(.bss)
    OSTickTaskTCB                            0x20016424   Data         196  os_var.o(.bss)
    OSTmrTaskTCB                             0x200164e8   Data         196  os_var.o(.bss)
    hhcd_USB_OTG_HS                          0x200165ac   Data         664  usbh_conf.o(.bss)
    hUsbDeviceFS                             0x20016844   Data         548  usb_device.o(.bss)
    UserRxBufferFS                           0x20016a68   Data        2048  usbd_cdc_if.o(.bss)
    UserTxBufferFS                           0x20017268   Data        2048  usbd_cdc_if.o(.bss)
    hpcd_USB_OTG_FS                          0x20017a68   Data        1008  usbd_conf.o(.bss)
    USBD_StrDesc                             0x20017e58   Data         512  usbd_desc.o(.bss)
    USART_PRINTF_Buffer                      0x20018058   Data         256  usbd_user.o(.bss)
    lwip_info                                0x20018294   Data          23  lwip_comm.o(.bss)
    LWIP_Input                               0x200182ac   Data          40  lwip_comm.o(.bss)
    LWIP_Mutex                               0x200182d4   Data          44  lwip_comm.o(.bss)
    lwip_netif                               0x20018300   Data          52  lwip_comm.o(.bss)
    TcpipthreadTaskTCB                       0x20018334   Data         196  sys_arch.o(.bss)
    __libspace_start                         0x20018428   Data          96  libspace.o(.bss)
    __temporary_stack_top$libspace           0x20018488   Data           0  libspace.o(.bss)



==============================================================================

Memory Map of the image

  Image Entry point : 0x08000189

  Load Region LR_IROM1 (Base: 0x08000000, Size: 0x000179ac, Max: 0x00080000, ABSOLUTE, COMPRESSED[0x00017758])

    Execution Region ER_IROM1 (Base: 0x08000000, Size: 0x00017648, Max: 0x00080000, ABSOLUTE)

    Base Addr    Size         Type   Attr      Idx    E Section Name        Object

    0x08000000   0x00000188   Data   RO          583    RESET               startup_stm32f407xx.o
    0x08000188   0x00000008   Code   RO        12072  * !!!main             c_w.l(__main.o)
    0x08000190   0x00000034   Code   RO        12419    !!!scatter          c_w.l(__scatter.o)
    0x080001c4   0x0000005a   Code   RO        12417    !!dczerorl2         c_w.l(__dczerorl2.o)
    0x0800021e   0x00000002   PAD
    0x08000220   0x0000001c   Code   RO        12421    !!handler_zi        c_w.l(__scatter_zi.o)
    0x0800023c   0x00000000   Code   RO        12055    .ARM.Collect$$_printf_percent$$00000000  c_w.l(_printf_percent.o)
    0x0800023c   0x00000006   Code   RO        12159    .ARM.Collect$$_printf_percent$$00000001  c_w.l(_printf_n.o)
    0x08000242   0x00000006   Code   RO        12161    .ARM.Collect$$_printf_percent$$00000002  c_w.l(_printf_p.o)
    0x08000248   0x00000006   Code   RO        12165    .ARM.Collect$$_printf_percent$$00000003  c_w.l(_printf_f.o)
    0x0800024e   0x00000006   Code   RO        12166    .ARM.Collect$$_printf_percent$$00000004  c_w.l(_printf_e.o)
    0x08000254   0x00000006   Code   RO        12167    .ARM.Collect$$_printf_percent$$00000005  c_w.l(_printf_g.o)
    0x0800025a   0x00000006   Code   RO        12168    .ARM.Collect$$_printf_percent$$00000006  c_w.l(_printf_a.o)
    0x08000260   0x0000000a   Code   RO        12173    .ARM.Collect$$_printf_percent$$00000007  c_w.l(_printf_ll.o)
    0x0800026a   0x00000006   Code   RO        12163    .ARM.Collect$$_printf_percent$$00000008  c_w.l(_printf_i.o)
    0x08000270   0x00000006   Code   RO        12054    .ARM.Collect$$_printf_percent$$00000009  c_w.l(_printf_d.o)
    0x08000276   0x00000006   Code   RO        12164    .ARM.Collect$$_printf_percent$$0000000A  c_w.l(_printf_u.o)
    0x0800027c   0x00000006   Code   RO        12162    .ARM.Collect$$_printf_percent$$0000000B  c_w.l(_printf_o.o)
    0x08000282   0x00000006   Code   RO        12160    .ARM.Collect$$_printf_percent$$0000000C  c_w.l(_printf_x.o)
    0x08000288   0x00000006   Code   RO        12170    .ARM.Collect$$_printf_percent$$0000000D  c_w.l(_printf_lli.o)
    0x0800028e   0x00000006   Code   RO        12171    .ARM.Collect$$_printf_percent$$0000000E  c_w.l(_printf_lld.o)
    0x08000294   0x00000006   Code   RO        12172    .ARM.Collect$$_printf_percent$$0000000F  c_w.l(_printf_llu.o)
    0x0800029a   0x00000006   Code   RO        12177    .ARM.Collect$$_printf_percent$$00000010  c_w.l(_printf_llo.o)
    0x080002a0   0x00000006   Code   RO        12178    .ARM.Collect$$_printf_percent$$00000011  c_w.l(_printf_llx.o)
    0x080002a6   0x0000000a   Code   RO        12174    .ARM.Collect$$_printf_percent$$00000012  c_w.l(_printf_l.o)
    0x080002b0   0x00000006   Code   RO        12157    .ARM.Collect$$_printf_percent$$00000013  c_w.l(_printf_c.o)
    0x080002b6   0x00000006   Code   RO        12158    .ARM.Collect$$_printf_percent$$00000014  c_w.l(_printf_s.o)
    0x080002bc   0x00000006   Code   RO        12175    .ARM.Collect$$_printf_percent$$00000015  c_w.l(_printf_lc.o)
    0x080002c2   0x00000006   Code   RO        12176    .ARM.Collect$$_printf_percent$$00000016  c_w.l(_printf_ls.o)
    0x080002c8   0x00000004   Code   RO        12169    .ARM.Collect$$_printf_percent$$00000017  c_w.l(_printf_percent_end.o)
    0x080002cc   0x00000002   Code   RO        12351    .ARM.Collect$$libinit$$00000000  c_w.l(libinit.o)
    0x080002ce   0x00000004   Code   RO        12184    .ARM.Collect$$libinit$$00000001  c_w.l(libinit2.o)
    0x080002d2   0x00000000   Code   RO        12187    .ARM.Collect$$libinit$$00000004  c_w.l(libinit2.o)
    0x080002d2   0x00000008   Code   RO        12188    .ARM.Collect$$libinit$$00000005  c_w.l(libinit2.o)
    0x080002da   0x00000000   Code   RO        12190    .ARM.Collect$$libinit$$0000000A  c_w.l(libinit2.o)
    0x080002da   0x00000000   Code   RO        12192    .ARM.Collect$$libinit$$0000000C  c_w.l(libinit2.o)
    0x080002da   0x00000000   Code   RO        12194    .ARM.Collect$$libinit$$0000000E  c_w.l(libinit2.o)
    0x080002da   0x00000006   Code   RO        12195    .ARM.Collect$$libinit$$0000000F  c_w.l(libinit2.o)
    0x080002e0   0x00000000   Code   RO        12197    .ARM.Collect$$libinit$$00000011  c_w.l(libinit2.o)
    0x080002e0   0x0000000c   Code   RO        12198    .ARM.Collect$$libinit$$00000012  c_w.l(libinit2.o)
    0x080002ec   0x00000000   Code   RO        12199    .ARM.Collect$$libinit$$00000013  c_w.l(libinit2.o)
    0x080002ec   0x00000000   Code   RO        12201    .ARM.Collect$$libinit$$00000015  c_w.l(libinit2.o)
    0x080002ec   0x0000000a   Code   RO        12202    .ARM.Collect$$libinit$$00000016  c_w.l(libinit2.o)
    0x080002f6   0x00000000   Code   RO        12203    .ARM.Collect$$libinit$$00000017  c_w.l(libinit2.o)
    0x080002f6   0x00000000   Code   RO        12205    .ARM.Collect$$libinit$$00000019  c_w.l(libinit2.o)
    0x080002f6   0x00000000   Code   RO        12207    .ARM.Collect$$libinit$$0000001B  c_w.l(libinit2.o)
    0x080002f6   0x00000000   Code   RO        12209    .ARM.Collect$$libinit$$0000001D  c_w.l(libinit2.o)
    0x080002f6   0x00000000   Code   RO        12211    .ARM.Collect$$libinit$$0000001F  c_w.l(libinit2.o)
    0x080002f6   0x00000000   Code   RO        12213    .ARM.Collect$$libinit$$00000021  c_w.l(libinit2.o)
    0x080002f6   0x00000000   Code   RO        12215    .ARM.Collect$$libinit$$00000023  c_w.l(libinit2.o)
    0x080002f6   0x00000000   Code   RO        12217    .ARM.Collect$$libinit$$00000025  c_w.l(libinit2.o)
    0x080002f6   0x00000000   Code   RO        12221    .ARM.Collect$$libinit$$0000002C  c_w.l(libinit2.o)
    0x080002f6   0x00000000   Code   RO        12223    .ARM.Collect$$libinit$$0000002E  c_w.l(libinit2.o)
    0x080002f6   0x00000000   Code   RO        12225    .ARM.Collect$$libinit$$00000030  c_w.l(libinit2.o)
    0x080002f6   0x00000000   Code   RO        12227    .ARM.Collect$$libinit$$00000032  c_w.l(libinit2.o)
    0x080002f6   0x00000002   Code   RO        12228    .ARM.Collect$$libinit$$00000033  c_w.l(libinit2.o)
    0x080002f8   0x00000002   Code   RO        12414    .ARM.Collect$$libshutdown$$00000000  c_w.l(libshutdown.o)
    0x080002fa   0x00000000   Code   RO        12372    .ARM.Collect$$libshutdown$$00000002  c_w.l(libshutdown2.o)
    0x080002fa   0x00000000   Code   RO        12374    .ARM.Collect$$libshutdown$$00000004  c_w.l(libshutdown2.o)
    0x080002fa   0x00000000   Code   RO        12377    .ARM.Collect$$libshutdown$$00000007  c_w.l(libshutdown2.o)
    0x080002fa   0x00000000   Code   RO        12380    .ARM.Collect$$libshutdown$$0000000A  c_w.l(libshutdown2.o)
    0x080002fa   0x00000000   Code   RO        12382    .ARM.Collect$$libshutdown$$0000000C  c_w.l(libshutdown2.o)
    0x080002fa   0x00000000   Code   RO        12385    .ARM.Collect$$libshutdown$$0000000F  c_w.l(libshutdown2.o)
    0x080002fa   0x00000002   Code   RO        12386    .ARM.Collect$$libshutdown$$00000010  c_w.l(libshutdown2.o)
    0x080002fc   0x00000000   Code   RO        12076    .ARM.Collect$$rtentry$$00000000  c_w.l(__rtentry.o)
    0x080002fc   0x00000000   Code   RO        12243    .ARM.Collect$$rtentry$$00000002  c_w.l(__rtentry2.o)
    0x080002fc   0x00000006   Code   RO        12255    .ARM.Collect$$rtentry$$00000004  c_w.l(__rtentry4.o)
    0x08000302   0x00000000   Code   RO        12245    .ARM.Collect$$rtentry$$00000009  c_w.l(__rtentry2.o)
    0x08000302   0x00000004   Code   RO        12246    .ARM.Collect$$rtentry$$0000000A  c_w.l(__rtentry2.o)
    0x08000306   0x00000000   Code   RO        12248    .ARM.Collect$$rtentry$$0000000C  c_w.l(__rtentry2.o)
    0x08000306   0x00000008   Code   RO        12249    .ARM.Collect$$rtentry$$0000000D  c_w.l(__rtentry2.o)
    0x0800030e   0x00000002   Code   RO        12359    .ARM.Collect$$rtexit$$00000000  c_w.l(rtexit.o)
    0x08000310   0x00000000   Code   RO        12390    .ARM.Collect$$rtexit$$00000002  c_w.l(rtexit2.o)
    0x08000310   0x00000004   Code   RO        12391    .ARM.Collect$$rtexit$$00000003  c_w.l(rtexit2.o)
    0x08000314   0x00000006   Code   RO        12392    .ARM.Collect$$rtexit$$00000004  c_w.l(rtexit2.o)
    0x0800031a   0x00000002   PAD
    0x0800031c   0x00000000   Code   RO        12261    .emb_text           c_w.l(maybetermalloc1.o)
    0x0800031c   0x00000040   Code   RO          584    .text               startup_stm32f407xx.o
    0x0800035c   0x00000034   Code   RO         5725    .text               cpu_a.o
    0x08000390   0x00000010   Code   RO        11958    .text               c_w.l(rt_ctype_table.o)
    0x080003a0   0x0000005e   Code   RO        11964    .text               c_w.l(h1_alloc.o)
    0x080003fe   0x0000004e   Code   RO        11966    .text               c_w.l(h1_free.o)
    0x0800044c   0x00000024   Code   RO        12024    .text               c_w.l(vsprintf.o)
    0x08000470   0x00000078   Code   RO        12032    .text               c_w.l(_printf_dec.o)
    0x080004e8   0x00000188   Code   RO        12051    .text               c_w.l(__printf_flags_ss_wp.o)
    0x08000670   0x00000058   Code   RO        12056    .text               c_w.l(memcmp.o)
    0x080006c8   0x0000003e   Code   RO        12058    .text               c_w.l(strlen.o)
    0x08000706   0x0000008a   Code   RO        12060    .text               c_w.l(rt_memcpy_v6.o)
    0x08000790   0x00000064   Code   RO        12062    .text               c_w.l(rt_memcpy_w.o)
    0x080007f4   0x0000004e   Code   RO        12066    .text               c_w.l(rt_memclr_w.o)
    0x08000842   0x00000002   PAD
    0x08000844   0x00000080   Code   RO        12068    .text               c_w.l(strcmpv7m.o)
    0x080008c4   0x00000006   Code   RO        12070    .text               c_w.l(heapauxi.o)
    0x080008ca   0x00000002   PAD
    0x080008cc   0x00000008   Code   RO        12084    .text               c_w.l(rt_heap_descriptor_intlibspace.o)
    0x080008d4   0x00000008   Code   RO        12089    .text               c_w.l(rt_locale_intlibspace.o)
    0x080008dc   0x00000004   Code   RO        12091    .text               c_w.l(hguard.o)
    0x080008e0   0x0000008a   Code   RO        12093    .text               c_w.l(init_alloc.o)
    0x0800096a   0x0000000e   Code   RO        12097    .text               c_w.l(h1_init.o)
    0x08000978   0x0000004e   Code   RO        12111    .text               c_w.l(_printf_pad.o)
    0x080009c6   0x00000024   Code   RO        12113    .text               c_w.l(_printf_truncate.o)
    0x080009ea   0x00000052   Code   RO        12115    .text               c_w.l(_printf_str.o)
    0x08000a3c   0x000000b2   Code   RO        12117    .text               c_w.l(_printf_intcommon.o)
    0x08000aee   0x00000028   Code   RO        12119    .text               c_w.l(_printf_charcount.o)
    0x08000b16   0x00000002   PAD
    0x08000b18   0x00000030   Code   RO        12121    .text               c_w.l(_printf_char_common.o)
    0x08000b48   0x0000000a   Code   RO        12123    .text               c_w.l(_sputc.o)
    0x08000b52   0x00000002   PAD
    0x08000b54   0x000000bc   Code   RO        12125    .text               c_w.l(_printf_wctomb.o)
    0x08000c10   0x0000007c   Code   RO        12128    .text               c_w.l(_printf_longlong_dec.o)
    0x08000c8c   0x00000070   Code   RO        12134    .text               c_w.l(_printf_oct_int_ll.o)
    0x08000cfc   0x00000094   Code   RO        12154    .text               c_w.l(_printf_hex_int_ll_ptr.o)
    0x08000d90   0x00000008   Code   RO        12239    .text               c_w.l(libspace.o)
    0x08000d98   0x00000034   Code   RO        12263    .text               c_w.l(h1_extend.o)
    0x08000dcc   0x0000008a   Code   RO        12267    .text               c_w.l(lludiv10.o)
    0x08000e56   0x0000041a   Code   RO        12269    .text               c_w.l(_printf_fp_dec.o)
    0x08001270   0x000002fc   Code   RO        12271    .text               c_w.l(_printf_fp_hex.o)
    0x0800156c   0x0000002c   Code   RO        12276    .text               c_w.l(_printf_char.o)
    0x08001598   0x0000002c   Code   RO        12278    .text               c_w.l(_printf_wchar.o)
    0x080015c4   0x00000040   Code   RO        12280    .text               c_w.l(_wcrtomb.o)
    0x08001604   0x0000000e   Code   RO        12282    .text               c_w.l(defsig_rtmem_outer.o)
    0x08001612   0x00000002   Code   RO        12293    .text               c_w.l(use_no_semi.o)
    0x08001614   0x00000000   Code   RO        12295    .text               c_w.l(indicate_semi.o)
    0x08001614   0x0000004a   Code   RO        12296    .text               c_w.l(sys_stackheap_outer.o)
    0x0800165e   0x00000002   PAD
    0x08001660   0x00000080   Code   RO        12302    .text               c_w.l(_printf_fp_infnan.o)
    0x080016e0   0x000000dc   Code   RO        12304    .text               c_w.l(bigflt0.o)
    0x080017bc   0x00000012   Code   RO        12332    .text               c_w.l(exit.o)
    0x080017ce   0x0000000a   Code   RO        12334    .text               c_w.l(defsig_exit.o)
    0x080017d8   0x00000050   Code   RO        12340    .text               c_w.l(defsig_rtmem_inner.o)
    0x08001828   0x0000000c   Code   RO        12357    .text               c_w.l(sys_exit.o)
    0x08001834   0x00000032   Code   RO        12367    .text               c_w.l(defsig_general.o)
    0x08001866   0x0000000e   Code   RO        12387    .text               c_w.l(sys_wrch.o)
    0x08001874   0x0000003e   Code   RO        12307    CL$$btod_d2e        c_w.l(btod.o)
    0x080018b2   0x00000046   Code   RO        12309    CL$$btod_d2e_denorm_low  c_w.l(btod.o)
    0x080018f8   0x00000060   Code   RO        12308    CL$$btod_d2e_norm_op1  c_w.l(btod.o)
    0x08001958   0x00000338   Code   RO        12317    CL$$btod_div_common  c_w.l(btod.o)
    0x08001c90   0x000000c6   Code   RO        12314    CL$$btod_e2e        c_w.l(btod.o)
    0x08001d56   0x00000028   Code   RO        12311    CL$$btod_ediv       c_w.l(btod.o)
    0x08001d7e   0x00000028   Code   RO        12310    CL$$btod_emul       c_w.l(btod.o)
    0x08001da6   0x00000244   Code   RO        12316    CL$$btod_mult_common  c_w.l(btod.o)
    0x08001fea   0x00000002   PAD
    0x08001fec   0x000000ac   Code   RO         7253    CODE                os_cpu_a.o
    0x08002098   0x00000008   Code   RO         5503    i.BSP_CPU_ClkFreq   bsp_ucosiii.o
    0x080020a0   0x00000004   Code   RO          434    i.BusFault_Handler  stm32f4xx_it.o
    0x080020a4   0x00000044   Code   RO         8626    i.CDC_Control_FS    usbd_cdc_if.o
    0x080020e8   0x00000004   Code   RO         8627    i.CDC_DeInit_FS     usbd_cdc_if.o
    0x080020ec   0x00000024   Code   RO         8628    i.CDC_Init_FS       usbd_cdc_if.o
    0x08002110   0x0000001c   Code   RO         8629    i.CDC_Receive_FS    usbd_cdc_if.o
    0x0800212c   0x00000038   Code   RO         8630    i.CDC_Transmit_FS   usbd_cdc_if.o
    0x08002164   0x0000000c   Code   RO         5553    i.CPU_Init          cpu_core.o
    0x08002170   0x00000030   Code   RO         5554    i.CPU_NameClr       cpu_core.o
    0x080021a0   0x00000008   Code   RO         5556    i.CPU_NameInit      cpu_core.o
    0x080021a8   0x00000014   Code   RO         5560    i.CPU_TS_Init       cpu_core.o
    0x080021bc   0x0000000c   Code   RO         5562    i.CPU_TS_TmrFreqSet  cpu_core.o
    0x080021c8   0x00000034   Code   RO         5505    i.CPU_TS_TmrInit    bsp_ucosiii.o
    0x080021fc   0x0000000c   Code   RO         5506    i.CPU_TS_TmrRd      bsp_ucosiii.o
    0x08002208   0x00000002   Code   RO         4669    i.DMA1_Stream3_IRQHandler  bsp_i2s.o
    0x0800220a   0x00000002   Code   RO         4670    i.DMA1_Stream4_IRQHandler  bsp_i2s.o
    0x0800220c   0x00000010   Code   RO         4767    i.DMA2_Stream3_IRQHandler  bsp_sdcard.o
    0x0800221c   0x00000010   Code   RO         4768    i.DMA2_Stream6_IRQHandler  bsp_sdcard.o
    0x0800222c   0x00000002   Code   RO          435    i.DebugMon_Handler  stm32f4xx_it.o
    0x0800222e   0x00000016   Code   RO          885    i.ETH_DMAReceptionEnable  stm32f4xx_hal_eth.o
    0x08002244   0x00000016   Code   RO          887    i.ETH_DMATransmissionEnable  stm32f4xx_hal_eth.o
    0x0800225a   0x00000002   PAD
    0x0800225c   0x00000028   Code   RO          888    i.ETH_Delay         stm32f4xx_hal_eth.o
    0x08002284   0x00000038   Code   RO          889    i.ETH_FlushTransmitFIFO  stm32f4xx_hal_eth.o
    0x080022bc   0x0000003c   Code   RO         4313    i.ETH_Free          bsp_lan8720.o
    0x080022f8   0x00000024   Code   RO         4314    i.ETH_GetRxPktSize  bsp_lan8720.o
    0x0800231c   0x0000004c   Code   RO         4315    i.ETH_IRQHandler    bsp_lan8720.o
    0x08002368   0x00000034   Code   RO          890    i.ETH_MACAddressConfig  stm32f4xx_hal_eth.o
    0x0800239c   0x00000244   Code   RO          891    i.ETH_MACDMAConfig  stm32f4xx_hal_eth.o
    0x080025e0   0x00000028   Code   RO          893    i.ETH_MACReceptionEnable  stm32f4xx_hal_eth.o
    0x08002608   0x00000028   Code   RO          895    i.ETH_MACTransmissionEnable  stm32f4xx_hal_eth.o
    0x08002630   0x0000006c   Code   RO         4316    i.ETH_Malloc        bsp_lan8720.o
    0x0800269c   0x00000014   Code   RO         4317    i.ETH_NVICConfig    bsp_lan8720.o
    0x080026b0   0x00000028   Code   RO         1589    i.HAL_DMA_Abort_IT  stm32f4xx_hal_dma.o
    0x080026d8   0x00000248   Code   RO         1593    i.HAL_DMA_IRQHandler  stm32f4xx_hal_dma.o
    0x08002920   0x0000000a   Code   RO          382    i.HAL_Delay         stm32f4xx_hal_msp.o
    0x0800292a   0x0000008c   Code   RO          898    i.HAL_ETH_DMARxDescListInit  stm32f4xx_hal_eth.o
    0x080029b6   0x00000084   Code   RO          899    i.HAL_ETH_DMATxDescListInit  stm32f4xx_hal_eth.o
    0x08002a3a   0x00000020   Code   RO          900    i.HAL_ETH_DeInit    stm32f4xx_hal_eth.o
    0x08002a5a   0x000000b2   Code   RO          902    i.HAL_ETH_GetReceivedFrame  stm32f4xx_hal_eth.o
    0x08002b0c   0x0000029c   Code   RO          906    i.HAL_ETH_Init      stm32f4xx_hal_eth.o
    0x08002da8   0x00000068   Code   RO         4318    i.HAL_ETH_MspDeInit  bsp_lan8720.o
    0x08002e10   0x00000190   Code   RO         4319    i.HAL_ETH_MspInit   bsp_lan8720.o
    0x08002fa0   0x00000092   Code   RO          909    i.HAL_ETH_ReadPHYRegister  stm32f4xx_hal_eth.o
    0x08003032   0x00000052   Code   RO          911    i.HAL_ETH_Start     stm32f4xx_hal_eth.o
    0x08003084   0x0000013e   Code   RO          913    i.HAL_ETH_TransmitFrame  stm32f4xx_hal_eth.o
    0x080031c2   0x00000090   Code   RO          915    i.HAL_ETH_WritePHYRegister  stm32f4xx_hal_eth.o
    0x08003252   0x00000002   PAD
    0x08003254   0x00000164   Code   RO         1082    i.HAL_GPIO_DeInit   stm32f4xx_hal_gpio.o
    0x080033b8   0x00000200   Code   RO         1085    i.HAL_GPIO_Init     stm32f4xx_hal_gpio.o
    0x080035b8   0x0000000c   Code   RO         1089    i.HAL_GPIO_WritePin  stm32f4xx_hal_gpio.o
    0x080035c4   0x0000000c   Code   RO          604    i.HAL_GetTick       stm32f4xx_hal.o
    0x080035d0   0x0000000e   Code   RO         8030    i.HAL_HCD_Connect_Callback  usbh_conf.o
    0x080035de   0x0000000e   Code   RO         8031    i.HAL_HCD_Disconnect_Callback  usbh_conf.o
    0x080035ec   0x00000002   Code   RO         8032    i.HAL_HCD_HC_NotifyURBChange_Callback  usbh_conf.o
    0x080035ee   0x00000166   Code   RO         1949    i.HAL_HCD_IRQHandler  stm32f4xx_hal_hcd.o
    0x08003754   0x0000000e   Code   RO         8035    i.HAL_HCD_SOF_Callback  usbh_conf.o
    0x08003762   0x00000036   Code   RO         1955    i.HAL_HCD_Start     stm32f4xx_hal_hcd.o
    0x08003798   0x0000002e   Code   RO         1956    i.HAL_HCD_Stop      stm32f4xx_hal_hcd.o
    0x080037c6   0x00000002   PAD
    0x080037c8   0x00000010   Code   RO          606    i.HAL_IncTick       stm32f4xx_hal.o
    0x080037d8   0x0000003c   Code   RO          607    i.HAL_Init          stm32f4xx_hal.o
    0x08003814   0x00000028   Code   RO          608    i.HAL_InitTick      stm32f4xx_hal.o
    0x0800383c   0x00000056   Code   RO          383    i.HAL_MspInit       stm32f4xx_hal_msp.o
    0x08003892   0x00000002   PAD
    0x08003894   0x0000001c   Code   RO          748    i.HAL_NVIC_DisableIRQ  stm32f4xx_hal_cortex.o
    0x080038b0   0x0000001a   Code   RO          749    i.HAL_NVIC_EnableIRQ  stm32f4xx_hal_cortex.o
    0x080038ca   0x0000007c   Code   RO          755    i.HAL_NVIC_SetPriority  stm32f4xx_hal_cortex.o
    0x08003946   0x00000002   PAD
    0x08003948   0x00000028   Code   RO          756    i.HAL_NVIC_SetPriorityGrouping  stm32f4xx_hal_cortex.o
    0x08003970   0x0000000a   Code   RO         1906    i.HAL_PCDEx_SetRxFiFo  stm32f4xx_hal_pcd_ex.o
    0x0800397a   0x00000052   Code   RO         1907    i.HAL_PCDEx_SetTxFiFo  stm32f4xx_hal_pcd_ex.o
    0x080039cc   0x0000000e   Code   RO         8678    i.HAL_PCD_ConnectCallback  usbd_conf.o
    0x080039da   0x00000020   Code   RO         8679    i.HAL_PCD_DataInStageCallback  usbd_conf.o
    0x080039fa   0x00000020   Code   RO         8680    i.HAL_PCD_DataOutStageCallback  usbd_conf.o
    0x08003a1a   0x0000000e   Code   RO         8681    i.HAL_PCD_DisconnectCallback  usbd_conf.o
    0x08003a28   0x0000006a   Code   RO         1700    i.HAL_PCD_EP_Close  stm32f4xx_hal_pcd.o
    0x08003a92   0x00000068   Code   RO         1701    i.HAL_PCD_EP_ClrStall  stm32f4xx_hal_pcd.o
    0x08003afa   0x00000018   Code   RO         1703    i.HAL_PCD_EP_GetRxCount  stm32f4xx_hal_pcd.o
    0x08003b12   0x0000008c   Code   RO         1704    i.HAL_PCD_EP_Open   stm32f4xx_hal_pcd.o
    0x08003b9e   0x00000058   Code   RO         1705    i.HAL_PCD_EP_Receive  stm32f4xx_hal_pcd.o
    0x08003bf6   0x0000007a   Code   RO         1706    i.HAL_PCD_EP_SetStall  stm32f4xx_hal_pcd.o
    0x08003c70   0x0000005a   Code   RO         1707    i.HAL_PCD_EP_Transmit  stm32f4xx_hal_pcd.o
    0x08003cca   0x00000002   PAD
    0x08003ccc   0x00000694   Code   RO         1709    i.HAL_PCD_IRQHandler  stm32f4xx_hal_pcd.o
    0x08004360   0x00000012   Code   RO         8682    i.HAL_PCD_ISOINIncompleteCallback  usbd_conf.o
    0x08004372   0x00000012   Code   RO         8683    i.HAL_PCD_ISOOUTIncompleteCallback  usbd_conf.o
    0x08004384   0x00000142   Code   RO         1712    i.HAL_PCD_Init      stm32f4xx_hal_pcd.o
    0x080044c6   0x00000002   PAD
    0x080044c8   0x000000a0   Code   RO         8685    i.HAL_PCD_MspInit   usbd_conf.o
    0x08004568   0x00000032   Code   RO         8686    i.HAL_PCD_ResetCallback  usbd_conf.o
    0x0800459a   0x0000000e   Code   RO         8687    i.HAL_PCD_ResumeCallback  usbd_conf.o
    0x080045a8   0x0000000e   Code   RO         8688    i.HAL_PCD_SOFCallback  usbd_conf.o
    0x080045b6   0x00000032   Code   RO         1718    i.HAL_PCD_SetAddress  stm32f4xx_hal_pcd.o
    0x080045e8   0x00000012   Code   RO         8689    i.HAL_PCD_SetupStageCallback  usbd_conf.o
    0x080045fa   0x00000034   Code   RO         1720    i.HAL_PCD_Start     stm32f4xx_hal_pcd.o
    0x0800462e   0x00000002   PAD
    0x08004630   0x00000034   Code   RO         8690    i.HAL_PCD_SuspendCallback  usbd_conf.o
    0x08004664   0x000001b8   Code   RO         3138    i.HAL_RCCEx_PeriphCLKConfig  stm32f4xx_hal_rcc_ex.o
    0x0800481c   0x000001d0   Code   RO         1149    i.HAL_RCC_ClockConfig  stm32f4xx_hal_rcc.o
    0x080049ec   0x0000000c   Code   RO         1154    i.HAL_RCC_GetHCLKFreq  stm32f4xx_hal_rcc.o
    0x080049f8   0x000000b4   Code   RO         1158    i.HAL_RCC_GetSysClockFreq  stm32f4xx_hal_rcc.o
    0x08004aac   0x0000044c   Code   RO         1161    i.HAL_RCC_OscConfig  stm32f4xx_hal_rcc.o
    0x08004ef8   0x00000002   Code   RO         3179    i.HAL_SD_AbortCallback  stm32f4xx_hal_sd.o
    0x08004efa   0x00000002   Code   RO         3184    i.HAL_SD_ErrorCallback  stm32f4xx_hal_sd.o
    0x08004efc   0x00000028   Code   RO         3188    i.HAL_SD_GetCardState  stm32f4xx_hal_sd.o
    0x08004f24   0x00000200   Code   RO         3192    i.HAL_SD_IRQHandler  stm32f4xx_hal_sd.o
    0x08005124   0x00000002   Code   RO         3200    i.HAL_SD_RxCpltCallback  stm32f4xx_hal_sd.o
    0x08005126   0x00000002   Code   RO         3201    i.HAL_SD_TxCpltCallback  stm32f4xx_hal_sd.o
    0x08005128   0x00000028   Code   RO          758    i.HAL_SYSTICK_CLKSourceConfig  stm32f4xx_hal_cortex.o
    0x08005150   0x00000034   Code   RO          760    i.HAL_SYSTICK_Config  stm32f4xx_hal_cortex.o
    0x08005184   0x000004f2   Code   RO         1957    i.HCD_HC_IN_IRQHandler  stm32f4xx_hal_hcd.o
    0x08005676   0x000004d0   Code   RO         1958    i.HCD_HC_OUT_IRQHandler  stm32f4xx_hal_hcd.o
    0x08005b46   0x000000d2   Code   RO         1959    i.HCD_Port_IRQHandler  stm32f4xx_hal_hcd.o
    0x08005c18   0x00000108   Code   RO         1960    i.HCD_RXQLVL_IRQHandler  stm32f4xx_hal_hcd.o
    0x08005d20   0x00000004   Code   RO          436    i.HardFault_Handler  stm32f4xx_it.o
    0x08005d24   0x00000010   Code   RO         3988    i.IsKeyDownPress    bsp_key.o
    0x08005d34   0x00000014   Code   RO         3989    i.IsKeyOkPress      bsp_key.o
    0x08005d48   0x00000010   Code   RO         3990    i.IsKeyUpPress      bsp_key.o
    0x08005d58   0x00000034   Code   RO         8588    i.MX_USB_DEVICE_Init  usb_device.o
    0x08005d8c   0x00000004   Code   RO          437    i.MemManage_Handler  stm32f4xx_it.o
    0x08005d90   0x00000012   Code   RO         5869    i.Mem_Clr           lib_mem.o
    0x08005da2   0x00000054   Code   RO         5885    i.Mem_Set           lib_mem.o
    0x08005df6   0x00000002   Code   RO          438    i.NMI_Handler       stm32f4xx_it.o
    0x08005df8   0x00000010   Code   RO          762    i.NVIC_GetPriorityGrouping  stm32f4xx_hal_cortex.o
    0x08005e08   0x00000028   Code   RO          763    i.NVIC_SetPriority  stm32f4xx_hal_cortex.o
    0x08005e30   0x000000fc   Code   RO         6138    i.OSCfg_Init        os_cfg_app.o
    0x08005f2c   0x00000014   Code   RO         7259    i.OSIdleTaskHook    os_cpu_c.o
    0x08005f40   0x0000018c   Code   RO         6161    i.OSInit            os_core.o
    0x080060cc   0x00000028   Code   RO         7260    i.OSInitHook        os_cpu_c.o
    0x080060f4   0x0000002c   Code   RO         6162    i.OSIntEnter        os_core.o
    0x08006120   0x000000dc   Code   RO         6163    i.OSIntExit         os_core.o
    0x080061fc   0x000000cc   Code   RO         6717    i.OSQCreate         os_q.o
    0x080062c8   0x00000208   Code   RO         6720    i.OSQPend           os_q.o
    0x080064d0   0x000000b8   Code   RO         6722    i.OSQPost           os_q.o
    0x08006588   0x000000a0   Code   RO         6164    i.OSSched           os_core.o
    0x08006628   0x00000074   Code   RO         6165    i.OSSchedLock       os_core.o
    0x0800669c   0x00000064   Code   RO         6166    i.OSSchedRoundRobinCfg  os_core.o
    0x08006700   0x00000094   Code   RO         6168    i.OSSchedUnlock     os_core.o
    0x08006794   0x000000bc   Code   RO         6789    i.OSSemCreate       os_sem.o
    0x08006850   0x000001e0   Code   RO         6791    i.OSSemPend         os_sem.o
    0x08006a30   0x00000098   Code   RO         6793    i.OSSemPost         os_sem.o
    0x08006ac8   0x00000068   Code   RO         6169    i.OSStart           os_core.o
    0x08006b30   0x00000138   Code   RO         6861    i.OSStatReset       os_stat.o
    0x08006c68   0x000000f0   Code   RO         6862    i.OSStatTaskCPUUsageInit  os_stat.o
    0x08006d58   0x00000014   Code   RO         7261    i.OSStatTaskHook    os_cpu_c.o
    0x08006d6c   0x0000025c   Code   RO         6892    i.OSTaskCreate      os_task.o
    0x08006fc8   0x00000018   Code   RO         7262    i.OSTaskCreateHook  os_cpu_c.o
    0x08006fe0   0x000001c4   Code   RO         6893    i.OSTaskDel         os_task.o
    0x080071a4   0x00000018   Code   RO         7263    i.OSTaskDelHook     os_cpu_c.o
    0x080071bc   0x0000007c   Code   RO         6901    i.OSTaskResume      os_task.o
    0x08007238   0x00000018   Code   RO         7264    i.OSTaskReturnHook  os_cpu_c.o
    0x08007250   0x00000214   Code   RO         6902    i.OSTaskSemPend     os_task.o
    0x08007464   0x000000d4   Code   RO         6906    i.OSTaskStkChk      os_task.o
    0x08007538   0x0000025c   Code   RO         7265    i.OSTaskStkInit     os_cpu_c.o
    0x08007794   0x00000060   Code   RO         6907    i.OSTaskSuspend     os_task.o
    0x080077f4   0x00000088   Code   RO         7266    i.OSTaskSwHook      os_cpu_c.o
    0x0800787c   0x00000118   Code   RO         7107    i.OSTimeDly         os_time.o
    0x08007994   0x000001f0   Code   RO         7108    i.OSTimeDlyHMSM     os_time.o
    0x08007b84   0x00000034   Code   RO         7110    i.OSTimeGet         os_time.o
    0x08007bb8   0x00000044   Code   RO         7112    i.OSTimeTick        os_time.o
    0x08007bfc   0x00000014   Code   RO         7267    i.OSTimeTickHook    os_cpu_c.o
    0x08007c10   0x000001b0   Code   RO         6407    i.OS_Dbg_Init       os_dbg.o
    0x08007dc0   0x00000018   Code   RO         6432    i.OS_FlagInit       os_flag.o
    0x08007dd8   0x00000230   Code   RO         6433    i.OS_FlagPost       os_flag.o
    0x08008008   0x00000056   Code   RO         6434    i.OS_FlagTaskRdy    os_flag.o
    0x0800805e   0x00000002   PAD
    0x08008060   0x00000044   Code   RO         6171    i.OS_IdleTask       os_core.o
    0x080080a4   0x00000070   Code   RO         6172    i.OS_IdleTaskInit   os_core.o
    0x08008114   0x000000fc   Code   RO         6506    i.OS_IntQPost       os_int.o
    0x08008210   0x000001a4   Code   RO         6507    i.OS_IntQRePost     os_int.o
    0x080083b4   0x000000b4   Code   RO         6508    i.OS_IntQTask       os_int.o
    0x08008468   0x00000128   Code   RO         6509    i.OS_IntQTaskInit   os_int.o
    0x08008590   0x00000018   Code   RO         6540    i.OS_MemInit        os_mem.o
    0x080085a8   0x00000036   Code   RO         6572    i.OS_MsgPoolCreate  os_msg.o
    0x080085de   0x00000002   PAD
    0x080085e0   0x00000054   Code   RO         6573    i.OS_MsgPoolInit    os_msg.o
    0x08008634   0x00000044   Code   RO         6574    i.OS_MsgQFreeAll    os_msg.o
    0x08008678   0x00000068   Code   RO         6575    i.OS_MsgQGet        os_msg.o
    0x080086e0   0x0000000e   Code   RO         6576    i.OS_MsgQInit       os_msg.o
    0x080086ee   0x00000002   PAD
    0x080086f0   0x000000fc   Code   RO         6577    i.OS_MsgQPut        os_msg.o
    0x080087ec   0x00000018   Code   RO         6622    i.OS_MutexInit      os_mutex.o
    0x08008804   0x00000068   Code   RO         6173    i.OS_Pend           os_core.o
    0x0800886c   0x00000026   Code   RO         6176    i.OS_PendDataInit   os_core.o
    0x08008892   0x00000002   PAD
    0x08008894   0x0000005c   Code   RO         6177    i.OS_PendDbgNameAdd  os_core.o
    0x080088f0   0x00000024   Code   RO         6178    i.OS_PendDbgNameRemove  os_core.o
    0x08008914   0x0000000a   Code   RO         6180    i.OS_PendListInit   os_core.o
    0x0800891e   0x00000066   Code   RO         6182    i.OS_PendListInsertPrio  os_core.o
    0x08008984   0x00000030   Code   RO         6183    i.OS_PendListRemove  os_core.o
    0x080089b4   0x00000042   Code   RO         6184    i.OS_PendListRemove1  os_core.o
    0x080089f6   0x000000c0   Code   RO         6187    i.OS_Post           os_core.o
    0x08008ab6   0x0000002a   Code   RO         6188    i.OS_Post1          os_core.o
    0x08008ae0   0x00000028   Code   RO         6680    i.OS_PrioGetHighest  os_prio.o
    0x08008b08   0x00000018   Code   RO         6681    i.OS_PrioInit       os_prio.o
    0x08008b20   0x00000024   Code   RO         6682    i.OS_PrioInsert     os_prio.o
    0x08008b44   0x00000024   Code   RO         6683    i.OS_PrioRemove     os_prio.o
    0x08008b68   0x00000030   Code   RO         6724    i.OS_QDbgListAdd    os_q.o
    0x08008b98   0x00000018   Code   RO         6726    i.OS_QInit          os_q.o
    0x08008bb0   0x0000014c   Code   RO         6727    i.OS_QPost          os_q.o
    0x08008cfc   0x00000024   Code   RO         6189    i.OS_RdyListInit    os_core.o
    0x08008d20   0x0000002c   Code   RO         6190    i.OS_RdyListInsert  os_core.o
    0x08008d4c   0x00000040   Code   RO         6191    i.OS_RdyListInsertHead  os_core.o
    0x08008d8c   0x0000003c   Code   RO         6192    i.OS_RdyListInsertTail  os_core.o
    0x08008dc8   0x00000044   Code   RO         6193    i.OS_RdyListMoveHeadToTail  os_core.o
    0x08008e0c   0x0000005c   Code   RO         6194    i.OS_RdyListRemove  os_core.o
    0x08008e68   0x00000054   Code   RO         6195    i.OS_Sched0         os_core.o
    0x08008ebc   0x0000001c   Code   RO         6196    i.OS_SchedLockTimeMeasStart  os_core.o
    0x08008ed8   0x0000003c   Code   RO         6197    i.OS_SchedLockTimeMeasStop  os_core.o
    0x08008f14   0x000000d0   Code   RO         6198    i.OS_SchedRoundRobin  os_core.o
    0x08008fe4   0x00000030   Code   RO         6796    i.OS_SemDbgListAdd  os_sem.o
    0x08009014   0x00000018   Code   RO         6798    i.OS_SemInit        os_sem.o
    0x0800902c   0x00000164   Code   RO         6799    i.OS_SemPost        os_sem.o
    0x08009190   0x0000035c   Code   RO         6863    i.OS_StatTask       os_stat.o
    0x080094ec   0x000000cc   Code   RO         6864    i.OS_StatTaskInit   os_stat.o
    0x080095b8   0x00000038   Code   RO         6199    i.OS_TaskBlock      os_core.o
    0x080095f0   0x00000030   Code   RO         6909    i.OS_TaskDbgListAdd  os_task.o
    0x08009620   0x00000044   Code   RO         6910    i.OS_TaskDbgListRemove  os_task.o
    0x08009664   0x00000020   Code   RO         6911    i.OS_TaskInit       os_task.o
    0x08009684   0x000000c8   Code   RO         6912    i.OS_TaskInitTCB    os_task.o
    0x0800974c   0x0000020c   Code   RO         6913    i.OS_TaskQPost      os_task.o
    0x08009958   0x0000001c   Code   RO         6200    i.OS_TaskRdy        os_core.o
    0x08009974   0x00000140   Code   RO         6914    i.OS_TaskResume     os_task.o
    0x08009ab4   0x00000018   Code   RO         6915    i.OS_TaskReturn     os_task.o
    0x08009acc   0x000004c4   Code   RO         6916    i.OS_TaskSemPost    os_task.o
    0x08009f90   0x00000150   Code   RO         6917    i.OS_TaskSuspend    os_task.o
    0x0800a0e0   0x00000028   Code   RO         7059    i.OS_TickListInit   os_tick.o
    0x0800a108   0x000001bc   Code   RO         7060    i.OS_TickListInsert  os_tick.o
    0x0800a2c4   0x00000038   Code   RO         7061    i.OS_TickListRemove  os_tick.o
    0x0800a2fc   0x00000024   Code   RO         7062    i.OS_TickListResetPeak  os_tick.o
    0x0800a320   0x000001f8   Code   RO         7063    i.OS_TickListUpdate  os_tick.o
    0x0800a518   0x0000002c   Code   RO         7064    i.OS_TickTask       os_tick.o
    0x0800a544   0x000000b8   Code   RO         7065    i.OS_TickTaskInit   os_tick.o
    0x0800a5fc   0x00000128   Code   RO         7158    i.OS_TmrInit        os_tmr.o
    0x0800a724   0x000000d0   Code   RO         7159    i.OS_TmrLink        os_tmr.o
    0x0800a7f4   0x00000024   Code   RO         7160    i.OS_TmrResetPeak   os_tmr.o
    0x0800a818   0x000000c0   Code   RO         7161    i.OS_TmrTask        os_tmr.o
    0x0800a8d8   0x00000050   Code   RO         7162    i.OS_TmrUnlink      os_tmr.o
    0x0800a928   0x00000010   Code   RO          439    i.OTG_FS_IRQHandler  stm32f4xx_it.o
    0x0800a938   0x00000010   Code   RO          440    i.OTG_HS_IRQHandler  stm32f4xx_it.o
    0x0800a948   0x000000a2   Code   RO         1723    i.PCD_WriteEmptyTxFifo  stm32f4xx_hal_pcd.o
    0x0800a9ea   0x00000008   Code   RO         3663    i.SDIO_GetCommandResponse  stm32f4xx_ll_sdmmc.o
    0x0800a9f2   0x00000016   Code   RO         3667    i.SDIO_GetResponse  stm32f4xx_ll_sdmmc.o
    0x0800aa08   0x00000010   Code   RO         4771    i.SDIO_IRQHandler   bsp_sdcard.o
    0x0800aa18   0x00000008   Code   RO         3671    i.SDIO_ReadFIFO     stm32f4xx_ll_sdmmc.o
    0x0800aa20   0x00000028   Code   RO         3672    i.SDIO_SendCommand  stm32f4xx_ll_sdmmc.o
    0x0800aa48   0x0000000c   Code   RO         3674    i.SDIO_WriteFIFO    stm32f4xx_ll_sdmmc.o
    0x0800aa54   0x0000003a   Code   RO         3693    i.SDMMC_CmdSendStatus  stm32f4xx_ll_sdmmc.o
    0x0800aa8e   0x00000002   PAD
    0x0800aa90   0x0000003c   Code   RO         3696    i.SDMMC_CmdStopTransfer  stm32f4xx_ll_sdmmc.o
    0x0800aacc   0x000001a4   Code   RO         3701    i.SDMMC_GetCmdResp1  stm32f4xx_ll_sdmmc.o
    0x0800ac70   0x0000004c   Code   RO         3207    i.SD_DMARxAbort     stm32f4xx_hal_sd.o
    0x0800acbc   0x0000004c   Code   RO         3209    i.SD_DMATxAbort     stm32f4xx_hal_sd.o
    0x0800ad08   0x00000026   Code   RO         3214    i.SD_Read_IT        stm32f4xx_hal_sd.o
    0x0800ad2e   0x00000032   Code   RO         3216    i.SD_SendStatus     stm32f4xx_hal_sd.o
    0x0800ad60   0x00000026   Code   RO         3219    i.SD_Write_IT       stm32f4xx_hal_sd.o
    0x0800ad86   0x00000002   Code   RO          441    i.SVC_Handler       stm32f4xx_it.o
    0x0800ad88   0x00000008   Code   RO         4077    i.SysTick_Handler   bsp_timer.o
    0x0800ad90   0x00000060   Code   RO         4078    i.SysTick_ISR       bsp_timer.o
    0x0800adf0   0x000000d0   Code   RO          386    i.SystemClock_Config  stm32f4xx_hal_msp.o
    0x0800aec0   0x00000064   Code   RO          511    i.SystemInit        system_stm32f4xx.o
    0x0800af24   0x0000001a   Code   RO         8479    i.USBD_CDC_DataIn   usbd_cdc.o
    0x0800af3e   0x00000034   Code   RO         8480    i.USBD_CDC_DataOut  usbd_cdc.o
    0x0800af72   0x00000040   Code   RO         8481    i.USBD_CDC_DeInit   usbd_cdc.o
    0x0800afb2   0x00000032   Code   RO         8482    i.USBD_CDC_EP0_RxReady  usbd_cdc.o
    0x0800afe4   0x00000010   Code   RO         8483    i.USBD_CDC_GetDeviceQualifierDescriptor  usbd_cdc.o
    0x0800aff4   0x00000010   Code   RO         8484    i.USBD_CDC_GetFSCfgDesc  usbd_cdc.o
    0x0800b004   0x00000010   Code   RO         8485    i.USBD_CDC_GetHSCfgDesc  usbd_cdc.o
    0x0800b014   0x00000010   Code   RO         8486    i.USBD_CDC_GetOtherSpeedCfgDesc  usbd_cdc.o
    0x0800b024   0x000000a6   Code   RO         8487    i.USBD_CDC_Init     usbd_cdc.o
    0x0800b0ca   0x0000003a   Code   RO         8488    i.USBD_CDC_ReceivePacket  usbd_cdc.o
    0x0800b104   0x0000000e   Code   RO         8489    i.USBD_CDC_RegisterInterface  usbd_cdc.o
    0x0800b112   0x0000000e   Code   RO         8490    i.USBD_CDC_SetRxBuffer  usbd_cdc.o
    0x0800b120   0x00000014   Code   RO         8491    i.USBD_CDC_SetTxBuffer  usbd_cdc.o
    0x0800b134   0x00000090   Code   RO         8492    i.USBD_CDC_Setup    usbd_cdc.o
    0x0800b1c4   0x00000038   Code   RO         8493    i.USBD_CDC_TransmitPacket  usbd_cdc.o
    0x0800b1fc   0x00000016   Code   RO         8341    i.USBD_ClrClassConfig  usbd_core.o
    0x0800b212   0x00000044   Code   RO         8246    i.USBD_ClrFeature   usbd_ctlreq.o
    0x0800b256   0x00000018   Code   RO         8177    i.USBD_CtlContinueRx  usbd_ioreq.o
    0x0800b26e   0x00000018   Code   RO         8178    i.USBD_CtlContinueSendData  usbd_ioreq.o
    0x0800b286   0x00000018   Code   RO         8247    i.USBD_CtlError     usbd_ctlreq.o
    0x0800b29e   0x00000028   Code   RO         8179    i.USBD_CtlPrepareRx  usbd_ioreq.o
    0x0800b2c6   0x0000001a   Code   RO         8180    i.USBD_CtlReceiveStatus  usbd_ioreq.o
    0x0800b2e0   0x00000022   Code   RO         8181    i.USBD_CtlSendData  usbd_ioreq.o
    0x0800b302   0x0000001a   Code   RO         8182    i.USBD_CtlSendStatus  usbd_ioreq.o
    0x0800b31c   0x00000034   Code   RO         8867    i.USBD_FS_ConfigStrDescriptor  usbd_desc.o
    0x0800b350   0x00000010   Code   RO         8868    i.USBD_FS_DeviceDescriptor  usbd_desc.o
    0x0800b360   0x00000038   Code   RO         8869    i.USBD_FS_InterfaceStrDescriptor  usbd_desc.o
    0x0800b398   0x00000010   Code   RO         8870    i.USBD_FS_LangIDStrDescriptor  usbd_desc.o
    0x0800b3a8   0x0000002c   Code   RO         8871    i.USBD_FS_ManufacturerStrDescriptor  usbd_desc.o
    0x0800b3d4   0x00000040   Code   RO         8872    i.USBD_FS_ProductStrDescriptor  usbd_desc.o
    0x0800b414   0x00000038   Code   RO         8873    i.USBD_FS_SerialStrDescriptor  usbd_desc.o
    0x0800b44c   0x00000050   Code   RO         8248    i.USBD_GetConfig    usbd_ctlreq.o
    0x0800b49c   0x00000148   Code   RO         8249    i.USBD_GetDescriptor  usbd_ctlreq.o
    0x0800b5e4   0x00000014   Code   RO         8250    i.USBD_GetLen       usbd_ctlreq.o
    0x0800b5f8   0x00000044   Code   RO         8251    i.USBD_GetStatus    usbd_ctlreq.o
    0x0800b63c   0x00000052   Code   RO         8252    i.USBD_GetString    usbd_ctlreq.o
    0x0800b68e   0x00000032   Code   RO         8343    i.USBD_Init         usbd_core.o
    0x0800b6c0   0x00000044   Code   RO         8691    i.USBD_LL_ClearStallEP  usbd_conf.o
    0x0800b704   0x00000044   Code   RO         8692    i.USBD_LL_CloseEP   usbd_conf.o
    0x0800b748   0x000000da   Code   RO         8344    i.USBD_LL_DataInStage  usbd_core.o
    0x0800b822   0x00000086   Code   RO         8345    i.USBD_LL_DataOutStage  usbd_core.o
    0x0800b8a8   0x00000006   Code   RO         8346    i.USBD_LL_DevConnected  usbd_core.o
    0x0800b8ae   0x0000001a   Code   RO         8347    i.USBD_LL_DevDisconnected  usbd_core.o
    0x0800b8c8   0x00000012   Code   RO         8696    i.USBD_LL_GetRxDataSize  usbd_conf.o
    0x0800b8da   0x00000002   PAD
    0x0800b8dc   0x00000064   Code   RO         8697    i.USBD_LL_Init      usbd_conf.o
    0x0800b940   0x00000038   Code   RO         8698    i.USBD_LL_IsStallEP  usbd_conf.o
    0x0800b978   0x00000006   Code   RO         8348    i.USBD_LL_IsoINIncomplete  usbd_core.o
    0x0800b97e   0x00000006   Code   RO         8349    i.USBD_LL_IsoOUTIncomplete  usbd_core.o
    0x0800b984   0x00000062   Code   RO         8699    i.USBD_LL_OpenEP    usbd_conf.o
    0x0800b9e6   0x00000062   Code   RO         8700    i.USBD_LL_PrepareReceive  usbd_conf.o
    0x0800ba48   0x00000044   Code   RO         8350    i.USBD_LL_Reset     usbd_core.o
    0x0800ba8c   0x0000000e   Code   RO         8351    i.USBD_LL_Resume    usbd_core.o
    0x0800ba9a   0x00000022   Code   RO         8352    i.USBD_LL_SOF       usbd_core.o
    0x0800babc   0x00000008   Code   RO         8353    i.USBD_LL_SetSpeed  usbd_core.o
    0x0800bac4   0x00000044   Code   RO         8701    i.USBD_LL_SetUSBAddress  usbd_conf.o
    0x0800bb08   0x0000006e   Code   RO         8354    i.USBD_LL_SetupStage  usbd_core.o
    0x0800bb76   0x00000044   Code   RO         8702    i.USBD_LL_StallEP   usbd_conf.o
    0x0800bbba   0x0000003c   Code   RO         8703    i.USBD_LL_Start     usbd_conf.o
    0x0800bbf6   0x00000014   Code   RO         8355    i.USBD_LL_Suspend   usbd_core.o
    0x0800bc0a   0x00000062   Code   RO         8705    i.USBD_LL_Transmit  usbd_conf.o
    0x0800bc6c   0x00000028   Code   RO         8253    i.USBD_ParseSetupRequest  usbd_ctlreq.o
    0x0800bc94   0x00000010   Code   RO         8356    i.USBD_RegisterClass  usbd_core.o
    0x0800bca4   0x00000006   Code   RO         8357    i.USBD_RunTestMode  usbd_core.o
    0x0800bcaa   0x00000054   Code   RO         8254    i.USBD_SetAddress   usbd_ctlreq.o
    0x0800bcfe   0x00000022   Code   RO         8358    i.USBD_SetClassConfig  usbd_core.o
    0x0800bd20   0x000000e0   Code   RO         8255    i.USBD_SetConfig    usbd_ctlreq.o
    0x0800be00   0x00000024   Code   RO         8256    i.USBD_SetFeature   usbd_ctlreq.o
    0x0800be24   0x0000000e   Code   RO         8359    i.USBD_Start        usbd_core.o
    0x0800be32   0x00000072   Code   RO         8257    i.USBD_StdDevReq    usbd_ctlreq.o
    0x0800bea4   0x00000156   Code   RO         8258    i.USBD_StdEPReq     usbd_ctlreq.o
    0x0800bffa   0x0000004a   Code   RO         8259    i.USBD_StdItfReq    usbd_ctlreq.o
    0x0800c044   0x0000001e   Code   RO         7739    i.USBH_FreePipe     usbh_pipes.o
    0x0800c062   0x0000001c   Code   RO         7421    i.USBH_HandleSof    usbh_core.o
    0x0800c07e   0x0000002e   Code   RO         7423    i.USBH_LL_Connect   usbh_core.o
    0x0800c0ac   0x0000003e   Code   RO         7424    i.USBH_LL_Disconnect  usbh_core.o
    0x0800c0ea   0x00000016   Code   RO         7425    i.USBH_LL_IncTimer  usbh_core.o
    0x0800c100   0x0000003c   Code   RO         8048    i.USBH_LL_Start     usbh_conf.o
    0x0800c13c   0x0000003c   Code   RO         8049    i.USBH_LL_Stop      usbh_conf.o
    0x0800c178   0x000000c4   Code   RO         2101    i.USB_ActivateEndpoint  stm32f4xx_ll_usb.o
    0x0800c23c   0x00000044   Code   RO         2102    i.USB_ActivateSetup  stm32f4xx_ll_usb.o
    0x0800c280   0x00000070   Code   RO         2104    i.USB_CoreInit      stm32f4xx_ll_usb.o
    0x0800c2f0   0x0000004c   Code   RO         2105    i.USB_CoreReset     stm32f4xx_ll_usb.o
    0x0800c33c   0x0000010c   Code   RO         2107    i.USB_DeactivateEndpoint  stm32f4xx_ll_usb.o
    0x0800c448   0x0000001e   Code   RO         2108    i.USB_DevConnect    stm32f4xx_ll_usb.o
    0x0800c466   0x0000001e   Code   RO         2109    i.USB_DevDisconnect  stm32f4xx_ll_usb.o
    0x0800c484   0x000001a0   Code   RO         2110    i.USB_DevInit       stm32f4xx_ll_usb.o
    0x0800c624   0x0000000e   Code   RO         2111    i.USB_DisableGlobalInt  stm32f4xx_ll_usb.o
    0x0800c632   0x00000044   Code   RO         2113    i.USB_DriveVbus     stm32f4xx_ll_usb.o
    0x0800c676   0x00000002   PAD
    0x0800c678   0x000001ac   Code   RO         2114    i.USB_EP0StartXfer  stm32f4xx_ll_usb.o
    0x0800c824   0x00000044   Code   RO         2115    i.USB_EP0_OutStart  stm32f4xx_ll_usb.o
    0x0800c868   0x00000088   Code   RO         2116    i.USB_EPClearStall  stm32f4xx_ll_usb.o
    0x0800c8f0   0x0000008c   Code   RO         2117    i.USB_EPSetStall    stm32f4xx_ll_usb.o
    0x0800c97c   0x000002d0   Code   RO         2118    i.USB_EPStartXfer   stm32f4xx_ll_usb.o
    0x0800cc4c   0x0000000e   Code   RO         2119    i.USB_EnableGlobalInt  stm32f4xx_ll_usb.o
    0x0800cc5a   0x00000002   PAD
    0x0800cc5c   0x0000002c   Code   RO         2120    i.USB_FlushRxFifo   stm32f4xx_ll_usb.o
    0x0800cc88   0x00000030   Code   RO         2121    i.USB_FlushTxFifo   stm32f4xx_ll_usb.o
    0x0800ccb8   0x00000044   Code   RO         2123    i.USB_GetDevSpeed   stm32f4xx_ll_usb.o
    0x0800ccfc   0x0000000a   Code   RO         2125    i.USB_GetMode       stm32f4xx_ll_usb.o
    0x0800cd06   0x00000148   Code   RO         2126    i.USB_HC_Halt       stm32f4xx_ll_usb.o
    0x0800ce4e   0x0000000c   Code   RO         2128    i.USB_HC_ReadInterrupt  stm32f4xx_ll_usb.o
    0x0800ce5a   0x0000003e   Code   RO         2131    i.USB_InitFSLSPClkSel  stm32f4xx_ll_usb.o
    0x0800ce98   0x00000012   Code   RO         2132    i.USB_ReadDevAllInEpInterrupt  stm32f4xx_ll_usb.o
    0x0800ceaa   0x00000012   Code   RO         2133    i.USB_ReadDevAllOutEpInterrupt  stm32f4xx_ll_usb.o
    0x0800cebc   0x0000002c   Code   RO         2134    i.USB_ReadDevInEPInterrupt  stm32f4xx_ll_usb.o
    0x0800cee8   0x00000016   Code   RO         2135    i.USB_ReadDevOutEPInterrupt  stm32f4xx_ll_usb.o
    0x0800cefe   0x0000000c   Code   RO         2136    i.USB_ReadInterrupts  stm32f4xx_ll_usb.o
    0x0800cf0a   0x00000022   Code   RO         2137    i.USB_ReadPacket    stm32f4xx_ll_usb.o
    0x0800cf2c   0x00000030   Code   RO         2139    i.USB_SetCurrentMode  stm32f4xx_ll_usb.o
    0x0800cf5c   0x00000024   Code   RO         2140    i.USB_SetDevAddress  stm32f4xx_ll_usb.o
    0x0800cf80   0x00000010   Code   RO         2141    i.USB_SetDevSpeed   stm32f4xx_ll_usb.o
    0x0800cf90   0x000000ae   Code   RO         2143    i.USB_StopHost      stm32f4xx_ll_usb.o
    0x0800d03e   0x00000030   Code   RO         2144    i.USB_WritePacket   stm32f4xx_ll_usb.o
    0x0800d06e   0x00000004   Code   RO          442    i.UsageFault_Handler  stm32f4xx_it.o
    0x0800d072   0x00000030   Code   RO        12355    i.__ARM_fpclassify  m_wm.l(fpclassify.o)
    0x0800d0a2   0x00000006   Code   RO         4079    i.__set_PRIMASK     bsp_timer.o
    0x0800d0a8   0x00000006   Code   RO        10331    i.__set_PRIMASK     ethernetif.o
    0x0800d0ae   0x0000000e   Code   RO        12044    i._is_digit         c_w.l(__printf_wp.o)
    0x0800d0bc   0x00000020   Code   RO        10064    i.arp_timer         timers.o
    0x0800d0dc   0x0000000c   Code   RO         3992    i.bsp_key_Config    bsp_key.o
    0x0800d0e8   0x000000c8   Code   RO         3993    i.bsp_key_Detect    bsp_key.o
    0x0800d1b0   0x00000078   Code   RO         3994    i.bsp_key_FIFOConfig  bsp_key.o
    0x0800d228   0x00000088   Code   RO         3995    i.bsp_key_GPIOConfig  bsp_key.o
    0x0800d2b0   0x00000028   Code   RO         3998    i.bsp_key_Put       bsp_key.o
    0x0800d2d8   0x00000018   Code   RO         3999    i.bsp_key_Scan      bsp_key.o
    0x0800d2f0   0x0000010c   Code   RO         4320    i.bsp_lan_Config    bsp_lan8720.o
    0x0800d3fc   0x00000048   Code   RO         4321    i.bsp_lan_GPIOConfig  bsp_lan8720.o
    0x0800d444   0x00000014   Code   RO         3938    i.bsp_led_Config    bsp_led.o
    0x0800d458   0x00000048   Code   RO         3939    i.bsp_led_GPIOConfig  bsp_led.o
    0x0800d4a0   0x0000003c   Code   RO         3940    i.bsp_led_OFF       bsp_led.o
    0x0800d4dc   0x0000003c   Code   RO         3941    i.bsp_led_ON        bsp_led.o
    0x0800d518   0x00000058   Code   RO         3942    i.bsp_led_Toggle    bsp_led.o
    0x0800d570   0x00000058   Code   RO         4231    i.bsp_mem_Config    bsp_malloc.o
    0x0800d5c8   0x00000024   Code   RO         4233    i.bsp_mem_Free      bsp_malloc.o
    0x0800d5ec   0x00000040   Code   RO         4234    i.bsp_mem_GetUsed   bsp_malloc.o
    0x0800d62c   0x0000002c   Code   RO         4235    i.bsp_mem_Malloc    bsp_malloc.o
    0x0800d658   0x00000014   Code   RO         4237    i.bsp_mem_Set       bsp_malloc.o
    0x0800d66c   0x00000070   Code   RO         4238    i.bsp_mem_freeIN    bsp_malloc.o
    0x0800d6dc   0x000000a4   Code   RO         4239    i.bsp_mem_mallocIN  bsp_malloc.o
    0x0800d780   0x00000040   Code   RO         4083    i.bsp_tim_DelayMs   bsp_timer.o
    0x0800d7c0   0x000000cc   Code   RO         4088    i.bsp_tim_SoftConfig  bsp_timer.o
    0x0800d88c   0x000001b0   Code   RO        10227    i.etharp_arp_input  etharp.o
    0x0800da3c   0x000002e0   Code   RO        10230    i.etharp_find_entry  etharp.o
    0x0800dd1c   0x00000078   Code   RO        10231    i.etharp_free_entry  etharp.o
    0x0800dd94   0x000001f8   Code   RO        10232    i.etharp_output     etharp.o
    0x0800df8c   0x00000104   Code   RO        10233    i.etharp_output_to_arp_index  etharp.o
    0x0800e090   0x00000268   Code   RO        10234    i.etharp_query      etharp.o
    0x0800e2f8   0x0000018c   Code   RO        10235    i.etharp_raw        etharp.o
    0x0800e484   0x00000030   Code   RO        10236    i.etharp_request    etharp.o
    0x0800e4b4   0x000000a0   Code   RO        10237    i.etharp_send_ip    etharp.o
    0x0800e554   0x00000094   Code   RO        10238    i.etharp_tmr        etharp.o
    0x0800e5e8   0x00000148   Code   RO        10239    i.etharp_update_arp_entry  etharp.o
    0x0800e730   0x00000134   Code   RO        10240    i.ethernet_input    etharp.o
    0x0800e864   0x000000ac   Code   RO        10332    i.ethernetif_init   ethernetif.o
    0x0800e910   0x0000002e   Code   RO        10333    i.ethernetif_input  ethernetif.o
    0x0800e93e   0x00000012   Code   RO        10637    i.icmp_dest_unreach  icmp.o
    0x0800e950   0x0000035c   Code   RO        10638    i.icmp_input        icmp.o
    0x0800ecac   0x00000114   Code   RO        10639    i.icmp_send_response  icmp.o
    0x0800edc0   0x00000012   Code   RO        10640    i.icmp_time_exceeded  icmp.o
    0x0800edd2   0x00000014   Code   RO        10718    i.inet_chksum       inet_chksum.o
    0x0800ede6   0x00000056   Code   RO        10719    i.inet_chksum_pbuf  inet_chksum.o
    0x0800ee3c   0x000000aa   Code   RO        10720    i.inet_chksum_pseudo  inet_chksum.o
    0x0800eee6   0x0000004e   Code   RO        10816    i.ip4_addr_isbroadcast  ip_addr.o
    0x0800ef34   0x0000022c   Code   RO        10884    i.ip_frag           ip_frag.o
    0x0800f160   0x0000000a   Code   RO        10885    i.ip_frag_alloc_pbuf_custom_ref  ip_frag.o
    0x0800f16a   0x00000002   PAD
    0x0800f16c   0x0000007c   Code   RO        10886    i.ip_frag_free_pbuf_custom_ref  ip_frag.o
    0x0800f1e8   0x000001e0   Code   RO        10765    i.ip_input          ip.o
    0x0800f3c8   0x000000a4   Code   RO        10766    i.ip_output         ip.o
    0x0800f46c   0x000001c4   Code   RO        10767    i.ip_output_if      ip.o
    0x0800f630   0x000001a4   Code   RO        10887    i.ip_reass          ip_frag.o
    0x0800f7d4   0x000002fc   Code   RO        10888    i.ip_reass_chain_frag_into_datagram_and_validate  ip_frag.o
    0x0800fad0   0x000000a4   Code   RO        10889    i.ip_reass_dequeue_datagram  ip_frag.o
    0x0800fb74   0x00000058   Code   RO        10890    i.ip_reass_enqueue_new_datagram  ip_frag.o
    0x0800fbcc   0x000001bc   Code   RO        10891    i.ip_reass_free_complete_datagram  ip_frag.o
    0x0800fd88   0x0000007c   Code   RO        10892    i.ip_reass_remove_oldest_datagram  ip_frag.o
    0x0800fe04   0x00000020   Code   RO        10065    i.ip_reass_timer    timers.o
    0x0800fe24   0x0000003c   Code   RO        10893    i.ip_reass_tmr      ip_frag.o
    0x0800fe60   0x00000058   Code   RO        10768    i.ip_route          ip.o
    0x0800feb8   0x000000ac   Code   RO        10894    i.ipfrag_free_pbuf_custom  ip_frag.o
    0x0800ff64   0x00000088   Code   RO        10334    i.low_level_init    ethernetif.o
    0x0800ffec   0x0000010c   Code   RO        10335    i.low_level_input   ethernetif.o
    0x080100f8   0x000000f4   Code   RO        10336    i.low_level_output  ethernetif.o
    0x080101ec   0x00000030   Code   RO        10410    i.lwip_comm_mem_free  lwip_comm.o
    0x0801021c   0x0000005c   Code   RO        10411    i.lwip_comm_mem_malloc  lwip_comm.o
    0x08010278   0x00000284   Code   RO        10412    i.lwip_config       lwip_comm.o
    0x080104fc   0x00000060   Code   RO        10413    i.lwip_default_info_set  lwip_comm.o
    0x0801055c   0x0000001a   Code   RO         8965    i.lwip_htonl        def.o
    0x08010576   0x0000000c   Code   RO         8966    i.lwip_htons        def.o
    0x08010582   0x00000024   Code   RO         9043    i.lwip_init         init.o
    0x080105a6   0x0000000c   Code   RO         8967    i.lwip_ntohl        def.o
    0x080105b2   0x0000000c   Code   RO         8968    i.lwip_ntohs        def.o
    0x080105be   0x00000002   PAD
    0x080105c0   0x00000010   Code   RO        10414    i.lwip_pkt_handle   lwip_comm.o
    0x080105d0   0x00000002   Code   RO        11437    i.lwip_socket_init  sockets.o
    0x080105d2   0x0000005e   Code   RO        10722    i.lwip_standard_chksum  inet_chksum.o
    0x08010630   0x00000110   Code   RO            4    i.main              main.o
    0x08010740   0x00000158   Code   RO         9145    i.mem_free          mem.o
    0x08010898   0x000000e0   Code   RO         9146    i.mem_init          mem.o
    0x08010978   0x00000278   Code   RO         9147    i.mem_malloc        mem.o
    0x08010bf0   0x000001dc   Code   RO         9148    i.mem_trim          mem.o
    0x08010dcc   0x000000b0   Code   RO         9201    i.memp_free         memp.o
    0x08010e7c   0x00000008   Code   RO         9202    i.memp_get_memorysize  memp.o
    0x08010e84   0x00000068   Code   RO         9203    i.memp_init         memp.o
    0x08010eec   0x000000f0   Code   RO         9204    i.memp_malloc       memp.o
    0x08010fdc   0x000000f8   Code   RO         9270    i.netif_add         netif.o
    0x080110d4   0x00000002   Code   RO         9272    i.netif_init        netif.o
    0x080110d6   0x00000028   Code   RO         9274    i.netif_set_addr    netif.o
    0x080110fe   0x00000002   PAD
    0x08011100   0x00000010   Code   RO         9275    i.netif_set_default  netif.o
    0x08011110   0x00000010   Code   RO         9277    i.netif_set_gw      netif.o
    0x08011120   0x00000084   Code   RO         9278    i.netif_set_ipaddr  netif.o
    0x080111a4   0x00000018   Code   RO         9279    i.netif_set_link_down  netif.o
    0x080111bc   0x00000036   Code   RO         9280    i.netif_set_link_up  netif.o
    0x080111f2   0x00000010   Code   RO         9281    i.netif_set_netmask  netif.o
    0x08011202   0x00000036   Code   RO         9282    i.netif_set_up      netif.o
    0x08011238   0x00000414   Code   RO         9379    i.pbuf_alloc        pbuf.o
    0x0801164c   0x000000f8   Code   RO         9380    i.pbuf_alloced_custom  pbuf.o
    0x08011744   0x00000138   Code   RO         9381    i.pbuf_cat          pbuf.o
    0x0801187c   0x00000012   Code   RO         9383    i.pbuf_clen         pbuf.o
    0x0801188e   0x00000002   PAD
    0x08011890   0x00000220   Code   RO         9385    i.pbuf_copy         pbuf.o
    0x08011ab0   0x0000013c   Code   RO         9386    i.pbuf_copy_partial  pbuf.o
    0x08011bec   0x000001b0   Code   RO         9388    i.pbuf_free         pbuf.o
    0x08011d9c   0x00000040   Code   RO         9389    i.pbuf_free_ooseq   pbuf.o
    0x08011ddc   0x0000000a   Code   RO         9390    i.pbuf_free_ooseq_callback  pbuf.o
    0x08011de6   0x00000002   PAD
    0x08011de8   0x00000144   Code   RO         9392    i.pbuf_header       pbuf.o
    0x08011f2c   0x00000048   Code   RO         9395    i.pbuf_pool_is_empty  pbuf.o
    0x08011f74   0x000001b4   Code   RO         9396    i.pbuf_realloc      pbuf.o
    0x08012128   0x0000001a   Code   RO         9397    i.pbuf_ref          pbuf.o
    0x08012142   0x00000002   PAD
    0x08012144   0x000001a4   Code   RO         9149    i.plug_holes        mem.o
    0x080122e8   0x00000074   Code   RO         9537    i.raw_input         raw.o
    0x0801235c   0x00000100   Code   RO        10485    i.sys_arch_mbox_fetch  sys_arch.o
    0x0801245c   0x00000072   Code   RO        10487    i.sys_arch_sem_wait  sys_arch.o
    0x080124ce   0x00000002   Code   RO        10488    i.sys_init          sys_arch.o
    0x080124d0   0x00000034   Code   RO        10490    i.sys_mbox_new      sys_arch.o
    0x08012504   0x000000c8   Code   RO        10491    i.sys_mbox_post     sys_arch.o
    0x080125cc   0x00000030   Code   RO        10493    i.sys_mbox_trypost  sys_arch.o
    0x080125fc   0x00000024   Code   RO        10494    i.sys_mbox_valid    sys_arch.o
    0x08012620   0x00000098   Code   RO        10498    i.sys_sem_new       sys_arch.o
    0x080126b8   0x0000007c   Code   RO        10500    i.sys_sem_signal    sys_arch.o
    0x08012734   0x00000110   Code   RO        10502    i.sys_thread_new    sys_arch.o
    0x08012844   0x00000138   Code   RO        10066    i.sys_timeout       timers.o
    0x0801297c   0x00000024   Code   RO        10067    i.sys_timeouts_init  timers.o
    0x080129a0   0x00000088   Code   RO        10068    i.sys_timeouts_mbox_fetch  timers.o
    0x08012a28   0x00000060   Code   RO        10069    i.sys_untimeout     timers.o
    0x08012a88   0x0000001c   Code   RO            5    i.task_KeyTask      main.o
    0x08012aa4   0x0000004c   Code   RO            6    i.task_LedTask      main.o
    0x08012af0   0x00000168   Code   RO            7    i.task_LinkCheckTask  main.o
    0x08012c58   0x00000040   Code   RO            8    i.task_PrintTask    main.o
    0x08012c98   0x000001e0   Code   RO            9    i.task_StartTask    main.o
    0x08012e78   0x00000130   Code   RO         9639    i.tcp_abandon       tcp.o
    0x08012fa8   0x0000000e   Code   RO         9640    i.tcp_abort         tcp.o
    0x08012fb6   0x00000002   PAD
    0x08012fb8   0x000000c4   Code   RO         9643    i.tcp_alloc         tcp.o
    0x0801307c   0x0000001c   Code   RO         9646    i.tcp_close         tcp.o
    0x08013098   0x0000023c   Code   RO         9647    i.tcp_close_shutdown  tcp.o
    0x080132d4   0x000000b8   Code   RO         9954    i.tcp_create_segment  tcp_out.o
    0x0801338c   0x0000002e   Code   RO         9650    i.tcp_eff_send_mss  tcp.o
    0x080133ba   0x00000002   PAD
    0x080133bc   0x00000294   Code   RO         9955    i.tcp_enqueue_flags  tcp_out.o
    0x08013650   0x00000080   Code   RO         9652    i.tcp_fasttmr       tcp.o
    0x080136d0   0x00000002   Code   RO         9653    i.tcp_init          tcp.o
    0x080136d2   0x00000002   PAD
    0x080136d4   0x000006c4   Code   RO         9886    i.tcp_input         tcp_in.o
    0x08013d98   0x00000066   Code   RO         9956    i.tcp_keepalive     tcp_out.o
    0x08013dfe   0x00000002   PAD
    0x08013e00   0x00000058   Code   RO         9654    i.tcp_kill_prio     tcp.o
    0x08013e58   0x00000040   Code   RO         9655    i.tcp_kill_timewait  tcp.o
    0x08013e98   0x0000013c   Code   RO         9887    i.tcp_listen_input  tcp_in.o
    0x08013fd4   0x0000001c   Code   RO         9659    i.tcp_next_iss      tcp.o
    0x08013ff0   0x00000090   Code   RO         9888    i.tcp_oos_insert_segment  tcp_in.o
    0x08014080   0x00000274   Code   RO         9957    i.tcp_output        tcp_out.o
    0x080142f4   0x00000108   Code   RO         9958    i.tcp_output_alloc_header  tcp_out.o
    0x080143fc   0x000000ec   Code   RO         9959    i.tcp_output_segment  tcp_out.o
    0x080144e8   0x000000d0   Code   RO         9889    i.tcp_parseopt      tcp_in.o
    0x080145b8   0x0000006a   Code   RO         9660    i.tcp_pcb_purge     tcp.o
    0x08014622   0x00000002   PAD
    0x08014624   0x00000164   Code   RO         9661    i.tcp_pcb_remove    tcp.o
    0x08014788   0x00000688   Code   RO         9890    i.tcp_process       tcp_in.o
    0x08014e10   0x00000098   Code   RO         9663    i.tcp_process_refused_data  tcp.o
    0x08014ea8   0x00000db8   Code   RO         9891    i.tcp_receive       tcp_in.o
    0x08015c60   0x0000002e   Code   RO         9665    i.tcp_recv_null     tcp.o
    0x08015c8e   0x00000002   PAD
    0x08015c90   0x0000010c   Code   RO         9666    i.tcp_recved        tcp.o
    0x08015d9c   0x0000005a   Code   RO         9961    i.tcp_rexmit        tcp_out.o
    0x08015df6   0x00000078   Code   RO         9962    i.tcp_rexmit_fast   tcp_out.o
    0x08015e6e   0x0000003a   Code   RO         9963    i.tcp_rexmit_rto    tcp_out.o
    0x08015ea8   0x00000124   Code   RO         9964    i.tcp_rst           tcp_out.o
    0x08015fcc   0x00000026   Code   RO         9667    i.tcp_seg_copy      tcp.o
    0x08015ff2   0x0000001a   Code   RO         9668    i.tcp_seg_free      tcp.o
    0x0801600c   0x00000018   Code   RO         9669    i.tcp_segs_free     tcp.o
    0x08016024   0x00000068   Code   RO         9965    i.tcp_send_empty_ack  tcp_out.o
    0x0801608c   0x0000004a   Code   RO         9966    i.tcp_send_fin      tcp_out.o
    0x080160d6   0x00000002   PAD
    0x080160d8   0x00000608   Code   RO         9673    i.tcp_slowtmr       tcp.o
    0x080166e0   0x00000038   Code   RO        10070    i.tcp_timer_needed  timers.o
    0x08016718   0x000000ac   Code   RO         9892    i.tcp_timewait_input  tcp_in.o
    0x080167c4   0x00000024   Code   RO         9674    i.tcp_tmr           tcp.o
    0x080167e8   0x000000c4   Code   RO         9675    i.tcp_update_rcv_ann_wnd  tcp.o
    0x080168ac   0x000000c6   Code   RO         9969    i.tcp_zero_window_probe  tcp_out.o
    0x08016972   0x00000002   PAD
    0x08016974   0x00000060   Code   RO        11607    i.tcpip_callback_with_block  tcpip.o
    0x080169d4   0x000000cc   Code   RO        11610    i.tcpip_init        tcpip.o
    0x08016aa0   0x0000004c   Code   RO        11611    i.tcpip_input       tcpip.o
    0x08016aec   0x00000038   Code   RO        10071    i.tcpip_tcp_timer   timers.o
    0x08016b24   0x00000154   Code   RO        11612    i.tcpip_thread      tcpip.o
    0x08016c78   0x00000002   Code   RO        10135    i.udp_init          udp.o
    0x08016c7a   0x00000002   PAD
    0x08016c7c   0x00000260   Code   RO        10136    i.udp_input         udp.o
    0x08016edc   0x00000030   Code   RO         8934    i.usb_printf        usbd_user.o
    0x08016f0c   0x0000002c   Code   RO        12180    locale$$code        c_w.l(lc_ctype_c.o)
    0x08016f38   0x0000002c   Code   RO        12330    locale$$code        c_w.l(lc_numeric_c.o)
    0x08016f64   0x0000000a   Code   RO        12291    x$fpl$fpinit        fz_wm.l(fpinit.o)
    0x08016f6e   0x00000004   Code   RO        12229    x$fpl$printf1       fz_wm.l(printf1.o)
    0x08016f72   0x00000004   Code   RO        12231    x$fpl$printf2       fz_wm.l(printf2.o)
    0x08016f76   0x00000000   Code   RO        12354    x$fpl$usenofp       fz_wm.l(usenofp.o)
    0x08016f76   0x00000018   Data   RO          512    .constdata          system_stm32f4xx.o
    0x08016f8e   0x00000002   PAD
    0x08016f90   0x00000018   Data   RO         4243    .constdata          bsp_malloc.o
    0x08016fa8   0x000000a4   Data   RO         6140    .constdata          os_cfg_app.o
    0x0801704c   0x0000016c   Data   RO         6408    .constdata          os_dbg.o
    0x080171b8   0x00000038   Data   RO         9206    .constdata          memp.o
    0x080171f0   0x00000050   Data   RO         9676    .constdata          tcp.o
    0x08017240   0x0000000c   Data   RO        10242    .constdata          etharp.o
    0x0801724c   0x00000004   Data   RO        10504    .constdata          sys_arch.o
    0x08017250   0x00000011   Data   RO        12052    .constdata          c_w.l(__printf_flags_ss_wp.o)
    0x08017261   0x00000003   PAD
    0x08017264   0x00000008   Data   RO        12126    .constdata          c_w.l(_printf_wctomb.o)
    0x0801726c   0x00000028   Data   RO        12155    .constdata          c_w.l(_printf_hex_int_ll_ptr.o)
    0x08017294   0x00000026   Data   RO        12272    .constdata          c_w.l(_printf_fp_hex.o)
    0x080172ba   0x00000002   PAD
    0x080172bc   0x00000094   Data   RO        12305    .constdata          c_w.l(bigflt0.o)
    0x08017350   0x000000a0   Data   RO         9207    .conststring        memp.o
    0x080173f0   0x0000006d   Data   RO         9677    .conststring        tcp.o
    0x0801745d   0x00000003   PAD
    0x08017460   0x00000055   Data   RO         9970    .conststring        tcp_out.o
    0x080174b5   0x00000003   PAD
    0x080174b8   0x00000044   Data   RO        10243    .conststring        etharp.o
    0x080174fc   0x00000020   Data   RO        12415    Region$$Table       anon$$obj.o
    0x0801751c   0x00000110   Data   RO        12179    locale$$data        c_w.l(lc_ctype_c.o)
    0x0801762c   0x0000001c   Data   RO        12329    locale$$data        c_w.l(lc_numeric_c.o)


    Execution Region RW_IRAM1 (Base: 0x20000000, Size: 0x00018e88, Max: 0x00020000, ABSOLUTE, COMPRESSED[0x00000110])

    Base Addr    Size         Type   Attr      Idx    E Section Name        Object

    0x20000000   0x00000004   Data   RW          513    .data               system_stm32f4xx.o
    0x20000004   0x00000004   Data   RW          613    .data               stm32f4xx_hal.o
    0x20000008   0x00000001   Data   RW         3943    .data               bsp_led.o
    0x20000009   0x00000003   PAD
    0x2000000c   0x0000000c   Data   RW         4092    .data               bsp_timer.o
    0x20000018   0x0000001c   Data   RW         4244    .data               bsp_malloc.o
    0x20000034   0x00000010   Data   RW         4326    .data               bsp_lan8720.o
    0x20000044   0x00000002   Data   RW         5035    .data               app_sys.o
    0x20000046   0x00000002   PAD
    0x20000048   0x00000004   Data   RW         5566    .data               cpu_core.o
    0x2000004c   0x00000008   Data   RW         6684    .data               os_prio.o
    0x20000054   0x000000c8   Data   RW         7240    .data               os_var.o
    0x2000011c   0x00000004   Data   RW         7270    .data               os_cpu_c.o
    0x20000120   0x00000001   Data   RW         8260    .data               usbd_ctlreq.o
    0x20000121   0x00000003   PAD
    0x20000124   0x00000110   Data   RW         8494    .data               usbd_cdc.o
    0x20000234   0x00000010   Data   RW         8632    .data               usbd_cdc_if.o
    0x20000244   0x00000034   Data   RW         8875    .data               usbd_desc.o
    0x20000278   0x00000010   Data   RW         9151    .data               mem.o
    0x20000288   0x0000003c   Data   RW         9208    .data               memp.o
    0x200002c4   0x00000009   Data   RW         9283    .data               netif.o
    0x200002cd   0x00000001   Data   RW         9400    .data               pbuf.o
    0x200002ce   0x00000002   PAD
    0x200002d0   0x00000004   Data   RW         9543    .data               raw.o
    0x200002d4   0x00000024   Data   RW         9678    .data               tcp.o
    0x200002f8   0x00000020   Data   RW         9894    .data               tcp_in.o
    0x20000318   0x00000008   Data   RW        10072    .data               timers.o
    0x20000320   0x00000008   Data   RW        10144    .data               udp.o
    0x20000328   0x00000001   Data   RW        10244    .data               etharp.o
    0x20000329   0x00000003   PAD
    0x2000032c   0x00000014   Data   RW        10416    .data               lwip_comm.o
    0x20000340   0x00000012   Data   RW        10769    .data               ip.o
    0x20000352   0x00000002   PAD
    0x20000354   0x00000006   Data   RW        10895    .data               ip_frag.o
    0x2000035a   0x00000002   PAD
    0x2000035c   0x00000008   Data   RW        11617    .data               tcpip.o
    0x20000364   0x00003298   Zero   RW           11    .bss                main.o
    0x200035fc   0x00000034   Zero   RW         4000    .bss                bsp_key.o
    0x20003630   0x00000050   Zero   RW         4091    .bss                bsp_timer.o
    0x20003680   0x00011000   Zero   RW         4242    .bss                bsp_malloc.o
    0x20014680   0x00000048   Zero   RW         4325    .bss                bsp_lan8720.o
    0x200146c8   0x00000364   Zero   RW         4779    .bss                bsp_sdcard.o
    0x20014a2c   0x00000010   Zero   RW         5564    .bss                cpu_core.o
    0x20014a3c   0x00001490   Zero   RW         6139    .bss                os_cfg_app.o
    0x20015ecc   0x000006e0   Zero   RW         7239    .bss                os_var.o
    0x200165ac   0x00000298   Zero   RW         8051    .bss                usbh_conf.o
    0x20016844   0x00000224   Zero   RW         8589    .bss                usb_device.o
    0x20016a68   0x00001000   Zero   RW         8631    .bss                usbd_cdc_if.o
    0x20017a68   0x000003f0   Zero   RW         8706    .bss                usbd_conf.o
    0x20017e58   0x00000200   Zero   RW         8874    .bss                usbd_desc.o
    0x20018058   0x00000100   Zero   RW         8935    .bss                usbd_user.o
    0x20018158   0x00000028   Zero   RW         9150    .bss                mem.o
    0x20018180   0x00000038   Zero   RW         9205    .bss                memp.o
    0x200181b8   0x00000014   Zero   RW         9893    .bss                tcp_in.o
    0x200181cc   0x000000c8   Zero   RW        10241    .bss                etharp.o
    0x20018294   0x000000a0   Zero   RW        10415    .bss                lwip_comm.o
    0x20018334   0x000000c4   Zero   RW        10503    .bss                sys_arch.o
    0x200183f8   0x00000030   Zero   RW        11616    .bss                tcpip.o
    0x20018428   0x00000060   Zero   RW        12240    .bss                c_w.l(libspace.o)
    0x20018488   0x00000600   Zero   RW          582    HEAP                startup_stm32f407xx.o
    0x20018a88   0x00000400   Zero   RW          581    STACK               startup_stm32f407xx.o



  Load Region LR$$.ARM.__AT_0x10000000 (Base: 0x10000000, Size: 0x00000000, Max: 0x0000f000, ABSOLUTE)

    Execution Region ER$$.ARM.__AT_0x10000000 (Base: 0x10000000, Size: 0x0000f000, Max: 0x0000f000, ABSOLUTE, UNINIT)

    Base Addr    Size         Type   Attr      Idx    E Section Name        Object

    0x10000000   0x0000f000   Zero   RW         4240    .ARM.__AT_0x10000000  bsp_malloc.o



  Load Region LR$$.ARM.__AT_0x1000F000 (Base: 0x1000f000, Size: 0x00000000, Max: 0x00000f00, ABSOLUTE)

    Execution Region ER$$.ARM.__AT_0x1000F000 (Base: 0x1000f000, Size: 0x00000f00, Max: 0x00000f00, ABSOLUTE, UNINIT)

    Base Addr    Size         Type   Attr      Idx    E Section Name        Object

    0x1000f000   0x00000f00   Zero   RW         4241    .ARM.__AT_0x1000F000  bsp_malloc.o


==============================================================================

Image component sizes


      Code (inc. data)   RO Data    RW Data    ZI Data      Debug   Object Name

         0          0          0          2          0        643   app_sys.o
         4          0          0          0          0       1004   bsp_i2s.o
       584         64          0          0         52       5569   bsp_key.o
      1144        144          0         16         72       8644   bsp_lan8720.o
       300         40          0          1          0       3386   bsp_led.o
       528         52         24         28     134912       6011   bsp_malloc.o
        48         14          0          0        868       2398   bsp_sdcard.o
       378         48          0         12         80      34825   bsp_timer.o
        72         14          0          0          0       1702   bsp_ucosiii.o
        52          0          0          0          0        348   cpu_a.o
       100         18          0          4         16      12501   cpu_core.o
        62          0          0          0          0       2244   def.o
      4056       1174         80          1        200      13633   etharp.o
       872        146          0          0          0       5277   ethernetif.o
         0          0          0          0          0        584   ff.o
      1172        432          0          0          0       3942   icmp.o
         0          0          0          0          0       3816   inet.o
       370          0          0          0          0       3694   inet_chksum.o
        36          0          0          0          0      19355   init.o
      1184        244          0         18          0       7497   ip.o
        78          0          0          0          0       6698   ip_addr.o
      2926        854          0          6          0      10800   ip_frag.o
       102          0          0          0          0       1924   lib_mem.o
       896        268          0         20        160       5269   lwip_comm.o
      1280        252          0          0      12952     778954   main.o
      2096        856          0         16         40       5501   mem.o
       528        258        216         60         56       4774   memp.o
       602        116          0          9          0       8984   netif.o
       252        166        164          0       5264      21042   os_cfg_app.o
      3026        412          0          0          0      22994   os_core.o
       172         32          0          0          0        416   os_cpu_a.o
       912         56          0          4          0       7552   os_cpu_c.o
       432        286        364          0          0       4869   os_dbg.o
       670         26          0          0          0       3221   os_flag.o
      1148        204          0          0          0       3718   os_int.o
        24         10          0          0          0        945   os_mem.o
       576         32          0          0          0       4973   os_msg.o
        24         10          0          0          0        947   os_mutex.o
       136         16          0          8          0       3090   os_prio.o
      1312         72          0          0          0       5983   os_q.o
      1248         68          0          0          0       5983   os_sem.o
      1616        208          0          0          0       4171   os_stat.o
      4792        256          0          0          0      14140   os_task.o
      1308        124          0          0          0       5861   os_tick.o
       896         50          0          0          0       3881   os_time.o
       812        134          0          0          0       4452   os_tmr.o
         0          0          0        200       1760      19405   os_var.o
      3846       1522          0          1          0      11940   pbuf.o
       116         14          0          4          0       1540   raw.o
         2          0          0          0          0        495   sockets.o
        64         26        392          0       2560        848   startup_stm32f407xx.o
       128         20          0          4          0       3775   stm32f4xx_hal.o
       366         28          0          0          0      32071   stm32f4xx_hal_cortex.o
       624         10          0          0          0       2208   stm32f4xx_hal_dma.o
      2692         52          0          0          0      13720   stm32f4xx_hal_eth.o
       880         86          0          0          0       3146   stm32f4xx_hal_gpio.o
      3430          4          0          0          0       6124   stm32f4xx_hal_hcd.o
       304          8          0          0          0       2215   stm32f4xx_hal_msp.o
      2944         46          0          0          0      10873   stm32f4xx_hal_pcd.o
        92          0          0          0          0       1788   stm32f4xx_hal_pcd_ex.o
      1756         64          0          0          0       4230   stm32f4xx_hal_rcc.o
       440         20          0          0          0       1360   stm32f4xx_hal_rcc_ex.o
       838          8          0          0          0       7628   stm32f4xx_hal_sd.o
        54         12          0          0          0       4367   stm32f4xx_it.o
       628         12          0          0          0       6187   stm32f4xx_ll_sdmmc.o
      3826         64          0          0          0      24052   stm32f4xx_ll_usb.o
      1256        440          4          0        196       8111   sys_arch.o
       100         18         24          4          0       1179   system_stm32f4xx.o
      4262       1152        189         36          0      25968   tcp.o
      7756       1250          0         32         20      18323   tcp_in.o
      3010        616         85          0          0      11643   tcp_out.o
       716        260          0          8         48       8895   tcpip.o
       756        202          0          8          0       6115   timers.o
       610        118          0          8          0       3830   udp.o
        52         16          0          0        548       2475   usb_device.o
       728         30          0        272          0      12890   usbd_cdc.o
       192         22          0         16       4096       4052   usbd_cdc_if.o
      1236         18          0          0       1008      17238   usbd_conf.o
       792          0          0          0          0      12549   usbd_core.o
      1584         30          0          1          0      10644   usbd_ctlreq.o
       304        128          0         52        512       6063   usbd_desc.o
       174          0          0          0          0       4580   usbd_ioreq.o
        48          4          0          0        256       1419   usbd_user.o
       164          0          0          0        664       4575   usbh_conf.o
       158          0          0          0          0      10662   usbh_core.o
        30          0          0          0          0        992   usbh_pipes.o

    ----------------------------------------------------------------------
     85846      13456       1582        868     166340    1408390   Object Totals
         0          0         32          0          0          0   (incl. Generated)
        62          0          8         17          0          0   (incl. Padding)

    ----------------------------------------------------------------------

      Code (inc. data)   RO Data    RW Data    ZI Data      Debug   Library Member Name

        90          0          0          0          0          0   __dczerorl2.o
         8          0          0          0          0         68   __main.o
       392          4         17          0          0         92   __printf_flags_ss_wp.o
        14          0          0          0          0         68   __printf_wp.o
         0          0          0          0          0          0   __rtentry.o
        12          0          0          0          0          0   __rtentry2.o
         6          0          0          0          0          0   __rtentry4.o
        52          8          0          0          0          0   __scatter.o
        28          0          0          0          0          0   __scatter_zi.o
         6          0          0          0          0          0   _printf_a.o
         6          0          0          0          0          0   _printf_c.o
        44          0          0          0          0        108   _printf_char.o
        48          6          0          0          0         96   _printf_char_common.o
        40          0          0          0          0         68   _printf_charcount.o
         6          0          0          0          0          0   _printf_d.o
       120         16          0          0          0         92   _printf_dec.o
         6          0          0          0          0          0   _printf_e.o
         6          0          0          0          0          0   _printf_f.o
      1050          0          0          0          0        216   _printf_fp_dec.o
       764          8         38          0          0        100   _printf_fp_hex.o
       128         16          0          0          0         84   _printf_fp_infnan.o
         6          0          0          0          0          0   _printf_g.o
       148          4         40          0          0        160   _printf_hex_int_ll_ptr.o
         6          0          0          0          0          0   _printf_i.o
       178          0          0          0          0         88   _printf_intcommon.o
        10          0          0          0          0          0   _printf_l.o
         6          0          0          0          0          0   _printf_lc.o
        10          0          0          0          0          0   _printf_ll.o
         6          0          0          0          0          0   _printf_lld.o
         6          0          0          0          0          0   _printf_lli.o
         6          0          0          0          0          0   _printf_llo.o
         6          0          0          0          0          0   _printf_llu.o
         6          0          0          0          0          0   _printf_llx.o
       124         16          0          0          0         92   _printf_longlong_dec.o
         6          0          0          0          0          0   _printf_ls.o
         6          0          0          0          0          0   _printf_n.o
         6          0          0          0          0          0   _printf_o.o
       112         10          0          0          0        124   _printf_oct_int_ll.o
         6          0          0          0          0          0   _printf_p.o
        78          0          0          0          0        108   _printf_pad.o
         0          0          0          0          0          0   _printf_percent.o
         4          0          0          0          0          0   _printf_percent_end.o
         6          0          0          0          0          0   _printf_s.o
        82          0          0          0          0         80   _printf_str.o
        36          0          0          0          0         84   _printf_truncate.o
         6          0          0          0          0          0   _printf_u.o
        44          0          0          0          0        108   _printf_wchar.o
       188          6          8          0          0         92   _printf_wctomb.o
         6          0          0          0          0          0   _printf_x.o
        10          0          0          0          0         68   _sputc.o
        64          0          0          0          0         92   _wcrtomb.o
       220          4        148          0          0         96   bigflt0.o
      1910        128          0          0          0        672   btod.o
        10          0          0          0          0         68   defsig_exit.o
        50          0          0          0          0         88   defsig_general.o
        80         58          0          0          0         76   defsig_rtmem_inner.o
        14          0          0          0          0         80   defsig_rtmem_outer.o
        18          0          0          0          0         80   exit.o
        94          0          0          0          0         80   h1_alloc.o
        52          0          0          0          0         68   h1_extend.o
        78          0          0          0          0         80   h1_free.o
        14          0          0          0          0         84   h1_init.o
         6          0          0          0          0        152   heapauxi.o
         4          0          0          0          0        136   hguard.o
         0          0          0          0          0          0   indicate_semi.o
       138          0          0          0          0        168   init_alloc.o
        44         10        272          0          0         76   lc_ctype_c.o
        44         10         28          0          0         76   lc_numeric_c.o
         2          0          0          0          0          0   libinit.o
        42          0          0          0          0          0   libinit2.o
         2          0          0          0          0          0   libshutdown.o
         2          0          0          0          0          0   libshutdown2.o
         8          4          0          0         96         68   libspace.o
       138          0          0          0          0         80   lludiv10.o
         0          0          0          0          0          0   maybetermalloc1.o
        88          0          0          0          0         76   memcmp.o
        16          4          0          0          0         76   rt_ctype_table.o
         8          4          0          0          0         68   rt_heap_descriptor_intlibspace.o
         8          4          0          0          0         68   rt_locale_intlibspace.o
        78          0          0          0          0         80   rt_memclr_w.o
       138          0          0          0          0         68   rt_memcpy_v6.o
       100          0          0          0          0         80   rt_memcpy_w.o
         2          0          0          0          0          0   rtexit.o
        10          0          0          0          0          0   rtexit2.o
       128          0          0          0          0         68   strcmpv7m.o
        62          0          0          0          0         76   strlen.o
        12          4          0          0          0         68   sys_exit.o
        74          0          0          0          0         80   sys_stackheap_outer.o
        14          0          0          0          0         76   sys_wrch.o
         2          0          0          0          0         68   use_no_semi.o
        36          4          0          0          0         76   vsprintf.o
        10          0          0          0          0        116   fpinit.o
         4          0          0          0          0        116   printf1.o
         4          0          0          0          0        116   printf2.o
         0          0          0          0          0          0   usenofp.o
        48          0          0          0          0        124   fpclassify.o

    ----------------------------------------------------------------------
      7832        328        556          0         96       5816   Library Totals
        16          0          5          0          0          0   (incl. Padding)

    ----------------------------------------------------------------------

      Code (inc. data)   RO Data    RW Data    ZI Data      Debug   Library Name

      7750        328        551          0         96       5344   c_w.l
        18          0          0          0          0        348   fz_wm.l
        48          0          0          0          0        124   m_wm.l

    ----------------------------------------------------------------------
      7832        328        556          0         96       5816   Library Totals

    ----------------------------------------------------------------------

==============================================================================


      Code (inc. data)   RO Data    RW Data    ZI Data      Debug   

     93678      13784       2138        868     166436    1357090   Grand Totals
     93678      13784       2138        272     166436    1357090   ELF Image Totals (compressed)
     93678      13784       2138        272          0          0   ROM Totals

==============================================================================

    Total RO  Size (Code + RO Data)                95816 (  93.57kB)
    Total RW  Size (RW Data + ZI Data)            167304 ( 163.38kB)
    Total ROM Size (Code + RO Data + RW Data)      96088 (  93.84kB)

==============================================================================

