Component: ARM Compiler 5.06 update 3 (build 300) Tool: armlink [4d35c9]

==============================================================================

Section Cross References

    main.o(i.main) refers to stm32f4xx_hal.o(i.HAL_Init) for HAL_Init
    main.o(i.main) refers to stm32f4xx_hal_msp.o(i.SystemClock_Config) for SystemClock_Config
    main.o(i.main) refers to bsp_timer.o(i.bsp_tim_SoftConfig) for bsp_tim_SoftConfig
    main.o(i.main) refers to bsp_led.o(i.bsp_led_Config) for bsp_led_Config
    main.o(i.main) refers to bsp_uasrt.o(i.bsp_usart_Config) for bsp_usart_Config
    main.o(i.main) refers to bsp_led.o(i.bsp_led_ON) for bsp_led_ON
    main.o(i.main) refers to bsp_key.o(i.bsp_key_Config) for bsp_key_Config
    main.o(i.main) refers to bsp_malloc.o(i.bsp_mem_Config) for bsp_mem_Config
    main.o(i.main) refers to app_sys.o(i.app_sys_Config) for app_sys_Config
    main.o(i.main) refers to diskio.o(i.fatfs_init) for fatfs_init
    main.o(i.main) refers to usb_device.o(i.MX_USB_DEVICE_Init) for MX_USB_DEVICE_Init
    main.o(i.main) refers to usb_host.o(i.MX_USB_HOST_Init) for MX_USB_HOST_Init
    main.o(i.main) refers to bsp_led.o(i.bsp_led_Toggle) for bsp_led_Toggle
    main.o(i.main) refers to bsp_timer.o(i.bsp_tim_DelayMs) for bsp_tim_DelayMs
    main.o(i.task_KeyTask) refers to bsp_key.o(i.bsp_key_Scan) for bsp_key_Scan
    main.o(i.task_KeyTask) refers to bsp_key.o(i.bsp_key_GetValue) for bsp_key_GetValue
    main.o(i.task_KeyTask) refers to bsp.o(i.bsp_sys_Reset) for bsp_sys_Reset
    main.o(i.task_KeyTask) refers to os_time.o(i.OSTimeDlyHMSM) for OSTimeDlyHMSM
    main.o(i.task_LedTask) refers to bsp_led.o(i.bsp_led_OFF) for bsp_led_OFF
    main.o(i.task_LedTask) refers to bsp_led.o(i.bsp_led_Toggle) for bsp_led_Toggle
    main.o(i.task_LedTask) refers to os_time.o(i.OSTimeDlyHMSM) for OSTimeDlyHMSM
    main.o(i.task_LedTask) refers to app_sys.o(.data) for Sys_Info
    main.o(i.task_LinkCheckTask) refers to stm32f4xx_hal_eth.o(i.HAL_ETH_ReadPHYRegister) for HAL_ETH_ReadPHYRegister
    main.o(i.task_LinkCheckTask) refers to __2printf.o(.text) for __2printf
    main.o(i.task_LinkCheckTask) refers to netif.o(i.netif_set_link_down) for netif_set_link_down
    main.o(i.task_LinkCheckTask) refers to bsp_lan.o(i.bsp_lan_Config) for bsp_lan_Config
    main.o(i.task_LinkCheckTask) refers to netif.o(i.netif_set_link_up) for netif_set_link_up
    main.o(i.task_LinkCheckTask) refers to cpu_a.o(.text) for CPU_SR_Save
    main.o(i.task_LinkCheckTask) refers to lwip_comm.o(i.lwip_config) for lwip_config
    main.o(i.task_LinkCheckTask) refers to os_core.o(i.OS_Sched0) for OS_Sched0
    main.o(i.task_LinkCheckTask) refers to os_time.o(i.OSTimeDlyHMSM) for OSTimeDlyHMSM
    main.o(i.task_LinkCheckTask) refers to bsp_lan.o(.bss) for ETH_Handler
    main.o(i.task_LinkCheckTask) refers to app_sys.o(.data) for Sys_Info
    main.o(i.task_LinkCheckTask) refers to lwip_comm.o(.bss) for lwip_netif
    main.o(i.task_LinkCheckTask) refers to os_var.o(.data) for OSSchedLockNestingCtr
    main.o(i.task_PrintTask) refers to cpu_a.o(.text) for CPU_SR_Save
    main.o(i.task_PrintTask) refers to bsp_uasrt.o(i.os_printf) for os_printf
    main.o(i.task_PrintTask) refers to f2d.o(x$fpl$f2d) for __aeabi_f2d
    main.o(i.task_PrintTask) refers to os_time.o(i.OSTimeDlyHMSM) for OSTimeDlyHMSM
    main.o(i.task_PrintTask) refers to os_var.o(.data) for OSTaskDbgListPtr
    main.o(i.task_PrintTask) refers to main.o(.conststring) for .conststring
    main.o(i.task_StartTask) refers to cpu_core.o(i.CPU_Init) for CPU_Init
    main.o(i.task_StartTask) refers to os_stat.o(i.OSStatTaskCPUUsageInit) for OSStatTaskCPUUsageInit
    main.o(i.task_StartTask) refers to os_core.o(i.OSSchedRoundRobinCfg) for OSSchedRoundRobinCfg
    main.o(i.task_StartTask) refers to cpu_a.o(.text) for CPU_SR_Save
    main.o(i.task_StartTask) refers to os_task.o(i.OSTaskCreate) for OSTaskCreate
    main.o(i.task_StartTask) refers to os_sem.o(i.OSSemCreate) for OSSemCreate
    main.o(i.task_StartTask) refers to bsp_led.o(i.bsp_led_OFF) for bsp_led_OFF
    main.o(i.task_StartTask) refers to os_task.o(i.OS_TaskSuspend) for OS_TaskSuspend
    main.o(i.task_StartTask) refers to os_core.o(i.OS_Sched0) for OS_Sched0
    main.o(i.task_StartTask) refers to os_var.o(.data) for OSSchedLockNestingCtr
    main.o(i.task_StartTask) refers to main.o(.bss) for LED_TASK_STK
    main.o(i.task_StartTask) refers to main.o(i.task_LedTask) for task_LedTask
    main.o(i.task_StartTask) refers to main.o(i.task_KeyTask) for task_KeyTask
    main.o(i.task_StartTask) refers to bsp_uasrt.o(.bss) for PrintSem
    main.o(i.task_USBHostTask) refers to _printf_percent.o(.ARM.Collect$$_printf_percent$$00000000) for _printf_percent
    main.o(i.task_USBHostTask) refers to _printf_d.o(.ARM.Collect$$_printf_percent$$00000009) for _printf_d
    main.o(i.task_USBHostTask) refers to _printf_dec.o(.text) for _printf_int_dec
[...]
    OSCfg_IntQBasePtr                        0x0800dbcc   Data           4  os_cfg_app.o(.constdata)
    OSCfg_IntQSize                           0x0800dbd0   Data           2  os_cfg_app.o(.constdata)
    OSCfg_IntQSizeRAM                        0x0800dbd4   Data           4  os_cfg_app.o(.constdata)
    OSCfg_IntQTaskStkBasePtr                 0x0800dbd8   Data           4  os_cfg_app.o(.constdata)
    OSCfg_IntQTaskStkLimit                   0x0800dbdc   Data           4  os_cfg_app.o(.constdata)
    OSCfg_IntQTaskStkSize                    0x0800dbe0   Data           4  os_cfg_app.o(.constdata)
    OSCfg_IntQTaskStkSizeRAM                 0x0800dbe4   Data           4  os_cfg_app.o(.constdata)
    OSCfg_ISRStkBasePtr                      0x0800dbe8   Data           4  os_cfg_app.o(.constdata)
    OSCfg_ISRStkSize                         0x0800dbec   Data           4  os_cfg_app.o(.constdata)
    OSCfg_ISRStkSizeRAM                      0x0800dbf0   Data           4  os_cfg_app.o(.constdata)
    OSCfg_MsgPoolSize                        0x0800dbf4   Data           2  os_cfg_app.o(.constdata)
    OSCfg_MsgPoolSizeRAM                     0x0800dbf8   Data           4  os_cfg_app.o(.constdata)
    OSCfg_MsgPoolBasePtr                     0x0800dbfc   Data           4  os_cfg_app.o(.constdata)
    OSCfg_StatTaskPrio                       0x0800dc00   Data           1  os_cfg_app.o(.constdata)
    OSCfg_StatTaskRate_Hz                    0x0800dc04   Data           4  os_cfg_app.o(.constdata)
    OSCfg_StatTaskStkBasePtr                 0x0800dc08   Data           4  os_cfg_app.o(.constdata)
    OSCfg_StatTaskStkLimit                   0x0800dc0c   Data           4  os_cfg_app.o(.constdata)
    OSCfg_StatTaskStkSize                    0x0800dc10   Data           4  os_cfg_app.o(.constdata)
    OSCfg_StatTaskStkSizeRAM                 0x0800dc14   Data           4  os_cfg_app.o(.constdata)
    OSCfg_StkSizeMin                         0x0800dc18   Data           4  os_cfg_app.o(.constdata)
    OSCfg_TickRate_Hz                        0x0800dc1c   Data           4  os_cfg_app.o(.constdata)
    OSCfg_TickTaskPrio                       0x0800dc20   Data           1  os_cfg_app.o(.constdata)
    OSCfg_TickTaskStkBasePtr                 0x0800dc24   Data           4  os_cfg_app.o(.constdata)
    OSCfg_TickTaskStkLimit                   0x0800dc28   Data           4  os_cfg_app.o(.constdata)
    OSCfg_TickTaskStkSize                    0x0800dc2c   Data           4  os_cfg_app.o(.constdata)
    OSCfg_TickTaskStkSizeRAM                 0x0800dc30   Data           4  os_cfg_app.o(.constdata)
    OSCfg_TickWheelSize                      0x0800dc34   Data           2  os_cfg_app.o(.constdata)
    OSCfg_TickWheelSizeRAM                   0x0800dc38   Data           4  os_cfg_app.o(.constdata)
    OSCfg_TmrTaskPrio                        0x0800dc3c   Data           1  os_cfg_app.o(.constdata)
    OSCfg_TmrTaskRate_Hz                     0x0800dc40   Data           4  os_cfg_app.o(.constdata)
    OSCfg_TmrTaskStkBasePtr                  0x0800dc44   Data           4  os_cfg_app.o(.constdata)
    OSCfg_TmrTaskStkLimit                    0x0800dc48   Data           4  os_cfg_app.o(.constdata)
    OSCfg_TmrTaskStkSize                     0x0800dc4c   Data           4  os_cfg_app.o(.constdata)
    OSCfg_TmrTaskStkSizeRAM                  0x0800dc50   Data           4  os_cfg_app.o(.constdata)
    OSCfg_TmrWheelSize                       0x0800dc54   Data           2  os_cfg_app.o(.constdata)
    OSCfg_TmrWheelSizeRAM                    0x0800dc58   Data           4  os_cfg_app.o(.constdata)
    OSCfg_DataSizeRAM                        0x0800dc5c   Data           4  os_cfg_app.o(.constdata)
    STORAGE_Inquirydata_FS                   0x0800dc60   Data          36  usbd_storage_if.o(.constdata)
    MSC_Page00_Inquiry_Data                  0x0800dc84   Data           7  usbd_msc_data.o(.constdata)
    MSC_Mode_Sense6_data                     0x0800dc8b   Data           8  usbd_msc_data.o(.constdata)
    MSC_Mode_Sense10_data                    0x0800dc93   Data           8  usbd_msc_data.o(.constdata)
    pvNullPointer                            0x0800dc9c   Data           4  sys_arch.o(.constdata)
    Region$$Table$$Base                      0x0800dd7c   Number         0  anon$$obj.o(Region$$Table)
    Region$$Table$$Limit                     0x0800dd9c   Number         0  anon$$obj.o(Region$$Table)
    __ctype                                  0x0800dda9   Data           0  lc_ctype_c.o(locale$$data)
    MEM_SRAMCCM                              0x10000000   Data       61440  bsp_malloc.o(.ARM.__AT_0x10000000)
    MAP_SRAMCCM                              0x1000f000   Data        3840  bsp_malloc.o(.ARM.__AT_0x1000F000)
    SystemCoreClock                          0x20000000   Data           4  system_stm32f4xx.o(.data)
    uwTick                                   0x20000004   Data           4  stm32f4xx_hal.o(.data)
    g_iRunTime                               0x20000014   Data           4  bsp_timer.o(.data)
    malloc_dev                               0x20000018   Data          28  bsp_malloc.o(.data)
    __stdout                                 0x20000034   Data           4  bsp_uasrt.o(.data)
    TransferError                            0x20000042   Data           1  bsp_sdcard.o(.data)
    TransferEnd                              0x20000043   Data           1  bsp_sdcard.o(.data)
    tempbuff                                 0x20000044   Data           4  bsp_sdcard.o(.data)
    Sys_Info                                 0x20000048   Data           7  app_sys.o(.data)
    W25QXX_TYPE                              0x20000050   Data           2  app_w25qxx.o(.data)
    FLASH_SECTOR_COUNT                       0x20000054   Data           2  diskio.o(.data)
    fat_FLASH                                0x20000058   Data           4  diskio.o(.data)
    fat_USB                                  0x2000005c   Data           4  diskio.o(.data)
    Flash_Path                               0x20000061   Data           3  diskio.o(.data)
    USB_Path                                 0x20000064   Data           3  diskio.o(.data)
    OSPrioTbl                                0x2000006c   Data           8  os_prio.o(.data)
    OS_AppTaskCreateHookPtr                  0x20000074   Data           4  os_var.o(.data)
    OS_AppTaskDelHookPtr                     0x20000078   Data           4  os_var.o(.data)
    OS_AppTaskReturnHookPtr                  0x2000007c   Data           4  os_var.o(.data)
    OS_AppIdleTaskHookPtr                    0x20000080   Data           4  os_var.o(.data)
    OS_AppStatTaskHookPtr                    0x20000084   Data           4  os_var.o(.data)
    OS_AppTaskSwHookPtr                      0x20000088   Data           4  os_var.o(.data)
    OS_AppTimeTickHookPtr                    0x2000008c   Data           4  os_var.o(.data)
    OSIdleTaskCtr                            0x20000090   Data           4  os_var.o(.data)
    OSIntNestingCtr                          0x20000094   Data           1  os_var.o(.data)
    OSRunning                                0x20000095   Data           1  os_var.o(.data)
    OSIntQInPtr                              0x20000098   Data           4  os_var.o(.data)
    OSIntQOutPtr                             0x2000009c   Data           4  os_var.o(.data)
    OSIntQNbrEntries                         0x200000a0   Data           2  os_var.o(.data)
    OSIntQNbrEntriesMax                      0x200000a2   Data           2  os_var.o(.data)
    OSIntQOvfCtr                             0x200000a4   Data           2  os_var.o(.data)
    OSIntQTaskTimeMax                        0x200000a8   Data           4  os_var.o(.data)
    OSFlagDbgListPtr                         0x200000ac   Data           4  os_var.o(.data)
    OSFlagQty                                0x200000b0   Data           2  os_var.o(.data)
    OSMemDbgListPtr                          0x200000b4   Data           4  os_var.o(.data)
    OSMemQty                                 0x200000b8   Data           2  os_var.o(.data)
    OSMutexDbgListPtr                        0x200000bc   Data           4  os_var.o(.data)
    OSMutexQty                               0x200000c0   Data           2  os_var.o(.data)
    OSPrioCur                                0x200000c2   Data           1  os_var.o(.data)
    OSPrioHighRdy                            0x200000c3   Data           1  os_var.o(.data)
    OSPrioSaved                              0x200000c4   Data           1  os_var.o(.data)
    OSQDbgListPtr                            0x200000c8   Data           4  os_var.o(.data)
    OSQQty                                   0x200000cc   Data           2  os_var.o(.data)
    OSSchedLockTimeBegin                     0x200000d0   Data           4  os_var.o(.data)
    OSSchedLockTimeMax                       0x200000d4   Data           4  os_var.o(.data)
    OSSchedLockTimeMaxCur                    0x200000d8   Data           4  os_var.o(.data)
    OSSchedLockNestingCtr                    0x200000dc   Data           1  os_var.o(.data)
    OSSchedRoundRobinDfltTimeQuanta          0x200000e0   Data           4  os_var.o(.data)
    OSSchedRoundRobinEn                      0x200000e4   Data           1  os_var.o(.data)
    OSSemDbgListPtr                          0x200000e8   Data           4  os_var.o(.data)
    OSSemQty                                 0x200000ec   Data           2  os_var.o(.data)
    OSStatResetFlag                          0x200000ee   Data           1  os_var.o(.data)
    OSStatTaskCPUUsage                       0x200000f0   Data           2  os_var.o(.data)
    OSStatTaskCPUUsageMax                    0x200000f2   Data           2  os_var.o(.data)
    OSStatTaskCtr                            0x200000f4   Data           4  os_var.o(.data)
    OSStatTaskCtrMax                         0x200000f8   Data           4  os_var.o(.data)
    OSStatTaskCtrRun                         0x200000fc   Data           4  os_var.o(.data)
    OSStatTaskRdy                            0x20000100   Data           1  os_var.o(.data)
    OSStatTaskTimeMax                        0x20000104   Data           4  os_var.o(.data)
    OSTaskCtxSwCtr                           0x20000108   Data           4  os_var.o(.data)
    OSTaskDbgListPtr                         0x2000010c   Data           4  os_var.o(.data)
    OSTaskQty                                0x20000110   Data           2  os_var.o(.data)
    OSTaskRegNextAvailID                     0x20000112   Data           1  os_var.o(.data)
    OSTickCtr                                0x20000114   Data           4  os_var.o(.data)
    OSTickTaskTimeMax                        0x20000118   Data           4  os_var.o(.data)
    OSTmrDbgListPtr                          0x2000011c   Data           4  os_var.o(.data)
    OSTmrQty                                 0x20000120   Data           2  os_var.o(.data)
    OSTmrTaskTimeMax                         0x20000124   Data           4  os_var.o(.data)
    OSTmrTickCtr                             0x20000128   Data           4  os_var.o(.data)
    OSTmrUpdateCnt                           0x2000012c   Data           4  os_var.o(.data)
    OSTmrUpdateCtr                           0x20000130   Data           4  os_var.o(.data)
    OSTCBCurPtr                              0x20000134   Data           4  os_var.o(.data)
    OSTCBHighRdyPtr                          0x20000138   Data           4  os_var.o(.data)
    OS_CPU_ExceptStkBase                     0x2000013c   Data           4  os_cpu_c.o(.data)
    USBH_msc                                 0x20000140   Data          32  usbh_msc.o(.data)
    FS_Desc                                  0x20000160   Data          28  usbd_desc.o(.data)
    USBD_FS_DeviceDesc                       0x2000017c   Data          18  usbd_desc.o(.data)
    USBD_LangIDDesc                          0x20000190   Data           4  usbd_desc.o(.data)
    USBD_Storage_Interface_fops_FS           0x20000194   Data          32  usbd_storage_if.o(.data)
    USBD_MSC                                 0x200001b4   Data          56  usbd_msc.o(.data)
    USBD_MSC_CfgHSDesc                       0x200001ec   Data          32  usbd_msc.o(.data)
    USBD_MSC_CfgFSDesc                       0x2000020c   Data          32  usbd_msc.o(.data)
    USBD_MSC_OtherSpeedCfgDesc               0x2000022c   Data          32  usbd_msc.o(.data)
    USBD_MSC_DeviceQualifierDesc             0x2000024c   Data          10  usbd_msc.o(.data)
    ram_heap                                 0x20000258   Data           4  mem.o(.data)
    pbuf_free_ooseq_pending                  0x20000268   Data           1  pbuf.o(.data)
    tcp_ticks                                0x20000270   Data           4  tcp.o(.data)
    tcp_bound_pcbs                           0x20000274   Data           4  tcp.o(.data)
    tcp_listen_pcbs                          0x20000278   Data           4  tcp.o(.data)
    tcp_active_pcbs                          0x2000027c   Data           4  tcp.o(.data)
    tcp_tw_pcbs                              0x20000280   Data           4  tcp.o(.data)
    tcp_tmp_pcb                              0x20000284   Data           4  tcp.o(.data)
    tcp_active_pcbs_changed                  0x20000288   Data           1  tcp.o(.data)
    SoftTimer                                0x200002c4   Data          80  bsp_timer.o(.bss)
    SPI_Handle                               0x20000314   Data          88  bsp_spi.o(.bss)
    MEM_SRAMIN                               0x20000380   Data       65536  bsp_malloc.o(.bss)
    MAP_SRAMIN                               0x20010380   Data        4096  bsp_malloc.o(.bss)
    USART3_Handler                           0x200123d0   Data          64  bsp_uasrt.o(.bss)
    PrintSem                                 0x20012410   Data          40  bsp_uasrt.o(.bss)
    ETH_Handler                              0x20012438   Data          72  bsp_lan.o(.bss)
    FLASH_RX_BUFF                            0x20012480   Data        4096  app_w25qxx.o(.bss)
    FLASH_TX_BUFF                            0x20013480   Data        4096  app_w25qxx.o(.bss)
    W25QXX_BUF                               0x20014480   Data        4096  app_w25qxx.o(.bss)
    disk                                     0x20015480   Data          20  diskio.o(.bss)
    OSCfg_IdleTaskStk                        0x200156a0   Data         512  os_cfg_app.o(.bss)
    OSCfg_IntQ                               0x200158a0   Data         320  os_cfg_app.o(.bss)
    OSCfg_IntQTaskStk                        0x200159e0   Data         512  os_cfg_app.o(.bss)
    OSCfg_ISRStk                             0x20015be0   Data         512  os_cfg_app.o(.bss)
    OSCfg_MsgPool                            0x20015de0   Data        1600  os_cfg_app.o(.bss)
    OSCfg_StatTaskStk                        0x20016420   Data         512  os_cfg_app.o(.bss)
    OSCfg_TickTaskStk                        0x20016620   Data         512  os_cfg_app.o(.bss)
    OSCfg_TickWheel                          0x20016820   Data         136  os_cfg_app.o(.bss)
    OSCfg_TmrTaskStk                         0x200168a8   Data         512  os_cfg_app.o(.bss)
    OSCfg_TmrWheel                           0x20016aa8   Data         136  os_cfg_app.o(.bss)
    OSIdleTaskTCB                            0x20016b30   Data         196  os_var.o(.bss)
    OSIntQTaskTCB                            0x20016bf4   Data         196  os_var.o(.bss)
    OSMsgPool                                0x20016cb8   Data          12  os_var.o(.bss)
    OSRdyList                                0x20016cc4   Data         768  os_var.o(.bss)
    OSStatTaskTCB                            0x20016fc4   Data         196  os_var.o(.bss)
    OSTickTaskTCB                            0x20017088   Data         196  os_var.o(.bss)
    OSTmrTaskTCB                             0x2001714c   Data         196  os_var.o(.bss)
    hUsbHostHS                               0x20017210   Data         968  usb_host.o(.bss)
    hhcd_USB_OTG_HS                          0x200175d8   Data         664  usbh_conf.o(.bss)
    hUsbDeviceFS                             0x20017870   Data         548  usb_device.o(.bss)
    hpcd_USB_OTG_FS                          0x20017a94   Data        1008  usbd_conf.o(.bss)
    USBD_StrDesc                             0x20017e84   Data         512  usbd_desc.o(.bss)
    lwip_info                                0x200180e4   Data          23  lwip_comm.o(.bss)
    LWIP_Input                               0x200180fc   Data          40  lwip_comm.o(.bss)
    LWIP_Mutex                               0x20018124   Data          44  lwip_comm.o(.bss)
    lwip_netif                               0x20018150   Data          52  lwip_comm.o(.bss)
    lock_tcpip_core                          0x200181b4   Data          40  tcpip.o(.bss)
    __libspace_start                         0x200181dc   Data          96  libspace.o(.bss)
    __temporary_stack_top$libspace           0x2001823c   Data           0  libspace.o(.bss)



==============================================================================

Memory Map of the image

  Image Entry point : 0x08000189

  Load Region LR_IROM1 (Base: 0x08000000, Size: 0x0000e158, Max: 0x00080000, ABSOLUTE, COMPRESSED[0x0000dfa8])

    Execution Region ER_IROM1 (Base: 0x08000000, Size: 0x0000dec8, Max: 0x00080000, ABSOLUTE)

    Base Addr    Size         Type   Attr      Idx    E Section Name        Object

    0x08000000   0x00000188   Data   RO          654    RESET               startup_stm32f407xx.o
    0x08000188   0x00000008   Code   RO        12314  * !!!main             c_w.l(__main.o)
    0x08000190   0x00000034   Code   RO        12676    !!!scatter          c_w.l(__scatter.o)
    0x080001c4   0x0000005a   Code   RO        12674    !!dczerorl2         c_w.l(__dczerorl2.o)
    0x0800021e   0x00000002   PAD
    0x08000220   0x0000001c   Code   RO        12678    !!handler_zi        c_w.l(__scatter_zi.o)
    0x0800023c   0x00000000   Code   RO        12286    .ARM.Collect$$_printf_percent$$00000000  c_w.l(_printf_percent.o)
    0x0800023c   0x00000006   Code   RO        12413    .ARM.Collect$$_printf_percent$$00000001  c_w.l(_printf_n.o)
    0x08000242   0x00000006   Code   RO        12415    .ARM.Collect$$_printf_percent$$00000002  c_w.l(_printf_p.o)
    0x08000248   0x00000006   Code   RO        12419    .ARM.Collect$$_printf_percent$$00000003  c_w.l(_printf_f.o)
    0x0800024e   0x00000006   Code   RO        12420    .ARM.Collect$$_printf_percent$$00000004  c_w.l(_printf_e.o)
    0x08000254   0x00000006   Code   RO        12421    .ARM.Collect$$_printf_percent$$00000005  c_w.l(_printf_g.o)
    0x0800025a   0x00000006   Code   RO        12422    .ARM.Collect$$_printf_percent$$00000006  c_w.l(_printf_a.o)
    0x08000260   0x0000000a   Code   RO        12427    .ARM.Collect$$_printf_percent$$00000007  c_w.l(_printf_ll.o)
    0x0800026a   0x00000006   Code   RO        12417    .ARM.Collect$$_printf_percent$$00000008  c_w.l(_printf_i.o)
    0x08000270   0x00000006   Code   RO        12285    .ARM.Collect$$_printf_percent$$00000009  c_w.l(_printf_d.o)
    0x08000276   0x00000006   Code   RO        12418    .ARM.Collect$$_printf_percent$$0000000A  c_w.l(_printf_u.o)
    0x0800027c   0x00000006   Code   RO        12416    .ARM.Collect$$_printf_percent$$0000000B  c_w.l(_printf_o.o)
    0x08000282   0x00000006   Code   RO        12414    .ARM.Collect$$_printf_percent$$0000000C  c_w.l(_printf_x.o)
    0x08000288   0x00000006   Code   RO        12424    .ARM.Collect$$_printf_percent$$0000000D  c_w.l(_printf_lli.o)
    0x0800028e   0x00000006   Code   RO        12425    .ARM.Collect$$_printf_percent$$0000000E  c_w.l(_printf_lld.o)
    0x08000294   0x00000006   Code   RO        12426    .ARM.Collect$$_printf_percent$$0000000F  c_w.l(_printf_llu.o)
    0x0800029a   0x00000006   Code   RO        12431    .ARM.Collect$$_printf_percent$$00000010  c_w.l(_printf_llo.o)
    0x080002a0   0x00000006   Code   RO        12432    .ARM.Collect$$_printf_percent$$00000011  c_w.l(_printf_llx.o)
    0x080002a6   0x0000000a   Code   RO        12428    .ARM.Collect$$_printf_percent$$00000012  c_w.l(_printf_l.o)
    0x080002b0   0x00000006   Code   RO        12412    .ARM.Collect$$_printf_percent$$00000013  c_w.l(_printf_c.o)
    0x080002b6   0x00000006   Code   RO        12284    .ARM.Collect$$_printf_percent$$00000014  c_w.l(_printf_s.o)
    0x080002bc   0x00000006   Code   RO        12429    .ARM.Collect$$_printf_percent$$00000015  c_w.l(_printf_lc.o)
    0x080002c2   0x00000006   Code   RO        12430    .ARM.Collect$$_printf_percent$$00000016  c_w.l(_printf_ls.o)
    0x080002c8   0x00000004   Code   RO        12423    .ARM.Collect$$_printf_percent$$00000017  c_w.l(_printf_percent_end.o)
    0x080002cc   0x00000002   Code   RO        12613    .ARM.Collect$$libinit$$00000000  c_w.l(libinit.o)
    0x080002ce   0x00000004   Code   RO        12442    .ARM.Collect$$libinit$$00000001  c_w.l(libinit2.o)
    0x080002d2   0x00000000   Code   RO        12445    .ARM.Collect$$libinit$$00000004  c_w.l(libinit2.o)
    0x080002d2   0x00000008   Code   RO        12446    .ARM.Collect$$libinit$$00000005  c_w.l(libinit2.o)
    0x080002da   0x00000000   Code   RO        12448    .ARM.Collect$$libinit$$0000000A  c_w.l(libinit2.o)
    0x080002da   0x00000000   Code   RO        12450    .ARM.Collect$$libinit$$0000000C  c_w.l(libinit2.o)
    0x080002da   0x00000000   Code   RO        12452    .ARM.Collect$$libinit$$0000000E  c_w.l(libinit2.o)
    0x080002da   0x00000006   Code   RO        12453    .ARM.Collect$$libinit$$0000000F  c_w.l(libinit2.o)
    0x080002e0   0x00000000   Code   RO        12455    .ARM.Collect$$libinit$$00000011  c_w.l(libinit2.o)
    0x080002e0   0x0000000c   Code   RO        12456    .ARM.Collect$$libinit$$00000012  c_w.l(libinit2.o)
    0x080002ec   0x00000000   Code   RO        12457    .ARM.Collect$$libinit$$00000013  c_w.l(libinit2.o)
    0x080002ec   0x00000000   Code   RO        12459    .ARM.Collect$$libinit$$00000015  c_w.l(libinit2.o)
    0x080002ec   0x0000000a   Code   RO        12460    .ARM.Collect$$libinit$$00000016  c_w.l(libinit2.o)
    0x080002f6   0x00000000   Code   RO        12461    .ARM.Collect$$libinit$$00000017  c_w.l(libinit2.o)
    0x080002f6   0x00000000   Code   RO        12463    .ARM.Collect$$libinit$$00000019  c_w.l(libinit2.o)
    0x080002f6   0x00000000   Code   RO        12465    .ARM.Collect$$libinit$$0000001B  c_w.l(libinit2.o)
    0x080002f6   0x00000000   Code   RO        12467    .ARM.Collect$$libinit$$0000001D  c_w.l(libinit2.o)
    0x080002f6   0x00000000   Code   RO        12469    .ARM.Collect$$libinit$$0000001F  c_w.l(libinit2.o)
    0x080002f6   0x00000000   Code   RO        12471    .ARM.Collect$$libinit$$00000021  c_w.l(libinit2.o)
    0x080002f6   0x00000000   Code   RO        12473    .ARM.Collect$$libinit$$00000023  c_w.l(libinit2.o)
    0x080002f6   0x00000000   Code   RO        12475    .ARM.Collect$$libinit$$00000025  c_w.l(libinit2.o)
    0x080002f6   0x00000000   Code   RO        12479    .ARM.Collect$$libinit$$0000002C  c_w.l(libinit2.o)
    0x080002f6   0x00000000   Code   RO        12481    .ARM.Collect$$libinit$$0000002E  c_w.l(libinit2.o)
    0x080002f6   0x00000000   Code   RO        12483    .ARM.Collect$$libinit$$00000030  c_w.l(libinit2.o)
    0x080002f6   0x00000000   Code   RO        12485    .ARM.Collect$$libinit$$00000032  c_w.l(libinit2.o)
    0x080002f6   0x00000002   Code   RO        12486    .ARM.Collect$$libinit$$00000033  c_w.l(libinit2.o)
    0x080002f8   0x00000002   Code   RO        12671    .ARM.Collect$$libshutdown$$00000000  c_w.l(libshutdown.o)
    0x080002fa   0x00000000   Code   RO        12631    .ARM.Collect$$libshutdown$$00000002  c_w.l(libshutdown2.o)
    0x080002fa   0x00000000   Code   RO        12633    .ARM.Collect$$libshutdown$$00000004  c_w.l(libshutdown2.o)
    0x080002fa   0x00000000   Code   RO        12636    .ARM.Collect$$libshutdown$$00000007  c_w.l(libshutdown2.o)
    0x080002fa   0x00000000   Code   RO        12639    .ARM.Collect$$libshutdown$$0000000A  c_w.l(libshutdown2.o)
    0x080002fa   0x00000000   Code   RO        12641    .ARM.Collect$$libshutdown$$0000000C  c_w.l(libshutdown2.o)
    0x080002fa   0x00000000   Code   RO        12644    .ARM.Collect$$libshutdown$$0000000F  c_w.l(libshutdown2.o)
    0x080002fa   0x00000002   Code   RO        12645    .ARM.Collect$$libshutdown$$00000010  c_w.l(libshutdown2.o)
    0x080002fc   0x00000000   Code   RO        12322    .ARM.Collect$$rtentry$$00000000  c_w.l(__rtentry.o)
    0x080002fc   0x00000000   Code   RO        12500    .ARM.Collect$$rtentry$$00000002  c_w.l(__rtentry2.o)
    0x080002fc   0x00000006   Code   RO        12512    .ARM.Collect$$rtentry$$00000004  c_w.l(__rtentry4.o)
    0x08000302   0x00000000   Code   RO        12502    .ARM.Collect$$rtentry$$00000009  c_w.l(__rtentry2.o)
    0x08000302   0x00000004   Code   RO        12503    .ARM.Collect$$rtentry$$0000000A  c_w.l(__rtentry2.o)
    0x08000306   0x00000000   Code   RO        12505    .ARM.Collect$$rtentry$$0000000C  c_w.l(__rtentry2.o)
    0x08000306   0x00000008   Code   RO        12506    .ARM.Collect$$rtentry$$0000000D  c_w.l(__rtentry2.o)
    0x0800030e   0x00000002   Code   RO        12618    .ARM.Collect$$rtexit$$00000000  c_w.l(rtexit.o)
    0x08000310   0x00000000   Code   RO        12647    .ARM.Collect$$rtexit$$00000002  c_w.l(rtexit2.o)
    0x08000310   0x00000004   Code   RO        12648    .ARM.Collect$$rtexit$$00000003  c_w.l(rtexit2.o)
    0x08000314   0x00000006   Code   RO        12649    .ARM.Collect$$rtexit$$00000004  c_w.l(rtexit2.o)
    0x0800031a   0x00000002   PAD
    0x0800031c   0x00000000   Code   RO        12518    .emb_text           c_w.l(maybetermalloc1.o)
    0x0800031c   0x00000040   Code   RO          655    .text               startup_stm32f407xx.o
    0x0800035c   0x00000034   Code   RO         5450    .text               cpu_a.o
    0x08000390   0x00000002   Code   RO        12178    .text               c_w.l(use_no_semi_2.o)
    0x08000392   0x00000002   PAD
    0x08000394   0x00000010   Code   RO        12180    .text               c_w.l(rt_ctype_table.o)
    0x080003a4   0x0000005e   Code   RO        12186    .text               c_w.l(h1_alloc.o)
    0x08000402   0x0000004e   Code   RO        12188    .text               c_w.l(h1_free.o)
    0x08000450   0x00000034   Code   RO        12248    .text               c_w.l(c89vsnprintf.o)
    0x08000484   0x00000018   Code   RO        12250    .text               c_w.l(__2printf.o)
    0x0800049c   0x00000052   Code   RO        12260    .text               c_w.l(_printf_str.o)
    0x080004ee   0x00000002   PAD
    0x080004f0   0x00000078   Code   RO        12262    .text               c_w.l(_printf_dec.o)
    0x08000568   0x00000188   Code   RO        12281    .text               c_w.l(__printf_flags_ss_wp.o)
    0x080006f0   0x0000003e   Code   RO        12298    .text               c_w.l(strlen.o)
    0x0800072e   0x0000008a   Code   RO        12302    .text               c_w.l(rt_memcpy_v6.o)
    0x080007b8   0x00000064   Code   RO        12304    .text               c_w.l(rt_memcpy_w.o)
    0x0800081c   0x00000044   Code   RO        12306    .text               c_w.l(rt_memclr.o)
    0x08000860   0x0000004e   Code   RO        12308    .text               c_w.l(rt_memclr_w.o)
    0x080008ae   0x00000002   PAD
    0x080008b0   0x00000080   Code   RO        12310    .text               c_w.l(strcmpv7m.o)
    0x08000930   0x00000006   Code   RO        12312    .text               c_w.l(heapauxi.o)
    0x08000936   0x00000002   Code   RO        12318    .text               c_w.l(use_no_semi.o)
    0x08000938   0x00000008   Code   RO        12330    .text               c_w.l(rt_heap_descriptor_intlibspace.o)
    0x08000940   0x00000008   Code   RO        12335    .text               c_w.l(rt_locale_intlibspace.o)
    0x08000948   0x00000004   Code   RO        12342    .text               c_w.l(hguard.o)
    0x0800094c   0x0000008a   Code   RO        12344    .text               c_w.l(init_alloc.o)
    0x080009d6   0x0000000e   Code   RO        12348    .text               c_w.l(h1_init.o)
    0x080009e4   0x0000004e   Code   RO        12362    .text               c_w.l(_printf_pad.o)
    0x08000a32   0x00000024   Code   RO        12364    .text               c_w.l(_printf_truncate.o)
    0x08000a56   0x000000b2   Code   RO        12366    .text               c_w.l(_printf_intcommon.o)
    0x08000b08   0x00000028   Code   RO        12368    .text               c_w.l(_printf_charcount.o)
    0x08000b30   0x00000030   Code   RO        12370    .text               c_w.l(_printf_char_common.o)
    0x08000b60   0x0000000a   Code   RO        12372    .text               c_w.l(_sputc.o)
    0x08000b6a   0x00000010   Code   RO        12374    .text               c_w.l(_snputc.o)
    0x08000b7a   0x0000002c   Code   RO        12376    .text               c_w.l(_printf_char.o)
    0x08000ba6   0x00000002   PAD
    0x08000ba8   0x00000024   Code   RO        12378    .text               c_w.l(_printf_char_file.o)
    0x08000bcc   0x000000bc   Code   RO        12380    .text               c_w.l(_printf_wctomb.o)
    0x08000c88   0x0000007c   Code   RO        12383    .text               c_w.l(_printf_longlong_dec.o)
    0x08000d04   0x00000070   Code   RO        12389    .text               c_w.l(_printf_oct_int_ll.o)
    0x08000d74   0x00000094   Code   RO        12409    .text               c_w.l(_printf_hex_int_ll_ptr.o)
    0x08000e08   0x00000008   Code   RO        12496    .text               c_w.l(libspace.o)
    0x08000e10   0x00000034   Code   RO        12520    .text               c_w.l(h1_extend.o)
    0x08000e44   0x0000008a   Code   RO        12524    .text               c_w.l(lludiv10.o)
    0x08000ece   0x0000041a   Code   RO        12526    .text               c_w.l(_printf_fp_dec.o)
    0x080012e8   0x0000002c   Code   RO        12530    .text               c_w.l(_printf_wchar.o)
    0x08001314   0x00000008   Code   RO        12534    .text               c_w.l(ferror.o)
    0x0800131c   0x00000040   Code   RO        12538    .text               c_w.l(_wcrtomb.o)
    0x0800135c   0x0000000e   Code   RO        12540    .text               c_w.l(defsig_rtmem_outer.o)
    0x0800136a   0x0000004a   Code   RO        12556    .text               c_w.l(sys_stackheap_outer.o)
    0x080013b4   0x00000080   Code   RO        12562    .text               c_w.l(_printf_fp_infnan.o)
    0x08001434   0x000000dc   Code   RO        12566    .text               c_w.l(bigflt0.o)
    0x08001510   0x00000012   Code   RO        12594    .text               c_w.l(exit.o)
    0x08001522   0x0000000a   Code   RO        12596    .text               c_w.l(defsig_exit.o)
    0x0800152c   0x00000050   Code   RO        12602    .text               c_w.l(defsig_rtmem_inner.o)
    0x0800157c   0x00000032   Code   RO        12626    .text               c_w.l(defsig_general.o)
    0x080015ae   0x0000003e   Code   RO        12569    CL$$btod_d2e        c_w.l(btod.o)
    0x080015ec   0x00000046   Code   RO        12571    CL$$btod_d2e_denorm_low  c_w.l(btod.o)
    0x08001632   0x00000060   Code   RO        12570    CL$$btod_d2e_norm_op1  c_w.l(btod.o)
    0x08001692   0x00000338   Code   RO        12579    CL$$btod_div_common  c_w.l(btod.o)
    0x080019ca   0x000000c6   Code   RO        12576    CL$$btod_e2e        c_w.l(btod.o)
    0x08001a90   0x00000028   Code   RO        12573    CL$$btod_ediv       c_w.l(btod.o)
    0x08001ab8   0x00000028   Code   RO        12572    CL$$btod_emul       c_w.l(btod.o)
    0x08001ae0   0x00000244   Code   RO        12578    CL$$btod_mult_common  c_w.l(btod.o)
    0x08001d24   0x000000ac   Code   RO         6978    CODE                os_cpu_a.o
    0x08001dd0   0x00000004   Code   RO          495    i.BusFault_Handler  stm32f4xx_it.o
    0x08001dd4   0x0000000c   Code   RO         5231    i.CPU_TS_TmrRd      bsp_ucosiii.o
    0x08001de0   0x00000040   Code   RO         3492    i.DMA1_Stream2_IRQHandler  bsp_spi.o
    0x08001e20   0x00000044   Code   RO         3493    i.DMA1_Stream5_IRQHandler  bsp_spi.o
    0x08001e64   0x00000052   Code   RO         7140    i.DeInitStateMachine  usbh_core.o
    0x08001eb6   0x00000002   Code   RO          496    i.DebugMon_Handler  stm32f4xx_it.o
    0x08001eb8   0x00000024   Code   RO         4174    i.ETH_GetRxPktSize  bsp_lan.o
    0x08001edc   0x0000003c   Code   RO         4175    i.ETH_IRQHandler    bsp_lan.o
    0x08001f18   0x00000050   Code   RO         4675    i.FATFS_LinkDriverEx  diskio.o
    0x08001f68   0x0000000c   Code   RO         4678    i.Flash_initialize  diskio.o
    0x08001f74   0x00000040   Code   RO         4679    i.Flash_ioctl       diskio.o
    0x08001fb4   0x0000002e   Code   RO         4680    i.Flash_read        diskio.o
    0x08001fe2   0x00000006   Code   RO         4681    i.Flash_status      diskio.o
    0x08001fe8   0x0000002e   Code   RO         4682    i.Flash_write       diskio.o
    0x08002016   0x0000000a   Code   RO          447    i.HAL_Delay         stm32f4xx_hal_msp.o
    0x08002020   0x000000b2   Code   RO          973    i.HAL_ETH_GetReceivedFrame  stm32f4xx_hal_eth.o
    0x080020d2   0x00000002   PAD
    0x080020d4   0x00000200   Code   RO         1156    i.HAL_GPIO_Init     stm32f4xx_hal_gpio.o
    0x080022d4   0x0000000c   Code   RO         1160    i.HAL_GPIO_WritePin  stm32f4xx_hal_gpio.o
    0x080022e0   0x0000000c   Code   RO          675    i.HAL_GetTick       stm32f4xx_hal.o
    0x080022ec   0x0000000e   Code   RO         7735    i.HAL_HCD_Connect_Callback  usbh_conf.o
    0x080022fa   0x0000000e   Code   RO         7736    i.HAL_HCD_Disconnect_Callback  usbh_conf.o
    0x08002308   0x0000000c   Code   RO         1693    i.HAL_HCD_GetCurrentFrame  stm32f4xx_hal_hcd.o
    0x08002314   0x00000014   Code   RO         1697    i.HAL_HCD_HC_GetURBState  stm32f4xx_hal_hcd.o
    0x08002328   0x00000012   Code   RO         1698    i.HAL_HCD_HC_GetXferCount  stm32f4xx_hal_hcd.o
    0x0800233a   0x00000034   Code   RO         1699    i.HAL_HCD_HC_Halt   stm32f4xx_hal_hcd.o
    0x0800236e   0x000000ba   Code   RO         1700    i.HAL_HCD_HC_Init   stm32f4xx_hal_hcd.o
    0x08002428   0x00000002   Code   RO         7737    i.HAL_HCD_HC_NotifyURBChange_Callback  usbh_conf.o
    0x0800242a   0x00000268   Code   RO         1702    i.HAL_HCD_HC_SubmitRequest  stm32f4xx_hal_hcd.o
    0x08002692   0x00000166   Code   RO         1703    i.HAL_HCD_IRQHandler  stm32f4xx_hal_hcd.o
    0x080027f8   0x0000005a   Code   RO         1704    i.HAL_HCD_Init      stm32f4xx_hal_hcd.o
    0x08002852   0x00000002   PAD
    0x08002854   0x0000006c   Code   RO         7739    i.HAL_HCD_MspInit   usbh_conf.o
    0x080028c0   0x0000000e   Code   RO         7740    i.HAL_HCD_SOF_Callback  usbh_conf.o
    0x080028ce   0x00000036   Code   RO         1709    i.HAL_HCD_Start     stm32f4xx_hal_hcd.o
    0x08002904   0x0000002e   Code   RO         1710    i.HAL_HCD_Stop      stm32f4xx_hal_hcd.o
    0x08002932   0x00000002   PAD
    0x08002934   0x00000010   Code   RO          677    i.HAL_IncTick       stm32f4xx_hal.o
    0x08002944   0x0000003c   Code   RO          678    i.HAL_Init          stm32f4xx_hal.o
    0x08002980   0x00000028   Code   RO          679    i.HAL_InitTick      stm32f4xx_hal.o
    0x080029a8   0x00000056   Code   RO          448    i.HAL_MspInit       stm32f4xx_hal_msp.o
    0x080029fe   0x0000001a   Code   RO          820    i.HAL_NVIC_EnableIRQ  stm32f4xx_hal_cortex.o
    0x08002a18   0x0000007c   Code   RO          826    i.HAL_NVIC_SetPriority  stm32f4xx_hal_cortex.o
    0x08002a94   0x00000028   Code   RO          827    i.HAL_NVIC_SetPriorityGrouping  stm32f4xx_hal_cortex.o
    0x08002abc   0x0000000a   Code   RO         1660    i.HAL_PCDEx_SetRxFiFo  stm32f4xx_hal_pcd_ex.o
    0x08002ac6   0x00000052   Code   RO         1661    i.HAL_PCDEx_SetTxFiFo  stm32f4xx_hal_pcd_ex.o
    0x08002b18   0x0000000e   Code   RO         7940    i.HAL_PCD_ConnectCallback  usbd_conf.o
    0x08002b26   0x00000020   Code   RO         7941    i.HAL_PCD_DataInStageCallback  usbd_conf.o
    0x08002b46   0x00000020   Code   RO         7942    i.HAL_PCD_DataOutStageCallback  usbd_conf.o
    0x08002b66   0x0000000e   Code   RO         7943    i.HAL_PCD_DisconnectCallback  usbd_conf.o
    0x08002b74   0x0000006a   Code   RO         1454    i.HAL_PCD_EP_Close  stm32f4xx_hal_pcd.o
    0x08002bde   0x00000068   Code   RO         1455    i.HAL_PCD_EP_ClrStall  stm32f4xx_hal_pcd.o
    0x08002c46   0x00000044   Code   RO         1456    i.HAL_PCD_EP_Flush  stm32f4xx_hal_pcd.o
    0x08002c8a   0x00000018   Code   RO         1457    i.HAL_PCD_EP_GetRxCount  stm32f4xx_hal_pcd.o
    0x08002ca2   0x0000008c   Code   RO         1458    i.HAL_PCD_EP_Open   stm32f4xx_hal_pcd.o
    0x08002d2e   0x00000058   Code   RO         1459    i.HAL_PCD_EP_Receive  stm32f4xx_hal_pcd.o
    0x08002d86   0x0000007a   Code   RO         1460    i.HAL_PCD_EP_SetStall  stm32f4xx_hal_pcd.o
    0x08002e00   0x0000005a   Code   RO         1461    i.HAL_PCD_EP_Transmit  stm32f4xx_hal_pcd.o
    0x08002e5a   0x00000002   PAD
    0x08002e5c   0x00000694   Code   RO         1463    i.HAL_PCD_IRQHandler  stm32f4xx_hal_pcd.o
    0x080034f0   0x00000012   Code   RO         7944    i.HAL_PCD_ISOINIncompleteCallback  usbd_conf.o
    0x08003502   0x00000012   Code   RO         7945    i.HAL_PCD_ISOOUTIncompleteCallback  usbd_conf.o
    0x08003514   0x00000142   Code   RO         1466    i.HAL_PCD_Init      stm32f4xx_hal_pcd.o
    0x08003656   0x00000002   PAD
    0x08003658   0x0000007c   Code   RO         7947    i.HAL_PCD_MspInit   usbd_conf.o
    0x080036d4   0x00000032   Code   RO         7948    i.HAL_PCD_ResetCallback  usbd_conf.o
    0x08003706   0x0000000e   Code   RO         7949    i.HAL_PCD_ResumeCallback  usbd_conf.o
    0x08003714   0x0000000e   Code   RO         7950    i.HAL_PCD_SOFCallback  usbd_conf.o
    0x08003722   0x00000032   Code   RO         1472    i.HAL_PCD_SetAddress  stm32f4xx_hal_pcd.o
    0x08003754   0x00000012   Code   RO         7951    i.HAL_PCD_SetupStageCallback  usbd_conf.o
    0x08003766   0x00000034   Code   RO         1474    i.HAL_PCD_Start     stm32f4xx_hal_pcd.o
    0x0800379a   0x00000002   PAD
    0x0800379c   0x00000034   Code   RO         7952    i.HAL_PCD_SuspendCallback  usbd_conf.o
    0x080037d0   0x000001b8   Code   RO         2447    i.HAL_RCCEx_PeriphCLKConfig  stm32f4xx_hal_rcc_ex.o
    0x08003988   0x000001d0   Code   RO         1220    i.HAL_RCC_ClockConfig  stm32f4xx_hal_rcc.o
    0x08003b58   0x0000000c   Code   RO         1225    i.HAL_RCC_GetHCLKFreq  stm32f4xx_hal_rcc.o
    0x08003b64   0x0000002c   Code   RO         1227    i.HAL_RCC_GetPCLK1Freq  stm32f4xx_hal_rcc.o
    0x08003b90   0x0000002c   Code   RO         1228    i.HAL_RCC_GetPCLK2Freq  stm32f4xx_hal_rcc.o
    0x08003bbc   0x000000b4   Code   RO         1229    i.HAL_RCC_GetSysClockFreq  stm32f4xx_hal_rcc.o
    0x08003c70   0x0000044c   Code   RO         1232    i.HAL_RCC_OscConfig  stm32f4xx_hal_rcc.o
    0x080040bc   0x0000008c   Code   RO         2498    i.HAL_SPI_Init      stm32f4xx_hal_spi.o
    0x08004148   0x0000005c   Code   RO          450    i.HAL_SPI_MspInit   stm32f4xx_hal_msp.o
    0x080041a4   0x00000028   Code   RO          829    i.HAL_SYSTICK_CLKSourceConfig  stm32f4xx_hal_cortex.o
    0x080041cc   0x00000034   Code   RO          831    i.HAL_SYSTICK_Config  stm32f4xx_hal_cortex.o
    0x08004200   0x00000072   Code   RO         2829    i.HAL_UART_Init     stm32f4xx_hal_uart.o
    0x08004272   0x00000002   PAD
    0x08004274   0x00000080   Code   RO         3877    i.HAL_UART_MspInit  bsp_uasrt.o
    0x080042f4   0x000004f2   Code   RO         1711    i.HCD_HC_IN_IRQHandler  stm32f4xx_hal_hcd.o
    0x080047e6   0x000004d0   Code   RO         1712    i.HCD_HC_OUT_IRQHandler  stm32f4xx_hal_hcd.o
    0x08004cb6   0x000000d2   Code   RO         1713    i.HCD_Port_IRQHandler  stm32f4xx_hal_hcd.o
    0x08004d88   0x00000108   Code   RO         1714    i.HCD_RXQLVL_IRQHandler  stm32f4xx_hal_hcd.o
    0x08004e90   0x00000004   Code   RO          497    i.HardFault_Handler  stm32f4xx_it.o
    0x08004e94   0x00000010   Code   RO         3291    i.IsKeyDownPress    bsp_key.o
    0x08004ea4   0x00000014   Code   RO         3292    i.IsKeyOkPress      bsp_key.o
    0x08004eb8   0x00000010   Code   RO         3293    i.IsKeyUpPress      bsp_key.o
    0x08004ec8   0x00000042   Code   RO         8341    i.MSC_BOT_Abort     usbd_msc_bot.o
    0x08004f0a   0x00000002   PAD
    0x08004f0c   0x000000d0   Code   RO         8342    i.MSC_BOT_CBW_Decode  usbd_msc_bot.o
    0x08004fdc   0x00000036   Code   RO         8343    i.MSC_BOT_CplClrFeature  usbd_msc_bot.o
    0x08005012   0x0000004a   Code   RO         8344    i.MSC_BOT_DataIn    usbd_msc_bot.o
    0x0800505c   0x00000040   Code   RO         8345    i.MSC_BOT_DataOut   usbd_msc_bot.o
    0x0800509c   0x0000000a   Code   RO         8346    i.MSC_BOT_DeInit    usbd_msc_bot.o
    0x080050a6   0x00000040   Code   RO         8347    i.MSC_BOT_Init      usbd_msc_bot.o
    0x080050e6   0x00000020   Code   RO         8348    i.MSC_BOT_Reset     usbd_msc_bot.o
    0x08005106   0x00000002   PAD
    0x08005108   0x0000003c   Code   RO         8349    i.MSC_BOT_SendCSW   usbd_msc_bot.o
    0x08005144   0x0000004c   Code   RO         8350    i.MSC_BOT_SendData  usbd_msc_bot.o
    0x08005190   0x00000034   Code   RO         7882    i.MX_USB_DEVICE_Init  usb_device.o
    0x080051c4   0x00000028   Code   RO         7694    i.MX_USB_HOST_Init  usb_host.o
    0x080051ec   0x00000004   Code   RO          498    i.MemManage_Handler  stm32f4xx_it.o
    0x080051f0   0x00000002   Code   RO          499    i.NMI_Handler       stm32f4xx_it.o
    0x080051f2   0x00000002   PAD
    0x080051f4   0x00000010   Code   RO          833    i.NVIC_GetPriorityGrouping  stm32f4xx_hal_cortex.o
    0x08005204   0x00000028   Code   RO          834    i.NVIC_SetPriority  stm32f4xx_hal_cortex.o
    0x0800522c   0x0000002c   Code   RO         5887    i.OSIntEnter        os_core.o
    0x08005258   0x000000dc   Code   RO         5888    i.OSIntExit         os_core.o
    0x08005334   0x000000b8   Code   RO         6447    i.OSQPost           os_q.o
    0x080053ec   0x000000a0   Code   RO         5889    i.OSSched           os_core.o
    0x0800548c   0x000001e0   Code   RO         6516    i.OSSemPend         os_sem.o
    0x0800566c   0x00000098   Code   RO         6518    i.OSSemPost         os_sem.o
    0x08005704   0x00000088   Code   RO         6991    i.OSTaskSwHook      os_cpu_c.o
    0x0800578c   0x000001f0   Code   RO         6833    i.OSTimeDlyHMSM     os_time.o
    0x0800597c   0x00000034   Code   RO         6835    i.OSTimeGet         os_time.o
    0x080059b0   0x00000044   Code   RO         6837    i.OSTimeTick        os_time.o
    0x080059f4   0x00000014   Code   RO         6992    i.OSTimeTickHook    os_cpu_c.o
    0x08005a08   0x000000fc   Code   RO         6231    i.OS_IntQPost       os_int.o
    0x08005b04   0x000000fc   Code   RO         6302    i.OS_MsgQPut        os_msg.o
    0x08005c00   0x00000068   Code   RO         5898    i.OS_Pend           os_core.o
    0x08005c68   0x00000026   Code   RO         5901    i.OS_PendDataInit   os_core.o
    0x08005c8e   0x00000002   PAD
    0x08005c90   0x0000005c   Code   RO         5902    i.OS_PendDbgNameAdd  os_core.o
    0x08005cec   0x00000024   Code   RO         5903    i.OS_PendDbgNameRemove  os_core.o
    0x08005d10   0x00000066   Code   RO         5907    i.OS_PendListInsertPrio  os_core.o
    0x08005d76   0x00000030   Code   RO         5908    i.OS_PendListRemove  os_core.o
    0x08005da6   0x00000042   Code   RO         5909    i.OS_PendListRemove1  os_core.o
    0x08005de8   0x000000c0   Code   RO         5912    i.OS_Post           os_core.o
    0x08005ea8   0x0000002a   Code   RO         5913    i.OS_Post1          os_core.o
    0x08005ed2   0x00000002   PAD
    0x08005ed4   0x00000028   Code   RO         6405    i.OS_PrioGetHighest  os_prio.o
    0x08005efc   0x00000024   Code   RO         6407    i.OS_PrioInsert     os_prio.o
    0x08005f20   0x00000024   Code   RO         6408    i.OS_PrioRemove     os_prio.o
    0x08005f44   0x0000014c   Code   RO         6452    i.OS_QPost          os_q.o
    0x08006090   0x0000002c   Code   RO         5915    i.OS_RdyListInsert  os_core.o
    0x080060bc   0x00000040   Code   RO         5916    i.OS_RdyListInsertHead  os_core.o
    0x080060fc   0x0000003c   Code   RO         5917    i.OS_RdyListInsertTail  os_core.o
    0x08006138   0x0000005c   Code   RO         5919    i.OS_RdyListRemove  os_core.o
    0x08006194   0x00000054   Code   RO         5920    i.OS_Sched0         os_core.o
    0x080061e8   0x00000164   Code   RO         6524    i.OS_SemPost        os_sem.o
    0x0800634c   0x00000038   Code   RO         5924    i.OS_TaskBlock      os_core.o
    0x08006384   0x0000001c   Code   RO         5925    i.OS_TaskRdy        os_core.o
    0x080063a0   0x000001bc   Code   RO         6785    i.OS_TickListInsert  os_tick.o
    0x0800655c   0x00000038   Code   RO         6786    i.OS_TickListRemove  os_tick.o
    0x08006594   0x00000010   Code   RO          500    i.OTG_FS_IRQHandler  stm32f4xx_it.o
    0x080065a4   0x00000010   Code   RO          501    i.OTG_HS_IRQHandler  stm32f4xx_it.o
    0x080065b4   0x000000a2   Code   RO         1477    i.PCD_WriteEmptyTxFifo  stm32f4xx_hal_pcd.o
    0x08006656   0x00000032   Code   RO         8440    i.SCSI_CheckAddressRange  usbd_msc_scsi.o
    0x08006688   0x00000050   Code   RO         8441    i.SCSI_Inquiry      usbd_msc_scsi.o
    0x080066d8   0x0000002c   Code   RO         8442    i.SCSI_ModeSense10  usbd_msc_scsi.o
    0x08006704   0x0000002c   Code   RO         8443    i.SCSI_ModeSense6   usbd_msc_scsi.o
    0x08006730   0x000000e8   Code   RO         8444    i.SCSI_ProcessCmd   usbd_msc_scsi.o
    0x08006818   0x000000a4   Code   RO         8445    i.SCSI_ProcessRead  usbd_msc_scsi.o
    0x080068bc   0x000000be   Code   RO         8446    i.SCSI_ProcessWrite  usbd_msc_scsi.o
    0x0800697a   0x000000ec   Code   RO         8447    i.SCSI_Read10       usbd_msc_scsi.o
    0x08006a66   0x00000080   Code   RO         8448    i.SCSI_ReadCapacity10  usbd_msc_scsi.o
    0x08006ae6   0x0000008a   Code   RO         8449    i.SCSI_ReadFormatCapacity  usbd_msc_scsi.o
    0x08006b70   0x00000086   Code   RO         8450    i.SCSI_RequestSense  usbd_msc_scsi.o
    0x08006bf6   0x0000003a   Code   RO         8451    i.SCSI_SenseCode    usbd_msc_scsi.o
    0x08006c30   0x00000010   Code   RO         8452    i.SCSI_StartStopUnit  usbd_msc_scsi.o
    0x08006c40   0x00000056   Code   RO         8453    i.SCSI_TestUnitReady  usbd_msc_scsi.o
    0x08006c96   0x00000050   Code   RO         8454    i.SCSI_Verify10     usbd_msc_scsi.o
    0x08006ce6   0x0000012e   Code   RO         8455    i.SCSI_Write10      usbd_msc_scsi.o
    0x08006e14   0x00000008   Code   RO         4279    i.SDIO_IRQHandler   bsp_sdcard.o
    0x08006e1c   0x00000012   Code   RO         8196    i.STORAGE_GetCapacity_FS  usbd_storage_if.o
    0x08006e2e   0x00000004   Code   RO         8197    i.STORAGE_GetMaxLun_FS  usbd_storage_if.o
    0x08006e32   0x00000006   Code   RO         8198    i.STORAGE_Init_FS   usbd_storage_if.o
    0x08006e38   0x00000006   Code   RO         8199    i.STORAGE_IsReady_FS  usbd_storage_if.o
    0x08006e3e   0x00000006   Code   RO         8200    i.STORAGE_IsWriteProtected_FS  usbd_storage_if.o
    0x08006e44   0x00000022   Code   RO         8201    i.STORAGE_Read_FS   usbd_storage_if.o
    0x08006e66   0x00000022   Code   RO         8202    i.STORAGE_Write_FS  usbd_storage_if.o
    0x08006e88   0x00000002   Code   RO          502    i.SVC_Handler       stm32f4xx_it.o
    0x08006e8a   0x00000008   Code   RO         3380    i.SysTick_Handler   bsp_timer.o
    0x08006e92   0x00000002   PAD
    0x08006e94   0x00000060   Code   RO         3381    i.SysTick_ISR       bsp_timer.o
    0x08006ef4   0x000000d0   Code   RO          451    i.SystemClock_Config  stm32f4xx_hal_msp.o
    0x08006fc4   0x00000064   Code   RO          576    i.SystemInit        system_stm32f4xx.o
    0x08007028   0x00000368   Code   RO         2856    i.UART_SetConfig    stm32f4xx_hal_uart.o
    0x08007390   0x00000010   Code   RO         3878    i.USART2_IRQHandler  bsp_uasrt.o
    0x080073a0   0x00000010   Code   RO         3879    i.USART3_IRQHandler  bsp_uasrt.o
    0x080073b0   0x00000016   Code   RO         8544    i.USBD_ClrClassConfig  usbd_core.o
    0x080073c6   0x00000044   Code   RO         8682    i.USBD_ClrFeature   usbd_ctlreq.o
    0x0800740a   0x00000018   Code   RO         8777    i.USBD_CtlContinueRx  usbd_ioreq.o
    0x08007422   0x00000018   Code   RO         8778    i.USBD_CtlContinueSendData  usbd_ioreq.o
    0x0800743a   0x00000018   Code   RO         8683    i.USBD_CtlError     usbd_ctlreq.o
    0x08007452   0x0000001a   Code   RO         8780    i.USBD_CtlReceiveStatus  usbd_ioreq.o
    0x0800746c   0x00000022   Code   RO         8781    i.USBD_CtlSendData  usbd_ioreq.o
    0x0800748e   0x0000001a   Code   RO         8782    i.USBD_CtlSendStatus  usbd_ioreq.o
    0x080074a8   0x00000034   Code   RO         8129    i.USBD_FS_ConfigStrDescriptor  usbd_desc.o
    0x080074dc   0x00000010   Code   RO         8130    i.USBD_FS_DeviceDescriptor  usbd_desc.o
    0x080074ec   0x00000038   Code   RO         8131    i.USBD_FS_InterfaceStrDescriptor  usbd_desc.o
    0x08007524   0x00000010   Code   RO         8132    i.USBD_FS_LangIDStrDescriptor  usbd_desc.o
    0x08007534   0x00000020   Code   RO         8133    i.USBD_FS_ManufacturerStrDescriptor  usbd_desc.o
    0x08007554   0x00000038   Code   RO         8134    i.USBD_FS_ProductStrDescriptor  usbd_desc.o
    0x0800758c   0x00000038   Code   RO         8135    i.USBD_FS_SerialStrDescriptor  usbd_desc.o
    0x080075c4   0x00000050   Code   RO         8684    i.USBD_GetConfig    usbd_ctlreq.o
    0x08007614   0x00000148   Code   RO         8685    i.USBD_GetDescriptor  usbd_ctlreq.o
    0x0800775c   0x00000014   Code   RO         8686    i.USBD_GetLen       usbd_ctlreq.o
    0x08007770   0x00000044   Code   RO         8687    i.USBD_GetStatus    usbd_ctlreq.o
    0x080077b4   0x00000052   Code   RO         8688    i.USBD_GetString    usbd_ctlreq.o
    0x08007806   0x00000032   Code   RO         8546    i.USBD_Init         usbd_core.o
    0x08007838   0x00000044   Code   RO         7953    i.USBD_LL_ClearStallEP  usbd_conf.o
    0x0800787c   0x00000044   Code   RO         7954    i.USBD_LL_CloseEP   usbd_conf.o
    0x080078c0   0x000000da   Code   RO         8547    i.USBD_LL_DataInStage  usbd_core.o
    0x0800799a   0x00000086   Code   RO         8548    i.USBD_LL_DataOutStage  usbd_core.o
    0x08007a20   0x00000006   Code   RO         8549    i.USBD_LL_DevConnected  usbd_core.o
    0x08007a26   0x0000001a   Code   RO         8550    i.USBD_LL_DevDisconnected  usbd_core.o
    0x08007a40   0x00000044   Code   RO         7957    i.USBD_LL_FlushEP   usbd_conf.o
    0x08007a84   0x00000012   Code   RO         7958    i.USBD_LL_GetRxDataSize  usbd_conf.o
    0x08007a96   0x00000002   PAD
    0x08007a98   0x00000064   Code   RO         7959    i.USBD_LL_Init      usbd_conf.o
    0x08007afc   0x00000038   Code   RO         7960    i.USBD_LL_IsStallEP  usbd_conf.o
    0x08007b34   0x00000006   Code   RO         8551    i.USBD_LL_IsoINIncomplete  usbd_core.o
    0x08007b3a   0x00000006   Code   RO         8552    i.USBD_LL_IsoOUTIncomplete  usbd_core.o
    0x08007b40   0x00000062   Code   RO         7961    i.USBD_LL_OpenEP    usbd_conf.o
    0x08007ba2   0x00000062   Code   RO         7962    i.USBD_LL_PrepareReceive  usbd_conf.o
    0x08007c04   0x00000044   Code   RO         8553    i.USBD_LL_Reset     usbd_core.o
    0x08007c48   0x0000000e   Code   RO         8554    i.USBD_LL_Resume    usbd_core.o
    0x08007c56   0x00000022   Code   RO         8555    i.USBD_LL_SOF       usbd_core.o
    0x08007c78   0x00000008   Code   RO         8556    i.USBD_LL_SetSpeed  usbd_core.o
    0x08007c80   0x00000044   Code   RO         7963    i.USBD_LL_SetUSBAddress  usbd_conf.o
    0x08007cc4   0x0000006e   Code   RO         8557    i.USBD_LL_SetupStage  usbd_core.o
    0x08007d32   0x00000044   Code   RO         7964    i.USBD_LL_StallEP   usbd_conf.o
    0x08007d76   0x0000003c   Code   RO         7965    i.USBD_LL_Start     usbd_conf.o
    0x08007db2   0x00000014   Code   RO         8558    i.USBD_LL_Suspend   usbd_core.o
    0x08007dc6   0x00000062   Code   RO         7967    i.USBD_LL_Transmit  usbd_conf.o
    0x08007e28   0x00000012   Code   RO         8257    i.USBD_MSC_DataIn   usbd_msc.o
    0x08007e3a   0x00000012   Code   RO         8258    i.USBD_MSC_DataOut  usbd_msc.o
    0x08007e4c   0x00000034   Code   RO         8259    i.USBD_MSC_DeInit   usbd_msc.o
    0x08007e80   0x00000010   Code   RO         8260    i.USBD_MSC_GetDeviceQualifierDescriptor  usbd_msc.o
    0x08007e90   0x00000010   Code   RO         8261    i.USBD_MSC_GetFSCfgDesc  usbd_msc.o
    0x08007ea0   0x00000010   Code   RO         8262    i.USBD_MSC_GetHSCfgDesc  usbd_msc.o
    0x08007eb0   0x00000010   Code   RO         8263    i.USBD_MSC_GetOtherSpeedCfgDesc  usbd_msc.o
    0x08007ec0   0x00000064   Code   RO         8264    i.USBD_MSC_Init     usbd_msc.o
    0x08007f24   0x0000000c   Code   RO         8265    i.USBD_MSC_RegisterStorage  usbd_msc.o
    0x08007f30   0x0000012a   Code   RO         8266    i.USBD_MSC_Setup    usbd_msc.o
    0x0800805a   0x00000028   Code   RO         8689    i.USBD_ParseSetupRequest  usbd_ctlreq.o
    0x08008082   0x00000010   Code   RO         8559    i.USBD_RegisterClass  usbd_core.o
    0x08008092   0x00000006   Code   RO         8560    i.USBD_RunTestMode  usbd_core.o
    0x08008098   0x00000054   Code   RO         8690    i.USBD_SetAddress   usbd_ctlreq.o
    0x080080ec   0x00000022   Code   RO         8561    i.USBD_SetClassConfig  usbd_core.o
    0x0800810e   0x00000002   PAD
    0x08008110   0x000000e0   Code   RO         8691    i.USBD_SetConfig    usbd_ctlreq.o
    0x080081f0   0x00000024   Code   RO         8692    i.USBD_SetFeature   usbd_ctlreq.o
    0x08008214   0x0000000e   Code   RO         8562    i.USBD_Start        usbd_core.o
    0x08008222   0x00000072   Code   RO         8693    i.USBD_StdDevReq    usbd_ctlreq.o
    0x08008294   0x00000156   Code   RO         8694    i.USBD_StdEPReq     usbd_ctlreq.o
    0x080083ea   0x0000004a   Code   RO         8695    i.USBD_StdItfReq    usbd_ctlreq.o
    0x08008434   0x00000026   Code   RO         7446    i.USBH_AllocPipe    usbh_pipes.o
    0x0800845a   0x0000002a   Code   RO         7374    i.USBH_BulkReceiveData  usbh_ioreq.o
    0x08008484   0x00000034   Code   RO         7375    i.USBH_BulkSendData  usbh_ioreq.o
    0x080084b8   0x00000012   Code   RO         7447    i.USBH_ClosePipe    usbh_pipes.o
    0x080084ca   0x00000028   Code   RO         7266    i.USBH_ClrFeature   usbh_ctlreq.o
    0x080084f2   0x0000002a   Code   RO         7376    i.USBH_CtlReceiveData  usbh_ioreq.o
    0x0800851c   0x00000054   Code   RO         7267    i.USBH_CtlReq       usbh_ctlreq.o
    0x08008570   0x00000034   Code   RO         7377    i.USBH_CtlSendData  usbh_ioreq.o
    0x080085a4   0x00000026   Code   RO         7378    i.USBH_CtlSendSetup  usbh_ioreq.o
    0x080085ca   0x00000050   Code   RO         7142    i.USBH_FindInterface  usbh_core.o
    0x0800861a   0x0000001e   Code   RO         7448    i.USBH_FreePipe     usbh_pipes.o
    0x08008638   0x00000028   Code   RO         7449    i.USBH_GetFreePipe  usbh_pipes.o
    0x08008660   0x000001be   Code   RO         7273    i.USBH_HandleControl  usbh_ctlreq.o
    0x0800881e   0x0000001c   Code   RO         7146    i.USBH_HandleSof    usbh_core.o
    0x0800883a   0x00000032   Code   RO         7147    i.USBH_Init         usbh_core.o
    0x0800886c   0x00000044   Code   RO         7742    i.USBH_LL_ClosePipe  usbh_conf.o
    0x080088b0   0x0000002e   Code   RO         7148    i.USBH_LL_Connect   usbh_core.o
    0x080088de   0x0000003e   Code   RO         7149    i.USBH_LL_Disconnect  usbh_core.o
    0x0800891c   0x00000018   Code   RO         7744    i.USBH_LL_DriverVBUS  usbh_conf.o
    0x08008934   0x00000012   Code   RO         7745    i.USBH_LL_GetLastXferSize  usbh_conf.o
    0x08008946   0x0000003a   Code   RO         7747    i.USBH_LL_GetToggle  usbh_conf.o
    0x08008980   0x00000012   Code   RO         7748    i.USBH_LL_GetURBState  usbh_conf.o
    0x08008992   0x00000016   Code   RO         7150    i.USBH_LL_IncTimer  usbh_core.o
    0x080089a8   0x00000058   Code   RO         7749    i.USBH_LL_Init      usbh_conf.o
    0x08008a00   0x00000072   Code   RO         7750    i.USBH_LL_OpenPipe  usbh_conf.o
    0x08008a72   0x00000006   Code   RO         7151    i.USBH_LL_SetTimer  usbh_core.o
    0x08008a78   0x0000003a   Code   RO         7752    i.USBH_LL_SetToggle  usbh_conf.o
    0x08008ab2   0x0000003c   Code   RO         7753    i.USBH_LL_Start     usbh_conf.o
    0x08008aee   0x0000003c   Code   RO         7754    i.USBH_LL_Stop      usbh_conf.o
    0x08008b2a   0x00000076   Code   RO         7755    i.USBH_LL_SubmitURB  usbh_conf.o
    0x08008ba0   0x0000003c   Code   RO         7584    i.USBH_MSC_BOT_Abort  usbh_msc_bot.o
    0x08008bdc   0x00000028   Code   RO         7585    i.USBH_MSC_BOT_Init  usbh_msc_bot.o
    0x08008c04   0x0000026e   Code   RO         7586    i.USBH_MSC_BOT_Process  usbh_msc_bot.o
    0x08008e72   0x00000024   Code   RO         7587    i.USBH_MSC_BOT_REQ_GetMaxLUN  usbh_msc_bot.o
    0x08008e96   0x00000020   Code   RO         7588    i.USBH_MSC_BOT_REQ_Reset  usbh_msc_bot.o
    0x08008eb6   0x0000008e   Code   RO         7493    i.USBH_MSC_ClassRequest  usbh_msc.o
    0x08008f44   0x00000058   Code   RO         7589    i.USBH_MSC_DecodeCSW  usbh_msc_bot.o
    0x08008f9c   0x00000038   Code   RO         7494    i.USBH_MSC_GetLUNInfo  usbh_msc.o
    0x08008fd4   0x00000058   Code   RO         7496    i.USBH_MSC_InterfaceDeInit  usbh_msc.o
    0x0800902c   0x000001be   Code   RO         7497    i.USBH_MSC_InterfaceInit  usbh_msc.o
    0x080091ea   0x00000472   Code   RO         7499    i.USBH_MSC_Process  usbh_msc.o
    0x0800965c   0x0000015c   Code   RO         7500    i.USBH_MSC_RdWrProcess  usbh_msc.o
    0x080097b8   0x0000009c   Code   RO         7501    i.USBH_MSC_Read     usbh_msc.o
    0x08009854   0x000000f2   Code   RO         7640    i.USBH_MSC_SCSI_Inquiry  usbh_msc_scsi.o
    0x08009946   0x000000a2   Code   RO         7641    i.USBH_MSC_SCSI_Read  usbh_msc_scsi.o
    0x080099e8   0x000000a8   Code   RO         7642    i.USBH_MSC_SCSI_ReadCapacity  usbh_msc_scsi.o
    0x08009a90   0x000000b2   Code   RO         7643    i.USBH_MSC_SCSI_RequestSense  usbh_msc_scsi.o
    0x08009b42   0x00000062   Code   RO         7644    i.USBH_MSC_SCSI_TestUnitReady  usbh_msc_scsi.o
    0x08009ba4   0x000000a2   Code   RO         7645    i.USBH_MSC_SCSI_Write  usbh_msc_scsi.o
    0x08009c46   0x00000006   Code   RO         7502    i.USBH_MSC_SOFProcess  usbh_msc.o
    0x08009c4c   0x00000030   Code   RO         7503    i.USBH_MSC_UnitIsReady  usbh_msc.o
    0x08009c7c   0x0000009c   Code   RO         7504    i.USBH_MSC_Write    usbh_msc.o
    0x08009d18   0x0000002a   Code   RO         7450    i.USBH_OpenPipe     usbh_pipes.o
    0x08009d42   0x0000002a   Code   RO         7154    i.USBH_RegisterClass  usbh_core.o
    0x08009d6c   0x00000016   Code   RO         7155    i.USBH_SelectInterface  usbh_core.o
    0x08009d82   0x00000016   Code   RO         7156    i.USBH_Start        usbh_core.o
    0x08009d98   0x00000098   Code   RO         7696    i.USBH_UserProcess  usb_host.o
    0x08009e30   0x00000006   Code   RO         4683    i.USBH_initialize   diskio.o
    0x08009e36   0x00000002   PAD
    0x08009e38   0x0000007c   Code   RO         4684    i.USBH_ioctl        diskio.o
    0x08009eb4   0x000000a8   Code   RO         4685    i.USBH_read         diskio.o
    0x08009f5c   0x00000020   Code   RO         4686    i.USBH_status       diskio.o
    0x08009f7c   0x000000b4   Code   RO         4687    i.USBH_write        diskio.o
    0x0800a030   0x000000c4   Code   RO         1855    i.USB_ActivateEndpoint  stm32f4xx_ll_usb.o
    0x0800a0f4   0x00000044   Code   RO         1856    i.USB_ActivateSetup  stm32f4xx_ll_usb.o
    0x0800a138   0x00000070   Code   RO         1858    i.USB_CoreInit      stm32f4xx_ll_usb.o
    0x0800a1a8   0x0000004c   Code   RO         1859    i.USB_CoreReset     stm32f4xx_ll_usb.o
    0x0800a1f4   0x0000010c   Code   RO         1861    i.USB_DeactivateEndpoint  stm32f4xx_ll_usb.o
    0x0800a300   0x0000001e   Code   RO         1862    i.USB_DevConnect    stm32f4xx_ll_usb.o
    0x0800a31e   0x0000001e   Code   RO         1863    i.USB_DevDisconnect  stm32f4xx_ll_usb.o
    0x0800a33c   0x000001a0   Code   RO         1864    i.USB_DevInit       stm32f4xx_ll_usb.o
    0x0800a4dc   0x0000000e   Code   RO         1865    i.USB_DisableGlobalInt  stm32f4xx_ll_usb.o
    0x0800a4ea   0x00000002   PAD
    0x0800a4ec   0x00000040   Code   RO         1866    i.USB_DoPing        stm32f4xx_ll_usb.o
    0x0800a52c   0x00000044   Code   RO         1867    i.USB_DriveVbus     stm32f4xx_ll_usb.o
    0x0800a570   0x000001ac   Code   RO         1868    i.USB_EP0StartXfer  stm32f4xx_ll_usb.o
    0x0800a71c   0x00000044   Code   RO         1869    i.USB_EP0_OutStart  stm32f4xx_ll_usb.o
    0x0800a760   0x00000088   Code   RO         1870    i.USB_EPClearStall  stm32f4xx_ll_usb.o
    0x0800a7e8   0x0000008c   Code   RO         1871    i.USB_EPSetStall    stm32f4xx_ll_usb.o
    0x0800a874   0x000002d0   Code   RO         1872    i.USB_EPStartXfer   stm32f4xx_ll_usb.o
    0x0800ab44   0x0000000e   Code   RO         1873    i.USB_EnableGlobalInt  stm32f4xx_ll_usb.o
    0x0800ab52   0x00000002   PAD
    0x0800ab54   0x0000002c   Code   RO         1874    i.USB_FlushRxFifo   stm32f4xx_ll_usb.o
    0x0800ab80   0x00000030   Code   RO         1875    i.USB_FlushTxFifo   stm32f4xx_ll_usb.o
    0x0800abb0   0x0000000c   Code   RO         1876    i.USB_GetCurrentFrame  stm32f4xx_ll_usb.o
    0x0800abbc   0x00000044   Code   RO         1877    i.USB_GetDevSpeed   stm32f4xx_ll_usb.o
    0x0800ac00   0x0000000a   Code   RO         1879    i.USB_GetMode       stm32f4xx_ll_usb.o
    0x0800ac0a   0x00000148   Code   RO         1880    i.USB_HC_Halt       stm32f4xx_ll_usb.o
    0x0800ad52   0x00000188   Code   RO         1881    i.USB_HC_Init       stm32f4xx_ll_usb.o
    0x0800aeda   0x0000000c   Code   RO         1882    i.USB_HC_ReadInterrupt  stm32f4xx_ll_usb.o
    0x0800aee6   0x00000002   PAD
    0x0800aee8   0x00000188   Code   RO         1883    i.USB_HC_StartXfer  stm32f4xx_ll_usb.o
    0x0800b070   0x000000ec   Code   RO         1884    i.USB_HostInit      stm32f4xx_ll_usb.o
    0x0800b15c   0x0000003e   Code   RO         1885    i.USB_InitFSLSPClkSel  stm32f4xx_ll_usb.o
    0x0800b19a   0x00000012   Code   RO         1886    i.USB_ReadDevAllInEpInterrupt  stm32f4xx_ll_usb.o
    0x0800b1ac   0x00000012   Code   RO         1887    i.USB_ReadDevAllOutEpInterrupt  stm32f4xx_ll_usb.o
    0x0800b1be   0x0000002c   Code   RO         1888    i.USB_ReadDevInEPInterrupt  stm32f4xx_ll_usb.o
    0x0800b1ea   0x00000016   Code   RO         1889    i.USB_ReadDevOutEPInterrupt  stm32f4xx_ll_usb.o
    0x0800b200   0x0000000c   Code   RO         1890    i.USB_ReadInterrupts  stm32f4xx_ll_usb.o
    0x0800b20c   0x00000022   Code   RO         1891    i.USB_ReadPacket    stm32f4xx_ll_usb.o
    0x0800b22e   0x00000030   Code   RO         1893    i.USB_SetCurrentMode  stm32f4xx_ll_usb.o
    0x0800b25e   0x00000024   Code   RO         1894    i.USB_SetDevAddress  stm32f4xx_ll_usb.o
    0x0800b282   0x00000010   Code   RO         1895    i.USB_SetDevSpeed   stm32f4xx_ll_usb.o
    0x0800b292   0x000000ae   Code   RO         1897    i.USB_StopHost      stm32f4xx_ll_usb.o
    0x0800b340   0x00000030   Code   RO         1898    i.USB_WritePacket   stm32f4xx_ll_usb.o
    0x0800b370   0x00000004   Code   RO          503    i.UsageFault_Handler  stm32f4xx_it.o
    0x0800b374   0x00000030   Code   RO        12616    i.__ARM_fpclassify  m_wm.l(fpclassify.o)
    0x0800b3a4   0x00000006   Code   RO         3382    i.__set_PRIMASK     bsp_timer.o
    0x0800b3aa   0x00000006   Code   RO        10199    i.__set_PRIMASK     ethernetif.o
    0x0800b3b0   0x0000000e   Code   RO        12274    i._is_digit         c_w.l(__printf_wp.o)
    0x0800b3be   0x00000008   Code   RO         3881    i._sys_exit         bsp_uasrt.o
    0x0800b3c6   0x00000008   Code   RO         3882    i._ttywrch          bsp_uasrt.o
    0x0800b3ce   0x00000002   PAD
    0x0800b3d0   0x000000a8   Code   RO         4537    i.app_flash_Config  app_w25qxx.o
    0x0800b478   0x0000006c   Code   RO         4539    i.app_flash_EraseSector  app_w25qxx.o
    0x0800b4e4   0x00000070   Code   RO         4541    i.app_flash_Read    app_w25qxx.o
    0x0800b554   0x00000084   Code   RO         4542    i.app_flash_ReadID  app_w25qxx.o
    0x0800b5d8   0x0000004c   Code   RO         4543    i.app_flash_ReadSR  app_w25qxx.o
    0x0800b624   0x00000012   Code   RO         4544    i.app_flash_WaitBusy  app_w25qxx.o
    0x0800b636   0x00000002   PAD
    0x0800b638   0x000000b8   Code   RO         4545    i.app_flash_Write   app_w25qxx.o
    0x0800b6f0   0x00000058   Code   RO         4546    i.app_flash_WriteCmd  app_w25qxx.o
    0x0800b748   0x00000046   Code   RO         4547    i.app_flash_WriteNoCheck  app_w25qxx.o
    0x0800b78e   0x00000002   PAD
    0x0800b790   0x00000078   Code   RO         4548    i.app_flash_WritePage  app_w25qxx.o
    0x0800b808   0x00000018   Code   RO         4507    i.app_sys_Config    app_sys.o
    0x0800b820   0x0000000c   Code   RO         3295    i.bsp_key_Config    bsp_key.o
    0x0800b82c   0x00000078   Code   RO         3297    i.bsp_key_FIFOConfig  bsp_key.o
    0x0800b8a4   0x00000088   Code   RO         3298    i.bsp_key_GPIOConfig  bsp_key.o
    0x0800b92c   0x00000014   Code   RO         3241    i.bsp_led_Config    bsp_led.o
    0x0800b940   0x00000048   Code   RO         3242    i.bsp_led_GPIOConfig  bsp_led.o
    0x0800b988   0x0000003c   Code   RO         3244    i.bsp_led_ON        bsp_led.o
    0x0800b9c4   0x00000064   Code   RO         3245    i.bsp_led_Toggle    bsp_led.o
    0x0800ba28   0x00000058   Code   RO         3607    i.bsp_mem_Config    bsp_malloc.o
    0x0800ba80   0x00000040   Code   RO         3610    i.bsp_mem_GetUsed   bsp_malloc.o
    0x0800bac0   0x0000002c   Code   RO         3611    i.bsp_mem_Malloc    bsp_malloc.o
    0x0800baec   0x00000014   Code   RO         3613    i.bsp_mem_Set       bsp_malloc.o
    0x0800bb00   0x000000a4   Code   RO         3615    i.bsp_mem_mallocIN  bsp_malloc.o
    0x0800bba4   0x00000060   Code   RO         4283    i.bsp_sd_CmdR1Error  bsp_sdcard.o
    0x0800bc04   0x0000016c   Code   RO         4298    i.bsp_sd_ProcessIRQSrc  bsp_sdcard.o
    0x0800bd70   0x00000034   Code   RO         4309    i.bsp_sdio_SendCmd  bsp_sdcard.o
    0x0800bda4   0x00000074   Code   RO         3494    i.bsp_spi_Config    bsp_spi.o
    0x0800be18   0x0000012c   Code   RO         3495    i.bsp_spi_DMAConfig  bsp_spi.o
    0x0800bf44   0x0000000a   Code   RO         3497    i.bsp_spi_DMAStop   bsp_spi.o
    0x0800bf4e   0x00000022   Code   RO         3502    i.bsp_spi_ReadWriteByte  bsp_spi.o
    0x0800bf70   0x0000001e   Code   RO         3503    i.bsp_spi_SetSpeed  bsp_spi.o
    0x0800bf8e   0x00000002   PAD
    0x0800bf90   0x000000c4   Code   RO         3504    i.bsp_spi_Transmit  bsp_spi.o
    0x0800c054   0x00000040   Code   RO         3386    i.bsp_tim_DelayMs   bsp_timer.o
    0x0800c094   0x000000cc   Code   RO         3391    i.bsp_tim_SoftConfig  bsp_timer.o
    0x0800c160   0x00000030   Code   RO         3885    i.bsp_usart_Config  bsp_uasrt.o
    0x0800c190   0x000000b2   Code   RO         3890    i.bsp_usart_IRQHandler  bsp_uasrt.o
    0x0800c242   0x00000028   Code   RO         3893    i.bsp_usart_Put     bsp_uasrt.o
    0x0800c26a   0x00000002   PAD
    0x0800c26c   0x00000090   Code   RO         4841    i.check_fs          ff.o
    0x0800c2fc   0x0000002c   Code   RO         4688    i.disk_initialize   diskio.o
    0x0800c328   0x00000034   Code   RO         4690    i.disk_read         diskio.o
    0x0800c35c   0x00000020   Code   RO         4691    i.disk_status       diskio.o
    0x0800c37c   0x00000034   Code   RO         4692    i.disk_write        diskio.o
    0x0800c3b0   0x0000002e   Code   RO        10201    i.ethernetif_input  ethernetif.o
    0x0800c3de   0x00000002   PAD
    0x0800c3e0   0x0000005c   Code   RO         4864    i.f_mount           ff.o
    0x0800c43c   0x00000098   Code   RO         4693    i.fatfs_init        diskio.o
    0x0800c4d4   0x00000388   Code   RO         4880    i.find_volume       ff.o
    0x0800c85c   0x0000001c   Code   RO         3896    i.fputc             bsp_uasrt.o
    0x0800c878   0x0000004a   Code   RO         4886    i.get_ldnumber      ff.o
    0x0800c8c2   0x00000002   PAD
    0x0800c8c4   0x0000010c   Code   RO        10203    i.low_level_input   ethernetif.o
    0x0800c9d0   0x00000010   Code   RO        10282    i.lwip_pkt_handle   lwip_comm.o
    0x0800c9e0   0x00000042   Code   RO            4    i.main              main.o
    0x0800ca22   0x00000002   PAD
    0x0800ca24   0x00000158   Code   RO         9011    i.mem_free          mem.o
    0x0800cb7c   0x00000278   Code   RO         9013    i.mem_malloc        mem.o
    0x0800cdf4   0x000000b0   Code   RO         9067    i.memp_free         memp.o
    0x0800cea4   0x000000f0   Code   RO         9070    i.memp_malloc       memp.o
    0x0800cf94   0x00000032   Code   RO         4891    i.move_window       ff.o
    0x0800cfc6   0x00000002   PAD
    0x0800cfc8   0x0000004c   Code   RO         3897    i.os_printf         bsp_uasrt.o
    0x0800d014   0x00000414   Code   RO         9246    i.pbuf_alloc        pbuf.o
    0x0800d428   0x000001b0   Code   RO         9255    i.pbuf_free         pbuf.o
    0x0800d5d8   0x00000040   Code   RO         9256    i.pbuf_free_ooseq   pbuf.o
    0x0800d618   0x0000000a   Code   RO         9257    i.pbuf_free_ooseq_callback  pbuf.o
    0x0800d622   0x00000002   PAD
    0x0800d624   0x00000048   Code   RO         9262    i.pbuf_pool_is_empty  pbuf.o
    0x0800d66c   0x000001a4   Code   RO         9015    i.plug_holes        mem.o
    0x0800d810   0x0000004c   Code   RO         4899    i.sync_window       ff.o
    0x0800d85c   0x00000072   Code   RO        10356    i.sys_arch_sem_wait  sys_arch.o
    0x0800d8ce   0x00000002   PAD
    0x0800d8d0   0x000000c8   Code   RO        10360    i.sys_mbox_post     sys_arch.o
    0x0800d998   0x00000030   Code   RO        10362    i.sys_mbox_trypost  sys_arch.o
    0x0800d9c8   0x00000024   Code   RO        10363    i.sys_mbox_valid    sys_arch.o
    0x0800d9ec   0x0000007c   Code   RO        10369    i.sys_sem_signal    sys_arch.o
    0x0800da68   0x0000001a   Code   RO         9536    i.tcp_seg_free      tcp.o
    0x0800da82   0x00000018   Code   RO         9537    i.tcp_segs_free     tcp.o
    0x0800da9a   0x00000002   PAD
    0x0800da9c   0x00000060   Code   RO        11481    i.tcpip_callback_with_block  tcpip.o
    0x0800dafc   0x0000002c   Code   RO        12436    locale$$code        c_w.l(lc_ctype_c.o)
    0x0800db28   0x0000002c   Code   RO        12592    locale$$code        c_w.l(lc_numeric_c.o)
    0x0800db54   0x0000000a   Code   RO        12553    x$fpl$fpinit        fz_wm.l(fpinit.o)
    0x0800db5e   0x00000004   Code   RO        12491    x$fpl$printf1       fz_wm.l(printf1.o)
    0x0800db62   0x00000000   Code   RO        12493    x$fpl$usenofp       fz_wm.l(usenofp.o)
    0x0800db62   0x00000018   Data   RO          577    .constdata          system_stm32f4xx.o
    0x0800db7a   0x00000002   PAD
    0x0800db7c   0x00000018   Data   RO         3619    .constdata          bsp_malloc.o
    0x0800db94   0x00000028   Data   RO         4698    .constdata          diskio.o
    0x0800dbbc   0x000000a4   Data   RO         5865    .constdata          os_cfg_app.o
    0x0800dc60   0x00000024   Data   RO         8203    .constdata          usbd_storage_if.o
    0x0800dc84   0x00000017   Data   RO         8416    .constdata          usbd_msc_data.o
    0x0800dc9b   0x00000001   PAD
    0x0800dc9c   0x00000004   Data   RO        10373    .constdata          sys_arch.o
    0x0800dca0   0x00000011   Data   RO        12282    .constdata          c_w.l(__printf_flags_ss_wp.o)
    0x0800dcb1   0x00000003   PAD
    0x0800dcb4   0x00000008   Data   RO        12381    .constdata          c_w.l(_printf_wctomb.o)
    0x0800dcbc   0x00000028   Data   RO        12410    .constdata          c_w.l(_printf_hex_int_ll_ptr.o)
    0x0800dce4   0x00000094   Data   RO        12567    .constdata          c_w.l(bigflt0.o)
    0x0800dd78   0x00000004   Data   RO         7505    .conststring        usbh_msc.o
    0x0800dd7c   0x00000020   Data   RO        12672    Region$$Table       anon$$obj.o
    0x0800dd9c   0x00000110   Data   RO        12435    locale$$data        c_w.l(lc_ctype_c.o)
    0x0800deac   0x0000001c   Data   RO        12591    locale$$data        c_w.l(lc_numeric_c.o)


    Execution Region RW_IRAM1 (Base: 0x20000000, Size: 0x00018e40, Max: 0x00020000, ABSOLUTE, COMPRESSED[0x000000e0])

    Base Addr    Size         Type   Attr      Idx    E Section Name        Object

    0x20000000   0x00000004   Data   RW          578    .data               system_stm32f4xx.o
    0x20000004   0x00000004   Data   RW          684    .data               stm32f4xx_hal.o
    0x20000008   0x00000001   Data   RW         3246    .data               bsp_led.o
    0x20000009   0x00000003   PAD
    0x2000000c   0x0000000c   Data   RW         3395    .data               bsp_timer.o
    0x20000018   0x0000001c   Data   RW         3620    .data               bsp_malloc.o
    0x20000034   0x00000004   Data   RW         3899    .data               bsp_uasrt.o
    0x20000038   0x00000010   Data   RW         4314    .data               bsp_sdcard.o
    0x20000048   0x00000007   Data   RW         4508    .data               app_sys.o
    0x2000004f   0x00000001   PAD
    0x20000050   0x00000002   Data   RW         4551    .data               app_w25qxx.o
    0x20000052   0x00000002   PAD
    0x20000054   0x00000013   Data   RW         4699    .data               diskio.o
    0x20000067   0x00000001   PAD
    0x20000068   0x00000002   Data   RW         4903    .data               ff.o
    0x2000006a   0x00000002   PAD
    0x2000006c   0x00000008   Data   RW         6409    .data               os_prio.o
    0x20000074   0x000000c8   Data   RW         6965    .data               os_var.o
    0x2000013c   0x00000004   Data   RW         6995    .data               os_cpu_c.o
    0x20000140   0x00000020   Data   RW         7506    .data               usbh_msc.o
    0x20000160   0x00000034   Data   RW         8137    .data               usbd_desc.o
    0x20000194   0x00000020   Data   RW         8204    .data               usbd_storage_if.o
    0x200001b4   0x000000a2   Data   RW         8267    .data               usbd_msc.o
    0x20000256   0x00000001   Data   RW         8696    .data               usbd_ctlreq.o
    0x20000257   0x00000001   PAD
    0x20000258   0x00000010   Data   RW         9017    .data               mem.o
    0x20000268   0x00000001   Data   RW         9267    .data               pbuf.o
    0x20000269   0x00000003   PAD
    0x2000026c   0x00000024   Data   RW         9546    .data               tcp.o
    0x20000290   0x00000034   Zero   RW         3303    .bss                bsp_key.o
    0x200002c4   0x00000050   Zero   RW         3394    .bss                bsp_timer.o
    0x20000314   0x00000058   Zero   RW         3507    .bss                bsp_spi.o
    0x2000036c   0x00000014   PAD
    0x20000380   0x00011000   Zero   RW         3618    .bss                bsp_malloc.o
    0x20011380   0x000010b8   Zero   RW         3898    .bss                bsp_uasrt.o
    0x20012438   0x00000048   Zero   RW         4185    .bss                bsp_lan.o
    0x20012480   0x00003000   Zero   RW         4550    .bss                app_w25qxx.o
    0x20015480   0x00000214   Zero   RW         4697    .bss                diskio.o
    0x20015694   0x0000000c   Zero   RW         4901    .bss                ff.o
    0x200156a0   0x00001490   Zero   RW         5864    .bss                os_cfg_app.o
    0x20016b30   0x000006e0   Zero   RW         6964    .bss                os_var.o
    0x20017210   0x000003c8   Zero   RW         7697    .bss                usb_host.o
    0x200175d8   0x00000298   Zero   RW         7756    .bss                usbh_conf.o
    0x20017870   0x00000224   Zero   RW         7883    .bss                usb_device.o
    0x20017a94   0x000003f0   Zero   RW         7968    .bss                usbd_conf.o
    0x20017e84   0x00000200   Zero   RW         8136    .bss                usbd_desc.o
    0x20018084   0x00000028   Zero   RW         9016    .bss                mem.o
    0x200180ac   0x00000038   Zero   RW         9071    .bss                memp.o
    0x200180e4   0x000000a0   Zero   RW        10283    .bss                lwip_comm.o
    0x20018184   0x00000058   Zero   RW        11490    .bss                tcpip.o
    0x200181dc   0x00000060   Zero   RW        12497    .bss                c_w.l(libspace.o)
    0x2001823c   0x00000004   PAD
    0x20018240   0x00000400   Zero   RW          653    HEAP                startup_stm32f407xx.o
    0x20018640   0x00000800   Zero   RW          652    STACK               startup_stm32f407xx.o



  Load Region LR$$.ARM.__AT_0x10000000 (Base: 0x10000000, Size: 0x00000000, Max: 0x0000f000, ABSOLUTE)

    Execution Region ER$$.ARM.__AT_0x10000000 (Base: 0x10000000, Size: 0x0000f000, Max: 0x0000f000, ABSOLUTE, UNINIT)

    Base Addr    Size         Type   Attr      Idx    E Section Name        Object

    0x10000000   0x0000f000   Zero   RW         3616    .ARM.__AT_0x10000000  bsp_malloc.o



  Load Region LR$$.ARM.__AT_0x1000F000 (Base: 0x1000f000, Size: 0x00000000, Max: 0x00000f00, ABSOLUTE)

    Execution Region ER$$.ARM.__AT_0x1000F000 (Base: 0x1000f000, Size: 0x00000f00, Max: 0x00000f00, ABSOLUTE, UNINIT)

    Base Addr    Size         Type   Attr      Idx    E Section Name        Object

    0x1000f000   0x00000f00   Zero   RW         3617    .ARM.__AT_0x1000F000  bsp_malloc.o


==============================================================================

Image component sizes


      Code (inc. data)   RO Data    RW Data    ZI Data      Debug   Object Name

        24          4          0          7          0       1324   app_sys.o
      1076        172          0          2      12288       7650   app_w25qxx.o
       320         54          0          0         52       3747   bsp_key.o
        96          6          0          0         72       3779   bsp_lan.o
       252         34          0          1          0       2828   bsp_led.o
       380         36         24         28     134912       4495   bsp_malloc.o
       520         28          0         16          0      11489   bsp_sdcard.o
       818         62          0          0         88       5672   bsp_spi.o
       378         48          0         12         80      34813   bsp_timer.o
       546         46          0          4       4280       9802   bsp_uasrt.o
        12          6          0          0          0        559   bsp_ucosiii.o
        52          0          0          0          0        348   cpu_a.o
      1096        110         40         19        532      12569   diskio.o
       320          6          0          0          0       3051   ethernetif.o
      1340         28          0          2         12      10754   ff.o
         0          0          0          0          0      17271   init.o
        16          6          0          0        160       2423   lwip_comm.o
        66          0          0          0          0     762618   main.o
      1396        606          0         16         40       3751   mem.o
       416        240          0          0         56       2968   memp.o
         0          0        164          0       5264      20453   os_cfg_app.o
      1572        154          0          0          0      14056   os_core.o
       172         32          0          0          0        416   os_cpu_a.o
       156         20          0          4          0       2143   os_cpu_c.o
       252         36          0          0          0       1382   os_int.o
       252          6          0          0          0       1361   os_msg.o
       112         12          0          8          0       2544   os_prio.o
       516         16          0          0          0       2629   os_q.o
       988         32          0          0          0       3969   os_sem.o
       500         14          0          0          0       2336   os_tick.o
       616         36          0          0          0       3013   os_time.o
         0          0          0        200       1760      19405   os_var.o
      1622        564          0          1          0       5331   pbuf.o
        64         26        392          0       3072        848   startup_stm32f407xx.o
       128         20          0          4          0       3775   stm32f4xx_hal.o
       338         22          0          0          0      31405   stm32f4xx_hal_cortex.o
       178          0          0          0          0       1251   stm32f4xx_hal_eth.o
       524         46          0          0          0       2268   stm32f4xx_hal_gpio.o
      4424          4          0          0          0      11655   stm32f4xx_hal_hcd.o
       396         22          0          0          0       2909   stm32f4xx_hal_msp.o
      3012         46          0          0          0      11600   stm32f4xx_hal_pcd.o
        92          0          0          0          0       1788   stm32f4xx_hal_pcd_ex.o
      1844         80          0          0          0       5388   stm32f4xx_hal_rcc.o
       440         20          0          0          0       1360   stm32f4xx_hal_rcc_ex.o
       140          0          0          0          0       1083   stm32f4xx_hal_spi.o
       986          8          0          0          0       1788   stm32f4xx_hal_uart.o
        54         12          0          0          0       4367   stm32f4xx_it.o
      4922         96          0          0          0      28271   stm32f4xx_ll_usb.o
       522        192          4          0          0       4348   sys_arch.o
       100         18         24          4          0       1179   system_stm32f4xx.o
        50          0          0         36          0      11845   tcp.o
        96          6          0          0         88       6954   tcpip.o
        52         16          0          0        548       5837   usb_device.o
       192         90          0          0        968       1940   usb_host.o
      1268         18          0          0       1008      17940   usbd_conf.o
       792          0          0          0          0      12549   usbd_core.o
      1584         30          0          1          0      10644   usbd_ctlreq.o
       284        108          0         52        512       6043   usbd_desc.o
       134          0          0          0          0       3844   usbd_ioreq.o
       562         24          0        162          0       9280   usbd_msc.o
       708          8          0          0          0       7393   usbd_msc_bot.o
         0          0         23          0          0        829   usbd_msc_data.o
      1982         14          0          0          0      13499   usbd_msc_scsi.o
       108          0         36         32          0       5375   usbd_storage_if.o
       836         22          0          0        664      12336   usbh_conf.o
       462          0          0          0          0      15667   usbh_core.o
       570         12          0          0          0       2940   usbh_ctlreq.o
       226          0          0          0          0       4384   usbh_ioreq.o
      2584         10          4         32          0      10421   usbh_msc.o
       878         26          0          0          0       6676   usbh_msc_bot.o
      1010          0          0          0          0       5783   usbh_msc_scsi.o
       168          0          0          0          0       3910   usbh_pipes.o

    ----------------------------------------------------------------------
     48654       3410        746        656     166476    1272321   Object Totals
         0          0         32          0          0          0   (incl. Generated)
        62          0          3         13         20          0   (incl. Padding)

    ----------------------------------------------------------------------

      Code (inc. data)   RO Data    RW Data    ZI Data      Debug   Library Member Name

        24          4          0          0          0         84   __2printf.o
        90          0          0          0          0          0   __dczerorl2.o
         8          0          0          0          0         68   __main.o
       392          4         17          0          0         92   __printf_flags_ss_wp.o
        14          0          0          0          0         68   __printf_wp.o
         0          0          0          0          0          0   __rtentry.o
        12          0          0          0          0          0   __rtentry2.o
         6          0          0          0          0          0   __rtentry4.o
        52          8          0          0          0          0   __scatter.o
        28          0          0          0          0          0   __scatter_zi.o
         6          0          0          0          0          0   _printf_a.o
         6          0          0          0          0          0   _printf_c.o
        44          0          0          0          0        108   _printf_char.o
        48          6          0          0          0         96   _printf_char_common.o
        36          4          0          0          0         80   _printf_char_file.o
        40          0          0          0          0         68   _printf_charcount.o
         6          0          0          0          0          0   _printf_d.o
       120         16          0          0          0         92   _printf_dec.o
         6          0          0          0          0          0   _printf_e.o
         6          0          0          0          0          0   _printf_f.o
      1050          0          0          0          0        216   _printf_fp_dec.o
       128         16          0          0          0         84   _printf_fp_infnan.o
         6          0          0          0          0          0   _printf_g.o
       148          4         40          0          0        160   _printf_hex_int_ll_ptr.o
         6          0          0          0          0          0   _printf_i.o
       178          0          0          0          0         88   _printf_intcommon.o
        10          0          0          0          0          0   _printf_l.o
         6          0          0          0          0          0   _printf_lc.o
        10          0          0          0          0          0   _printf_ll.o
         6          0          0          0          0          0   _printf_lld.o
         6          0          0          0          0          0   _printf_lli.o
         6          0          0          0          0          0   _printf_llo.o
         6          0          0          0          0          0   _printf_llu.o
         6          0          0          0          0          0   _printf_llx.o
       124         16          0          0          0         92   _printf_longlong_dec.o
         6          0          0          0          0          0   _printf_ls.o
         6          0          0          0          0          0   _printf_n.o
         6          0          0          0          0          0   _printf_o.o
       112          8          0          0          0        124   _printf_oct_int_ll.o
         6          0          0          0          0          0   _printf_p.o
        78          0          0          0          0        108   _printf_pad.o
         0          0          0          0          0          0   _printf_percent.o
         4          0          0          0          0          0   _printf_percent_end.o
         6          0          0          0          0          0   _printf_s.o
        82          0          0          0          0         80   _printf_str.o
        36          0          0          0          0         84   _printf_truncate.o
         6          0          0          0          0          0   _printf_u.o
        44          0          0          0          0        108   _printf_wchar.o
       188          6          8          0          0         92   _printf_wctomb.o
         6          0          0          0          0          0   _printf_x.o
        16          0          0          0          0         68   _snputc.o
        10          0          0          0          0         68   _sputc.o
        64          0          0          0          0         92   _wcrtomb.o
       220          4        148          0          0         96   bigflt0.o
      1910        128          0          0          0        672   btod.o
        52          4          0          0          0         80   c89vsnprintf.o
        10          0          0          0          0         68   defsig_exit.o
        50          0          0          0          0         88   defsig_general.o
        80         58          0          0          0         76   defsig_rtmem_inner.o
        14          0          0          0          0         80   defsig_rtmem_outer.o
        18          0          0          0          0         80   exit.o
         8          0          0          0          0         68   ferror.o
        94          0          0          0          0         80   h1_alloc.o
        52          0          0          0          0         68   h1_extend.o
        78          0          0          0          0         80   h1_free.o
        14          0          0          0          0         84   h1_init.o
         6          0          0          0          0        152   heapauxi.o
         4          0          0          0          0        136   hguard.o
       138          0          0          0          0        168   init_alloc.o
        44         10        272          0          0         76   lc_ctype_c.o
        44         10         28          0          0         76   lc_numeric_c.o
         2          0          0          0          0          0   libinit.o
        42          0          0          0          0          0   libinit2.o
         2          0          0          0          0          0   libshutdown.o
         2          0          0          0          0          0   libshutdown2.o
         8          4          0          0         96         68   libspace.o
       138          0          0          0          0         80   lludiv10.o
         0          0          0          0          0          0   maybetermalloc1.o
        16          4          0          0          0         76   rt_ctype_table.o
         8          4          0          0          0         68   rt_heap_descriptor_intlibspace.o
         8          4          0          0          0         68   rt_locale_intlibspace.o
        68          0          0          0          0         68   rt_memclr.o
        78          0          0          0          0         80   rt_memclr_w.o
       138          0          0          0          0         68   rt_memcpy_v6.o
       100          0          0          0          0         80   rt_memcpy_w.o
         2          0          0          0          0          0   rtexit.o
        10          0          0          0          0          0   rtexit2.o
       128          0          0          0          0         68   strcmpv7m.o
        62          0          0          0          0         76   strlen.o
        74          0          0          0          0         80   sys_stackheap_outer.o
         2          0          0          0          0         68   use_no_semi.o
         2          0          0          0          0         68   use_no_semi_2.o
        10          0          0          0          0        116   fpinit.o
         4          0          0          0          0        116   printf1.o
         0          0          0          0          0          0   usenofp.o
        48          0          0          0          0        124   fpclassify.o

    ----------------------------------------------------------------------
      7116        322        516          0        100       5820   Library Totals
        12          0          3          0          4          0   (incl. Padding)

    ----------------------------------------------------------------------

      Code (inc. data)   RO Data    RW Data    ZI Data      Debug   Library Name

      7042        322        513          0         96       5464   c_w.l
        14          0          0          0          0        232   fz_wm.l
        48          0          0          0          0        124   m_wm.l

    ----------------------------------------------------------------------
      7116        322        516          0        100       5820   Library Totals

    ----------------------------------------------------------------------

==============================================================================


      Code (inc. data)   RO Data    RW Data    ZI Data      Debug   

     55770       3732       1262        656     166576    1233521   Grand Totals
     55770       3732       1262        224     166576    1233521   ELF Image Totals (compressed)
     55770       3732       1262        224          0          0   ROM Totals

==============================================================================

    Total RO  Size (Code + RO Data)                57032 (  55.70kB)
    Total RW  Size (RW Data + ZI Data)            167232 ( 163.31kB)
    Total ROM Size (Code + RO Data + RW Data)      57256 (  55.91kB)

==============================================================================

