Component: ARM Compiler 5.06 update 4 (build 422) Tool: armlink [4d35d2]

==============================================================================

Section Cross References

    main.o(i.main) refers to misc.o(i.NVIC_PriorityGroupConfig) for NVIC_PriorityGroupConfig
    main.o(i.main) refers to bsp.o(i.bsp_Config) for bsp_Config
    main.o(i.main) refers to diskio.o(i.disk_initialize) for disk_initialize
    main.o(i.main) refers to ff.o(i.f_mount) for f_mount
    main.o(i.main) refers to bsp_uasrt.o(i.bsp_UsartPrintf) for bsp_UsartPrintf
    main.o(i.main) refers to usbd_core.o(i.USBD_Init) for USBD_Init
    main.o(i.main) refers to os_core.o(i.OSInit) for OSInit
    main.o(i.main) refers to lwip_comm.o(i.lwip_config) for lwip_config
    main.o(i.main) refers to cpu_a.o(.text) for CPU_SR_Save
    main.o(i.main) refers to os_task.o(i.OSTaskCreate) for OSTaskCreate
    main.o(i.main) refers to os_core.o(i.OS_Sched0) for OS_Sched0
    main.o(i.main) refers to os_core.o(i.OSStart) for OSStart
    main.o(i.main) refers to diskio.o(.data) for fat_FLASH
    main.o(i.main) refers to usbd_usr.o(.data) for USR_cb
    main.o(i.main) refers to usbd_msc_core.o(.data) for USBD_MSC_cb
    main.o(i.main) refers to usbd_desc.o(.data) for USR_desc
    main.o(i.main) refers to main.o(.bss) for USB_OTG_dev
    main.o(i.main) refers to os_var.o(.data) for OSSchedLockNestingCtr
    main.o(i.main) refers to main.o(i.task_StartTask) for task_StartTask
    main.o(i.task_LedTask) refers to bsp_led.o(i.bsp_led_Toggle) for bsp_led_Toggle
    main.o(i.task_LedTask) refers to os_time.o(i.OSTimeDlyHMSM) for OSTimeDlyHMSM
    main.o(i.task_PrintTask) refers to lwip_app_udp.o(i.lwip_app_udpTest) for lwip_app_udpTest
    main.o(i.task_PrintTask) refers to bsp_uasrt.o(i.bsp_UsartPrintf) for bsp_UsartPrintf
    main.o(i.task_PrintTask) refers to os_time.o(i.OSTimeDlyHMSM) for OSTimeDlyHMSM
    main.o(i.task_StartTask) refers to cpu_core.o(i.CPU_Init) for CPU_Init
    main.o(i.task_StartTask) refers to os_stat.o(i.OSStatTaskCPUUsageInit) for OSStatTaskCPUUsageInit
    main.o(i.task_StartTask) refers to os_core.o(i.OSSchedRoundRobinCfg) for OSSchedRoundRobinCfg
    main.o(i.task_StartTask) refers to cpu_a.o(.text) for CPU_SR_Save
    main.o(i.task_StartTask) refers to os_task.o(i.OSTaskCreate) for OSTaskCreate
    main.o(i.task_StartTask) refers to os_task.o(i.OS_TaskSuspend) for OS_TaskSuspend
    main.o(i.task_StartTask) refers to os_core.o(i.OS_Sched0) for OS_Sched0
    main.o(i.task_StartTask) refers to os_var.o(.data) for OSSchedLockNestingCtr
    main.o(i.task_StartTask) refers to main.o(.bss) for LED_TASK_STK
    main.o(i.task_StartTask) refers to main.o(i.task_LedTask) for task_LedTask
    main.o(i.task_StartTask) refers to main.o(i.task_PrintTask) for task_PrintTask
    system_stm32f4xx.o(i.SystemCoreClockUpdate) refers to system_stm32f4xx.o(.data) for SystemCoreClock
    system_stm32f4xx.o(i.SystemInit) refers to system_stm32f4xx.o(i.SetSysClock) for SetSysClock
    startup_stm32f40_41xxx.o(STACK) refers (Special) to heapauxi.o(.text) for __use_two_region_memory
    startup_stm32f40_41xxx.o(HEAP) refers (Special) to heapauxi.o(.text) for __use_two_region_memory
    startup_stm32f40_41xxx.o(RESET) refers (Special) to heapauxi.o(.text) for __use_two_region_memory
    startup_stm32f40_41xxx.o(RESET) refers to startup_stm32f40_41xxx.o(STACK) for __initial_sp
    startup_stm32f40_41xxx.o(RESET) refers to startup_stm32f40_41xxx.o(.text) for Reset_Handler
    startup_stm32f40_41xxx.o(RESET) refers to stm32f4xx_it.o(i.NMI_Handler) for NMI_Handler
    startup_stm32f40_41xxx.o(RESET) refers to stm32f4xx_it.o(i.HardFault_Handler) for HardFault_Handler
    startup_stm32f40_41xxx.o(RESET) refers to stm32f4xx_it.o(i.MemManage_Handler) for MemManage_Handler
    startup_stm32f40_41xxx.o(RESET) refers to stm32f4xx_it.o(i.BusFault_Handler) for BusFault_Handler
    startup_stm32f40_41xxx.o(RESET) refers to stm32f4xx_it.o(i.UsageFault_Handler) for UsageFault_Handler
    startup_stm32f40_41xxx.o(RESET) refers to stm32f4xx_it.o(i.SVC_Handler) for SVC_Handler
    startup_stm32f40_41xxx.o(RESET) refers to stm32f4xx_it.o(i.DebugMon_Handler) for DebugMon_Handler
    startup_stm32f40_41xxx.o(RESET) refers to os_cpu_a.o(CODE) for PendSV_Handler
    startup_stm32f40_41xxx.o(RESET) refers to bsp_timer.o(i.SysTick_Handler) for SysTick_Handler
    startup_stm32f40_41xxx.o(RESET) refers to bsp_i2s.o(i.DMA1_Stream3_IRQHandler) for DMA1_Stream3_IRQHandler
    startup_stm32f40_41xxx.o(RESET) refers to bsp_i2s.o(i.DMA1_Stream4_IRQHandler) for DMA1_Stream4_IRQHandler
    startup_stm32f40_41xxx.o(RESET) refers to bsp_uasrt.o(i.USART2_IRQHandler) for USART2_IRQHandler
    startup_stm32f40_41xxx.o(RESET) refers to bsp_uasrt.o(i.USART3_IRQHandler) for USART3_IRQHandler
    startup_stm32f40_41xxx.o(RESET) refers to bsp_lan8720.o(i.ETH_IRQHandler) for ETH_IRQHandler
    startup_stm32f40_41xxx.o(RESET) refers to usbd_usr.o(i.OTG_FS_IRQHandler) for OTG_FS_IRQHandler
[...]
    netif_default                            0x20000300   Data           4  netif.o(.data)
    pbuf_free_ooseq_pending                  0x20000305   Data           1  pbuf.o(.data)
    tcp_ticks                                0x20000310   Data           4  tcp.o(.data)
    tcp_bound_pcbs                           0x20000314   Data           4  tcp.o(.data)
    tcp_listen_pcbs                          0x20000318   Data           4  tcp.o(.data)
    tcp_active_pcbs                          0x2000031c   Data           4  tcp.o(.data)
    tcp_tw_pcbs                              0x20000320   Data           4  tcp.o(.data)
    tcp_tmp_pcb                              0x20000324   Data           4  tcp.o(.data)
    tcp_active_pcbs_changed                  0x20000328   Data           1  tcp.o(.data)
    tcp_input_pcb                            0x2000034c   Data           4  tcp_in.o(.data)
    udp_pcbs                                 0x2000035c   Data           4  udp.o(.data)
    TCPIP_THREAD_TASK_STK                    0x20000364   Data           4  lwip_comm.o(.data)
    TCPTimer                                 0x20000368   Data           4  lwip_comm.o(.data)
    ARPTimer                                 0x2000036c   Data           4  lwip_comm.o(.data)
    lwip_localtime                           0x20000370   Data           4  lwip_comm.o(.data)
    lwip_time                                0x20000374   Data           4  lwip_comm.o(.data)
    current_netif                            0x20000378   Data           4  ip.o(.data)
    current_header                           0x2000037c   Data           4  ip.o(.data)
    current_iphdr_src                        0x20000380   Data           4  ip.o(.data)
    current_iphdr_dest                       0x20000384   Data           4  ip.o(.data)
    USB_OTG_dev                              0x2000039c   Data        1524  main.o(.bss)
    StartTaskTCB                             0x20000990   Data         196  main.o(.bss)
    START_TASK_STK                           0x20000a54   Data        2048  main.o(.bss)
    LedTaskTCB                               0x20001254   Data         196  main.o(.bss)
    LED_TASK_STK                             0x20001318   Data         512  main.o(.bss)
    PrintTaskTCB                             0x20001518   Data         196  main.o(.bss)
    PRINT_TASK_STK                           0x200015dc   Data        4096  main.o(.bss)
    RX_Frame_Descriptor                      0x200025dc   Data          12  stm32f4x7_eth.o(.bss)
    SoftTimer                                0x20002628   Data          80  bsp_timer.o(.bss)
    MEM_SRAMIN                               0x200036e0   Data       65536  bsp_malloc.o(.bss)
    MAP_SRAMIN                               0x200136e0   Data        4096  bsp_malloc.o(.bss)
    CPU_Name                                 0x200146e0   Data          16  cpu_core.o(.bss)
    OSCfg_IdleTaskStk                        0x200146f0   Data         512  os_cfg_app.o(.bss)
    OSCfg_IntQ                               0x200148f0   Data         320  os_cfg_app.o(.bss)
    OSCfg_IntQTaskStk                        0x20014a30   Data         512  os_cfg_app.o(.bss)
    OSCfg_ISRStk                             0x20014c30   Data         512  os_cfg_app.o(.bss)
    OSCfg_MsgPool                            0x20014e30   Data        1600  os_cfg_app.o(.bss)
    OSCfg_StatTaskStk                        0x20015470   Data         512  os_cfg_app.o(.bss)
    OSCfg_TickTaskStk                        0x20015670   Data         512  os_cfg_app.o(.bss)
    OSCfg_TickWheel                          0x20015870   Data         136  os_cfg_app.o(.bss)
    OSCfg_TmrTaskStk                         0x200158f8   Data         512  os_cfg_app.o(.bss)
    OSCfg_TmrWheel                           0x20015af8   Data         136  os_cfg_app.o(.bss)
    OSIdleTaskTCB                            0x20015b80   Data         196  os_var.o(.bss)
    OSIntQTaskTCB                            0x20015c44   Data         196  os_var.o(.bss)
    OSMsgPool                                0x20015d08   Data          12  os_var.o(.bss)
    OSRdyList                                0x20015d14   Data         768  os_var.o(.bss)
    OSStatTaskTCB                            0x20016014   Data         196  os_var.o(.bss)
    OSTickTaskTCB                            0x200160d8   Data         196  os_var.o(.bss)
    OSTmrTaskTCB                             0x2001619c   Data         196  os_var.o(.bss)
    USBD_StrDesc                             0x2001626c   Data          64  usbd_req.o(.bss)
    SCSI_Sense                               0x200162ac   Data          32  usbd_msc_scsi.o(.bss)
    MSC_BOT_Data                             0x200162cc   Data       12288  usbd_msc_bot.o(.bss)
    MSC_BOT_cbw                              0x200192cc   Data          32  usbd_msc_bot.o(.bss)
    MSC_BOT_csw                              0x200192ec   Data          16  usbd_msc_bot.o(.bss)
    lwip_info                                0x20019438   Data          23  lwip_comm.o(.bss)
    LWIP_Input                               0x20019450   Data          40  lwip_comm.o(.bss)
    LWIP_Mutex                               0x20019478   Data          44  lwip_comm.o(.bss)
    lwip_netif                               0x200194a4   Data          48  lwip_comm.o(.bss)
    TcpipthreadTaskTCB                       0x200194d4   Data         196  sys_arch.o(.bss)
    __libspace_start                         0x200195c8   Data          96  libspace.o(.bss)
    __temporary_stack_top$libspace           0x20019628   Data           0  libspace.o(.bss)



==============================================================================

Memory Map of the image

  Image Entry point : 0x08000189

  Load Region LR_IROM1 (Base: 0x08000000, Size: 0x00016a68, Max: 0x00080000, ABSOLUTE, COMPRESSED[0x000167f8])

    Execution Region ER_IROM1 (Base: 0x08000000, Size: 0x000166cc, Max: 0x00080000, ABSOLUTE)

    Base Addr    Size         Type   Attr      Idx    E Section Name        Object

    0x08000000   0x00000188   Data   RO          514    RESET               startup_stm32f40_41xxx.o
    0x08000188   0x00000008   Code   RO        10281  * !!!main             c_w.l(__main.o)
    0x08000190   0x00000034   Code   RO        10608    !!!scatter          c_w.l(__scatter.o)
    0x080001c4   0x0000005a   Code   RO        10606    !!dczerorl2         c_w.l(__dczerorl2.o)
    0x0800021e   0x00000002   PAD
    0x08000220   0x0000001c   Code   RO        10610    !!handler_zi        c_w.l(__scatter_zi.o)
    0x0800023c   0x00000000   Code   RO        10376    .ARM.Collect$$_printf_percent$$00000000  c_w.l(_printf_percent.o)
    0x0800023c   0x00000006   Code   RO        10365    .ARM.Collect$$_printf_percent$$00000001  c_w.l(_printf_n.o)
    0x08000242   0x00000006   Code   RO        10367    .ARM.Collect$$_printf_percent$$00000002  c_w.l(_printf_p.o)
    0x08000248   0x00000006   Code   RO        10372    .ARM.Collect$$_printf_percent$$00000003  c_w.l(_printf_f.o)
    0x0800024e   0x00000006   Code   RO        10373    .ARM.Collect$$_printf_percent$$00000004  c_w.l(_printf_e.o)
    0x08000254   0x00000006   Code   RO        10374    .ARM.Collect$$_printf_percent$$00000005  c_w.l(_printf_g.o)
    0x0800025a   0x00000006   Code   RO        10375    .ARM.Collect$$_printf_percent$$00000006  c_w.l(_printf_a.o)
    0x08000260   0x0000000a   Code   RO        10380    .ARM.Collect$$_printf_percent$$00000007  c_w.l(_printf_ll.o)
    0x0800026a   0x00000006   Code   RO        10369    .ARM.Collect$$_printf_percent$$00000008  c_w.l(_printf_i.o)
    0x08000270   0x00000006   Code   RO        10370    .ARM.Collect$$_printf_percent$$00000009  c_w.l(_printf_d.o)
    0x08000276   0x00000006   Code   RO        10371    .ARM.Collect$$_printf_percent$$0000000A  c_w.l(_printf_u.o)
    0x0800027c   0x00000006   Code   RO        10368    .ARM.Collect$$_printf_percent$$0000000B  c_w.l(_printf_o.o)
    0x08000282   0x00000006   Code   RO        10366    .ARM.Collect$$_printf_percent$$0000000C  c_w.l(_printf_x.o)
    0x08000288   0x00000006   Code   RO        10377    .ARM.Collect$$_printf_percent$$0000000D  c_w.l(_printf_lli.o)
    0x0800028e   0x00000006   Code   RO        10378    .ARM.Collect$$_printf_percent$$0000000E  c_w.l(_printf_lld.o)
    0x08000294   0x00000006   Code   RO        10379    .ARM.Collect$$_printf_percent$$0000000F  c_w.l(_printf_llu.o)
    0x0800029a   0x00000006   Code   RO        10384    .ARM.Collect$$_printf_percent$$00000010  c_w.l(_printf_llo.o)
    0x080002a0   0x00000006   Code   RO        10385    .ARM.Collect$$_printf_percent$$00000011  c_w.l(_printf_llx.o)
    0x080002a6   0x0000000a   Code   RO        10381    .ARM.Collect$$_printf_percent$$00000012  c_w.l(_printf_l.o)
    0x080002b0   0x00000006   Code   RO        10363    .ARM.Collect$$_printf_percent$$00000013  c_w.l(_printf_c.o)
    0x080002b6   0x00000006   Code   RO        10364    .ARM.Collect$$_printf_percent$$00000014  c_w.l(_printf_s.o)
    0x080002bc   0x00000006   Code   RO        10382    .ARM.Collect$$_printf_percent$$00000015  c_w.l(_printf_lc.o)
    0x080002c2   0x00000006   Code   RO        10383    .ARM.Collect$$_printf_percent$$00000016  c_w.l(_printf_ls.o)
    0x080002c8   0x00000004   Code   RO        10432    .ARM.Collect$$_printf_percent$$00000017  c_w.l(_printf_percent_end.o)
    0x080002cc   0x00000002   Code   RO        10525    .ARM.Collect$$libinit$$00000000  c_w.l(libinit.o)
    0x080002ce   0x00000004   Code   RO        10435    .ARM.Collect$$libinit$$00000001  c_w.l(libinit2.o)
    0x080002d2   0x00000000   Code   RO        10438    .ARM.Collect$$libinit$$00000004  c_w.l(libinit2.o)
    0x080002d2   0x00000000   Code   RO        10441    .ARM.Collect$$libinit$$0000000A  c_w.l(libinit2.o)
    0x080002d2   0x00000000   Code   RO        10443    .ARM.Collect$$libinit$$0000000C  c_w.l(libinit2.o)
    0x080002d2   0x00000000   Code   RO        10445    .ARM.Collect$$libinit$$0000000E  c_w.l(libinit2.o)
    0x080002d2   0x00000006   Code   RO        10446    .ARM.Collect$$libinit$$0000000F  c_w.l(libinit2.o)
    0x080002d8   0x00000000   Code   RO        10448    .ARM.Collect$$libinit$$00000011  c_w.l(libinit2.o)
    0x080002d8   0x0000000c   Code   RO        10449    .ARM.Collect$$libinit$$00000012  c_w.l(libinit2.o)
    0x080002e4   0x00000000   Code   RO        10450    .ARM.Collect$$libinit$$00000013  c_w.l(libinit2.o)
    0x080002e4   0x00000000   Code   RO        10452    .ARM.Collect$$libinit$$00000015  c_w.l(libinit2.o)
    0x080002e4   0x0000000a   Code   RO        10453    .ARM.Collect$$libinit$$00000016  c_w.l(libinit2.o)
    0x080002ee   0x00000000   Code   RO        10454    .ARM.Collect$$libinit$$00000017  c_w.l(libinit2.o)
    0x080002ee   0x00000000   Code   RO        10456    .ARM.Collect$$libinit$$00000019  c_w.l(libinit2.o)
    0x080002ee   0x00000000   Code   RO        10458    .ARM.Collect$$libinit$$0000001B  c_w.l(libinit2.o)
    0x080002ee   0x00000000   Code   RO        10460    .ARM.Collect$$libinit$$0000001D  c_w.l(libinit2.o)
    0x080002ee   0x00000000   Code   RO        10462    .ARM.Collect$$libinit$$0000001F  c_w.l(libinit2.o)
    0x080002ee   0x00000000   Code   RO        10464    .ARM.Collect$$libinit$$00000021  c_w.l(libinit2.o)
    0x080002ee   0x00000000   Code   RO        10466    .ARM.Collect$$libinit$$00000023  c_w.l(libinit2.o)
    0x080002ee   0x00000000   Code   RO        10468    .ARM.Collect$$libinit$$00000025  c_w.l(libinit2.o)
    0x080002ee   0x00000000   Code   RO        10472    .ARM.Collect$$libinit$$0000002C  c_w.l(libinit2.o)
    0x080002ee   0x00000000   Code   RO        10474    .ARM.Collect$$libinit$$0000002E  c_w.l(libinit2.o)
    0x080002ee   0x00000000   Code   RO        10476    .ARM.Collect$$libinit$$00000030  c_w.l(libinit2.o)
    0x080002ee   0x00000000   Code   RO        10478    .ARM.Collect$$libinit$$00000032  c_w.l(libinit2.o)
    0x080002ee   0x00000002   Code   RO        10479    .ARM.Collect$$libinit$$00000033  c_w.l(libinit2.o)
    0x080002f0   0x00000002   Code   RO        10573    .ARM.Collect$$libshutdown$$00000000  c_w.l(libshutdown.o)
    0x080002f2   0x00000000   Code   RO        10589    .ARM.Collect$$libshutdown$$00000002  c_w.l(libshutdown2.o)
    0x080002f2   0x00000000   Code   RO        10591    .ARM.Collect$$libshutdown$$00000004  c_w.l(libshutdown2.o)
    0x080002f2   0x00000000   Code   RO        10594    .ARM.Collect$$libshutdown$$00000007  c_w.l(libshutdown2.o)
    0x080002f2   0x00000000   Code   RO        10597    .ARM.Collect$$libshutdown$$0000000A  c_w.l(libshutdown2.o)
    0x080002f2   0x00000000   Code   RO        10599    .ARM.Collect$$libshutdown$$0000000C  c_w.l(libshutdown2.o)
    0x080002f2   0x00000000   Code   RO        10602    .ARM.Collect$$libshutdown$$0000000F  c_w.l(libshutdown2.o)
    0x080002f2   0x00000002   Code   RO        10603    .ARM.Collect$$libshutdown$$00000010  c_w.l(libshutdown2.o)
    0x080002f4   0x00000000   Code   RO        10285    .ARM.Collect$$rtentry$$00000000  c_w.l(__rtentry.o)
    0x080002f4   0x00000000   Code   RO        10401    .ARM.Collect$$rtentry$$00000002  c_w.l(__rtentry2.o)
    0x080002f4   0x00000006   Code   RO        10413    .ARM.Collect$$rtentry$$00000004  c_w.l(__rtentry4.o)
    0x080002fa   0x00000000   Code   RO        10403    .ARM.Collect$$rtentry$$00000009  c_w.l(__rtentry2.o)
    0x080002fa   0x00000004   Code   RO        10404    .ARM.Collect$$rtentry$$0000000A  c_w.l(__rtentry2.o)
    0x080002fe   0x00000000   Code   RO        10406    .ARM.Collect$$rtentry$$0000000C  c_w.l(__rtentry2.o)
    0x080002fe   0x00000008   Code   RO        10407    .ARM.Collect$$rtentry$$0000000D  c_w.l(__rtentry2.o)
    0x08000306   0x00000002   Code   RO        10533    .ARM.Collect$$rtexit$$00000000  c_w.l(rtexit.o)
    0x08000308   0x00000000   Code   RO        10548    .ARM.Collect$$rtexit$$00000002  c_w.l(rtexit2.o)
    0x08000308   0x00000004   Code   RO        10549    .ARM.Collect$$rtexit$$00000003  c_w.l(rtexit2.o)
    0x0800030c   0x00000006   Code   RO        10550    .ARM.Collect$$rtexit$$00000004  c_w.l(rtexit2.o)
    0x08000312   0x00000002   PAD
    0x08000314   0x00000040   Code   RO          515    .text               startup_stm32f40_41xxx.o
    0x08000354   0x00000034   Code   RO         4286    .text               cpu_a.o
    0x08000388   0x00000002   Code   RO        10257    .text               c_w.l(use_no_semi_2.o)
    0x0800038a   0x00000002   PAD
    0x0800038c   0x00000010   Code   RO        10259    .text               c_w.l(rt_ctype_table.o)
    0x0800039c   0x000000ee   Code   RO        10261    .text               c_w.l(lludivv7m.o)
    0x0800048a   0x00000002   PAD
    0x0800048c   0x00000024   Code   RO        10263    .text               c_w.l(vsprintf.o)
    0x080004b0   0x00000058   Code   RO        10265    .text               c_w.l(memcmp.o)
    0x08000508   0x0000003e   Code   RO        10267    .text               c_w.l(strlen.o)
    0x08000546   0x0000008a   Code   RO        10269    .text               c_w.l(rt_memcpy_v6.o)
    0x080005d0   0x00000064   Code   RO        10271    .text               c_w.l(rt_memcpy_w.o)
    0x08000634   0x00000044   Code   RO        10273    .text               c_w.l(rt_memclr.o)
    0x08000678   0x0000004e   Code   RO        10275    .text               c_w.l(rt_memclr_w.o)
    0x080006c6   0x00000002   PAD
    0x080006c8   0x00000080   Code   RO        10277    .text               c_w.l(strcmpv7m.o)
    0x08000748   0x00000006   Code   RO        10279    .text               c_w.l(heapauxi.o)
    0x0800074e   0x00000002   Code   RO        10283    .text               c_w.l(use_no_semi.o)
    0x08000750   0x00000008   Code   RO        10293    .text               c_w.l(rt_locale_intlibspace.o)
    0x08000758   0x0000004e   Code   RO        10297    .text               c_w.l(_printf_pad.o)
    0x080007a6   0x00000024   Code   RO        10299    .text               c_w.l(_printf_truncate.o)
    0x080007ca   0x00000052   Code   RO        10301    .text               c_w.l(_printf_str.o)
    0x0800081c   0x00000078   Code   RO        10303    .text               c_w.l(_printf_dec.o)
    0x08000894   0x00000028   Code   RO        10305    .text               c_w.l(_printf_charcount.o)
    0x080008bc   0x00000030   Code   RO        10307    .text               c_w.l(_printf_char_common.o)
    0x080008ec   0x0000000a   Code   RO        10309    .text               c_w.l(_sputc.o)
    0x080008f6   0x00000002   PAD
    0x080008f8   0x000000bc   Code   RO        10311    .text               c_w.l(_printf_wctomb.o)
    0x080009b4   0x0000007c   Code   RO        10314    .text               c_w.l(_printf_longlong_dec.o)
    0x08000a30   0x00000070   Code   RO        10320    .text               c_w.l(_printf_oct_int_ll.o)
    0x08000aa0   0x00000094   Code   RO        10340    .text               c_w.l(_printf_hex_int_ll_ptr.o)
    0x08000b34   0x00000188   Code   RO        10360    .text               c_w.l(__printf_flags_ss_wp.o)
    0x08000cbc   0x00000008   Code   RO        10397    .text               c_w.l(libspace.o)
    0x08000cc4   0x0000008a   Code   RO        10417    .text               c_w.l(lludiv10.o)
    0x08000d4e   0x000000b2   Code   RO        10419    .text               c_w.l(_printf_intcommon.o)
    0x08000e00   0x0000041a   Code   RO        10421    .text               c_w.l(_printf_fp_dec.o)
    0x0800121a   0x00000002   PAD
    0x0800121c   0x000002fc   Code   RO        10423    .text               c_w.l(_printf_fp_hex.o)
    0x08001518   0x0000002c   Code   RO        10428    .text               c_w.l(_printf_char.o)
    0x08001544   0x0000002c   Code   RO        10430    .text               c_w.l(_printf_wchar.o)
    0x08001570   0x00000040   Code   RO        10433    .text               c_w.l(_wcrtomb.o)
    0x080015b0   0x0000004a   Code   RO        10480    .text               c_w.l(sys_stackheap_outer.o)
    0x080015fa   0x00000002   PAD
    0x080015fc   0x00000080   Code   RO        10482    .text               c_w.l(_printf_fp_infnan.o)
    0x0800167c   0x000000dc   Code   RO        10484    .text               c_w.l(bigflt0.o)
    0x08001758   0x00000012   Code   RO        10512    .text               c_w.l(exit.o)
    0x0800176a   0x0000003e   Code   RO        10487    CL$$btod_d2e        c_w.l(btod.o)
    0x080017a8   0x00000046   Code   RO        10489    CL$$btod_d2e_denorm_low  c_w.l(btod.o)
    0x080017ee   0x00000060   Code   RO        10488    CL$$btod_d2e_norm_op1  c_w.l(btod.o)
    0x0800184e   0x00000338   Code   RO        10497    CL$$btod_div_common  c_w.l(btod.o)
    0x08001b86   0x000000c6   Code   RO        10494    CL$$btod_e2e        c_w.l(btod.o)
    0x08001c4c   0x00000028   Code   RO        10491    CL$$btod_ediv       c_w.l(btod.o)
    0x08001c74   0x00000028   Code   RO        10490    CL$$btod_emul       c_w.l(btod.o)
    0x08001c9c   0x00000244   Code   RO        10496    CL$$btod_mult_common  c_w.l(btod.o)
    0x08001ee0   0x000000ac   Code   RO         5814    CODE                os_cpu_a.o
    0x08001f8c   0x0000000e   Code   RO         4067    i.BSP_CPU_ClkFreq   bsp_ucosiii.o
    0x08001f9a   0x00000004   Code   RO          392    i.BusFault_Handler  stm32f4xx_it.o
    0x08001f9e   0x0000000c   Code   RO         4114    i.CPU_Init          cpu_core.o
    0x08001faa   0x00000002   PAD
    0x08001fac   0x00000030   Code   RO         4115    i.CPU_NameClr       cpu_core.o
    0x08001fdc   0x00000008   Code   RO         4117    i.CPU_NameInit      cpu_core.o
    0x08001fe4   0x00000014   Code   RO         4121    i.CPU_TS_Init       cpu_core.o
    0x08001ff8   0x0000000c   Code   RO         4123    i.CPU_TS_TmrFreqSet  cpu_core.o
    0x08002004   0x00000034   Code   RO         4069    i.CPU_TS_TmrInit    bsp_ucosiii.o
    0x08002038   0x0000000c   Code   RO         4070    i.CPU_TS_TmrRd      bsp_ucosiii.o
    0x08002044   0x0000004a   Code   RO         6641    i.DCD_EP_Close      usb_dcd.o
    0x0800208e   0x00000048   Code   RO         6642    i.DCD_EP_ClrStall   usb_dcd.o
    0x080020d6   0x00000024   Code   RO         6643    i.DCD_EP_Flush      usb_dcd.o
    0x080020fa   0x00000068   Code   RO         6644    i.DCD_EP_Open       usb_dcd.o
    0x08002162   0x00000052   Code   RO         6645    i.DCD_EP_PrepareRx  usb_dcd.o
    0x080021b4   0x0000001c   Code   RO         6646    i.DCD_EP_SetAddress  usb_dcd.o
    0x080021d0   0x00000048   Code   RO         6647    i.DCD_EP_Stall      usb_dcd.o
    0x08002218   0x0000004e   Code   RO         6648    i.DCD_EP_Tx         usb_dcd.o
    0x08002266   0x00000066   Code   RO         6731    i.DCD_HandleEnumDone_ISR  usb_dcd_int.o
    0x080022cc   0x00000144   Code   RO         6732    i.DCD_HandleInEP_ISR  usb_dcd_int.o
    0x08002410   0x00000100   Code   RO         6733    i.DCD_HandleOutEP_ISR  usb_dcd_int.o
    0x08002510   0x00000068   Code   RO         6734    i.DCD_HandleResume_ISR  usb_dcd_int.o
    0x08002578   0x000000b0   Code   RO         6735    i.DCD_HandleRxStatusQueueLevel_ISR  usb_dcd_int.o
    0x08002628   0x0000002c   Code   RO         6736    i.DCD_HandleSof_ISR  usb_dcd_int.o
    0x08002654   0x000000a8   Code   RO         6737    i.DCD_HandleUSBSuspend_ISR  usb_dcd_int.o
    0x080026fc   0x00000104   Code   RO         6738    i.DCD_HandleUsbReset_ISR  usb_dcd_int.o
    0x08002800   0x0000009c   Code   RO         6650    i.DCD_Init          usb_dcd.o
    0x0800289c   0x0000002c   Code   RO         6739    i.DCD_IsoINIncomplete_ISR  usb_dcd_int.o
    0x080028c8   0x0000002c   Code   RO         6740    i.DCD_IsoOUTIncomplete_ISR  usb_dcd_int.o
    0x080028f4   0x00000028   Code   RO         6741    i.DCD_ReadDevInEP   usb_dcd_int.o
    0x0800291c   0x00000090   Code   RO         6742    i.DCD_WriteEmptyTxFifo  usb_dcd_int.o
    0x080029ac   0x00000034   Code   RO         3784    i.DMA1_Stream3_IRQHandler  bsp_i2s.o
    0x080029e0   0x00000034   Code   RO         3785    i.DMA1_Stream4_IRQHandler  bsp_i2s.o
    0x08002a14   0x00000034   Code   RO         1968    i.DMA_ClearITPendingBit  stm32f4xx_dma.o
    0x08002a48   0x00000064   Code   RO         1979    i.DMA_GetITStatus   stm32f4xx_dma.o
    0x08002aac   0x00000002   Code   RO          393    i.DebugMon_Handler  stm32f4xx_it.o
    0x08002aae   0x00000002   PAD
    0x08002ab0   0x0000000c   Code   RO         2423    i.ETH_DMAClearITPendingBit  stm32f4x7_eth.o
    0x08002abc   0x00000020   Code   RO         2424    i.ETH_DMAITConfig   stm32f4x7_eth.o
    0x08002adc   0x00000024   Code   RO         2425    i.ETH_DMAReceptionCmd  stm32f4x7_eth.o
    0x08002b00   0x00000064   Code   RO         2426    i.ETH_DMARxDescChainInit  stm32f4x7_eth.o
    0x08002b64   0x00000024   Code   RO         2428    i.ETH_DMATransmissionCmd  stm32f4x7_eth.o
    0x08002b88   0x00000050   Code   RO         2431    i.ETH_DMATxDescChainInit  stm32f4x7_eth.o
    0x08002bd8   0x00000016   Code   RO         2437    i.ETH_DeInit        stm32f4x7_eth.o
    0x08002bee   0x0000001c   Code   RO         2438    i.ETH_Delay         stm32f4x7_eth.o
    0x08002c0a   0x00000002   PAD
    0x08002c0c   0x0000002c   Code   RO         2440    i.ETH_FlushTransmitFIFO  stm32f4x7_eth.o
    0x08002c38   0x0000003c   Code   RO         3871    i.ETH_Free          bsp_lan8720.o
    0x08002c74   0x0000000c   Code   RO         3872    i.ETH_GetCurTxBuff  bsp_lan8720.o
    0x08002c80   0x0000000a   Code   RO         2452    i.ETH_GetDMARxDescFrameLength  stm32f4x7_eth.o
    0x08002c8a   0x0000002a   Code   RO         2465    i.ETH_GetRxPktSize  stm32f4x7_eth.o
    0x08002cb4   0x00000018   Code   RO         2466    i.ETH_GetSoftwareResetStatus  stm32f4x7_eth.o
    0x08002ccc   0x00000028   Code   RO         3873    i.ETH_IRQHandler    bsp_lan8720.o
    0x08002cf4   0x00000328   Code   RO         2471    i.ETH_Init          stm32f4x7_eth.o
    0x0800301c   0x00000034   Code   RO         2473    i.ETH_MACAddressConfig  stm32f4x7_eth.o
    0x08003050   0x0000008c   Code   RO         3874    i.ETH_MACDMA_Config  bsp_lan8720.o
    0x080030dc   0x00000040   Code   RO         2478    i.ETH_MACReceptionCmd  stm32f4x7_eth.o
    0x0800311c   0x00000040   Code   RO         2479    i.ETH_MACTransmissionCmd  stm32f4x7_eth.o
    0x0800315c   0x0000006c   Code   RO         3875    i.ETH_Malloc        bsp_lan8720.o
    0x080031c8   0x00000020   Code   RO         3876    i.ETH_NVICConfig    bsp_lan8720.o
    0x080031e8   0x0000006c   Code   RO         2491    i.ETH_ReadPHYRegister  stm32f4x7_eth.o
    0x08003254   0x0000009c   Code   RO         3877    i.ETH_Rx_Packet     bsp_lan8720.o
    0x080032f0   0x00000014   Code   RO         2499    i.ETH_SoftwareReset  stm32f4x7_eth.o
    0x08003304   0x00000020   Code   RO         2500    i.ETH_Start         stm32f4x7_eth.o
    0x08003324   0x000000b2   Code   RO         2502    i.ETH_StructInit    stm32f4x7_eth.o
    0x080033d6   0x00000002   PAD
    0x080033d8   0x00000068   Code   RO         3878    i.ETH_Tx_Packet     bsp_lan8720.o
    0x08003440   0x00000068   Code   RO         2504    i.ETH_WritePHYRegister  stm32f4x7_eth.o
    0x080034a8   0x00000090   Code   RO          566    i.GPIO_Init         stm32f4xx_gpio.o
    0x08003538   0x00000046   Code   RO          567    i.GPIO_PinAFConfig  stm32f4xx_gpio.o
    0x0800357e   0x00000004   Code   RO          574    i.GPIO_SetBits      stm32f4xx_gpio.o
    0x08003582   0x00000004   Code   RO          394    i.HardFault_Handler  stm32f4xx_it.o
    0x08003586   0x00000002   PAD
    0x08003588   0x00000010   Code   RO         3040    i.IsKeyDownPress    bsp_key.o
    0x08003598   0x00000010   Code   RO         3041    i.IsKeyOkPress      bsp_key.o
    0x080035a8   0x00000010   Code   RO         3042    i.IsKeyUpPress      bsp_key.o
    0x080035b8   0x00000044   Code   RO         7262    i.MSC_BOT_Abort     usbd_msc_bot.o
    0x080035fc   0x000000d0   Code   RO         7263    i.MSC_BOT_CBW_Decode  usbd_msc_bot.o
    0x080036cc   0x0000003c   Code   RO         7264    i.MSC_BOT_CplClrFeature  usbd_msc_bot.o
    0x08003708   0x00000050   Code   RO         7265    i.MSC_BOT_DataIn    usbd_msc_bot.o
    0x08003758   0x00000044   Code   RO         7266    i.MSC_BOT_DataOut   usbd_msc_bot.o
    0x0800379c   0x0000000c   Code   RO         7267    i.MSC_BOT_DeInit    usbd_msc_bot.o
    0x080037a8   0x00000048   Code   RO         7268    i.MSC_BOT_Init      usbd_msc_bot.o
    0x080037f0   0x0000002c   Code   RO         7269    i.MSC_BOT_Reset     usbd_msc_bot.o
    0x0800381c   0x00000040   Code   RO         7270    i.MSC_BOT_SendCSW   usbd_msc_bot.o
    0x0800385c   0x00000048   Code   RO         7271    i.MSC_BOT_SendData  usbd_msc_bot.o
    0x080038a4   0x00000004   Code   RO          395    i.MemManage_Handler  stm32f4xx_it.o
    0x080038a8   0x00000012   Code   RO         4430    i.Mem_Clr           lib_mem.o
    0x080038ba   0x00000054   Code   RO         4446    i.Mem_Set           lib_mem.o
    0x0800390e   0x00000002   Code   RO          396    i.NMI_Handler       stm32f4xx_it.o
    0x08003910   0x00000078   Code   RO          521    i.NVIC_Init         misc.o
    0x08003988   0x00000014   Code   RO          522    i.NVIC_PriorityGroupConfig  misc.o
    0x0800399c   0x000000fc   Code   RO         4699    i.OSCfg_Init        os_cfg_app.o
    0x08003a98   0x00000014   Code   RO         5819    i.OSIdleTaskHook    os_cpu_c.o
    0x08003aac   0x0000018c   Code   RO         4722    i.OSInit            os_core.o
    0x08003c38   0x00000028   Code   RO         5820    i.OSInitHook        os_cpu_c.o
    0x08003c60   0x0000002c   Code   RO         4723    i.OSIntEnter        os_core.o
    0x08003c8c   0x000000dc   Code   RO         4724    i.OSIntExit         os_core.o
    0x08003d68   0x000000cc   Code   RO         5278    i.OSQCreate         os_q.o
    0x08003e34   0x00000208   Code   RO         5281    i.OSQPend           os_q.o
    0x0800403c   0x000000b8   Code   RO         5283    i.OSQPost           os_q.o
    0x080040f4   0x000000a0   Code   RO         4725    i.OSSched           os_core.o
    0x08004194   0x00000074   Code   RO         4726    i.OSSchedLock       os_core.o
    0x08004208   0x00000064   Code   RO         4727    i.OSSchedRoundRobinCfg  os_core.o
    0x0800426c   0x00000094   Code   RO         4729    i.OSSchedUnlock     os_core.o
    0x08004300   0x000000bc   Code   RO         5350    i.OSSemCreate       os_sem.o
    0x080043bc   0x000001e0   Code   RO         5352    i.OSSemPend         os_sem.o
    0x0800459c   0x00000098   Code   RO         5354    i.OSSemPost         os_sem.o
    0x08004634   0x00000068   Code   RO         4730    i.OSStart           os_core.o
    0x0800469c   0x00000138   Code   RO         5422    i.OSStatReset       os_stat.o
    0x080047d4   0x000000f0   Code   RO         5423    i.OSStatTaskCPUUsageInit  os_stat.o
    0x080048c4   0x00000014   Code   RO         5821    i.OSStatTaskHook    os_cpu_c.o
    0x080048d8   0x0000025c   Code   RO         5453    i.OSTaskCreate      os_task.o
    0x08004b34   0x00000018   Code   RO         5822    i.OSTaskCreateHook  os_cpu_c.o
    0x08004b4c   0x000001c4   Code   RO         5454    i.OSTaskDel         os_task.o
    0x08004d10   0x00000018   Code   RO         5823    i.OSTaskDelHook     os_cpu_c.o
    0x08004d28   0x0000007c   Code   RO         5462    i.OSTaskResume      os_task.o
    0x08004da4   0x00000018   Code   RO         5824    i.OSTaskReturnHook  os_cpu_c.o
    0x08004dbc   0x00000214   Code   RO         5463    i.OSTaskSemPend     os_task.o
    0x08004fd0   0x000000d4   Code   RO         5467    i.OSTaskStkChk      os_task.o
    0x080050a4   0x0000025c   Code   RO         5825    i.OSTaskStkInit     os_cpu_c.o
    0x08005300   0x00000060   Code   RO         5468    i.OSTaskSuspend     os_task.o
    0x08005360   0x00000088   Code   RO         5826    i.OSTaskSwHook      os_cpu_c.o
    0x080053e8   0x00000118   Code   RO         5668    i.OSTimeDly         os_time.o
    0x08005500   0x000001f0   Code   RO         5669    i.OSTimeDlyHMSM     os_time.o
    0x080056f0   0x00000034   Code   RO         5671    i.OSTimeGet         os_time.o
    0x08005724   0x00000044   Code   RO         5673    i.OSTimeTick        os_time.o
    0x08005768   0x00000014   Code   RO         5827    i.OSTimeTickHook    os_cpu_c.o
    0x0800577c   0x000001b0   Code   RO         4968    i.OS_Dbg_Init       os_dbg.o
    0x0800592c   0x00000018   Code   RO         4993    i.OS_FlagInit       os_flag.o
    0x08005944   0x00000230   Code   RO         4994    i.OS_FlagPost       os_flag.o
    0x08005b74   0x00000056   Code   RO         4995    i.OS_FlagTaskRdy    os_flag.o
    0x08005bca   0x00000002   PAD
    0x08005bcc   0x00000044   Code   RO         4732    i.OS_IdleTask       os_core.o
    0x08005c10   0x00000070   Code   RO         4733    i.OS_IdleTaskInit   os_core.o
    0x08005c80   0x000000fc   Code   RO         5067    i.OS_IntQPost       os_int.o
    0x08005d7c   0x000001a4   Code   RO         5068    i.OS_IntQRePost     os_int.o
    0x08005f20   0x000000b4   Code   RO         5069    i.OS_IntQTask       os_int.o
    0x08005fd4   0x00000128   Code   RO         5070    i.OS_IntQTaskInit   os_int.o
    0x080060fc   0x00000018   Code   RO         5101    i.OS_MemInit        os_mem.o
    0x08006114   0x00000036   Code   RO         5133    i.OS_MsgPoolCreate  os_msg.o
    0x0800614a   0x00000002   PAD
    0x0800614c   0x00000054   Code   RO         5134    i.OS_MsgPoolInit    os_msg.o
    0x080061a0   0x00000044   Code   RO         5135    i.OS_MsgQFreeAll    os_msg.o
    0x080061e4   0x00000068   Code   RO         5136    i.OS_MsgQGet        os_msg.o
    0x0800624c   0x0000000e   Code   RO         5137    i.OS_MsgQInit       os_msg.o
    0x0800625a   0x00000002   PAD
    0x0800625c   0x000000fc   Code   RO         5138    i.OS_MsgQPut        os_msg.o
    0x08006358   0x00000018   Code   RO         5183    i.OS_MutexInit      os_mutex.o
    0x08006370   0x00000068   Code   RO         4734    i.OS_Pend           os_core.o
    0x080063d8   0x00000026   Code   RO         4737    i.OS_PendDataInit   os_core.o
    0x080063fe   0x00000002   PAD
    0x08006400   0x0000005c   Code   RO         4738    i.OS_PendDbgNameAdd  os_core.o
    0x0800645c   0x00000024   Code   RO         4739    i.OS_PendDbgNameRemove  os_core.o
    0x08006480   0x0000000a   Code   RO         4741    i.OS_PendListInit   os_core.o
    0x0800648a   0x00000066   Code   RO         4743    i.OS_PendListInsertPrio  os_core.o
    0x080064f0   0x00000030   Code   RO         4744    i.OS_PendListRemove  os_core.o
    0x08006520   0x00000042   Code   RO         4745    i.OS_PendListRemove1  os_core.o
    0x08006562   0x000000c0   Code   RO         4748    i.OS_Post           os_core.o
    0x08006622   0x0000002a   Code   RO         4749    i.OS_Post1          os_core.o
    0x0800664c   0x00000028   Code   RO         5241    i.OS_PrioGetHighest  os_prio.o
    0x08006674   0x00000018   Code   RO         5242    i.OS_PrioInit       os_prio.o
    0x0800668c   0x00000024   Code   RO         5243    i.OS_PrioInsert     os_prio.o
    0x080066b0   0x00000024   Code   RO         5244    i.OS_PrioRemove     os_prio.o
    0x080066d4   0x00000030   Code   RO         5285    i.OS_QDbgListAdd    os_q.o
    0x08006704   0x00000018   Code   RO         5287    i.OS_QInit          os_q.o
    0x0800671c   0x0000014c   Code   RO         5288    i.OS_QPost          os_q.o
    0x08006868   0x00000024   Code   RO         4750    i.OS_RdyListInit    os_core.o
    0x0800688c   0x0000002c   Code   RO         4751    i.OS_RdyListInsert  os_core.o
    0x080068b8   0x00000040   Code   RO         4752    i.OS_RdyListInsertHead  os_core.o
    0x080068f8   0x0000003c   Code   RO         4753    i.OS_RdyListInsertTail  os_core.o
    0x08006934   0x00000044   Code   RO         4754    i.OS_RdyListMoveHeadToTail  os_core.o
    0x08006978   0x0000005c   Code   RO         4755    i.OS_RdyListRemove  os_core.o
    0x080069d4   0x00000054   Code   RO         4756    i.OS_Sched0         os_core.o
    0x08006a28   0x0000001c   Code   RO         4757    i.OS_SchedLockTimeMeasStart  os_core.o
    0x08006a44   0x0000003c   Code   RO         4758    i.OS_SchedLockTimeMeasStop  os_core.o
    0x08006a80   0x000000d0   Code   RO         4759    i.OS_SchedRoundRobin  os_core.o
    0x08006b50   0x00000030   Code   RO         5357    i.OS_SemDbgListAdd  os_sem.o
    0x08006b80   0x00000018   Code   RO         5359    i.OS_SemInit        os_sem.o
    0x08006b98   0x00000164   Code   RO         5360    i.OS_SemPost        os_sem.o
    0x08006cfc   0x0000035c   Code   RO         5424    i.OS_StatTask       os_stat.o
    0x08007058   0x000000cc   Code   RO         5425    i.OS_StatTaskInit   os_stat.o
    0x08007124   0x00000038   Code   RO         4760    i.OS_TaskBlock      os_core.o
    0x0800715c   0x00000030   Code   RO         5470    i.OS_TaskDbgListAdd  os_task.o
    0x0800718c   0x00000044   Code   RO         5471    i.OS_TaskDbgListRemove  os_task.o
    0x080071d0   0x00000020   Code   RO         5472    i.OS_TaskInit       os_task.o
    0x080071f0   0x000000c8   Code   RO         5473    i.OS_TaskInitTCB    os_task.o
    0x080072b8   0x0000020c   Code   RO         5474    i.OS_TaskQPost      os_task.o
    0x080074c4   0x0000001c   Code   RO         4761    i.OS_TaskRdy        os_core.o
    0x080074e0   0x00000140   Code   RO         5475    i.OS_TaskResume     os_task.o
    0x08007620   0x00000018   Code   RO         5476    i.OS_TaskReturn     os_task.o
    0x08007638   0x000004c4   Code   RO         5477    i.OS_TaskSemPost    os_task.o
    0x08007afc   0x00000150   Code   RO         5478    i.OS_TaskSuspend    os_task.o
    0x08007c4c   0x00000028   Code   RO         5620    i.OS_TickListInit   os_tick.o
    0x08007c74   0x000001bc   Code   RO         5621    i.OS_TickListInsert  os_tick.o
    0x08007e30   0x00000038   Code   RO         5622    i.OS_TickListRemove  os_tick.o
    0x08007e68   0x00000024   Code   RO         5623    i.OS_TickListResetPeak  os_tick.o
    0x08007e8c   0x000001f8   Code   RO         5624    i.OS_TickListUpdate  os_tick.o
    0x08008084   0x0000002c   Code   RO         5625    i.OS_TickTask       os_tick.o
    0x080080b0   0x000000b8   Code   RO         5626    i.OS_TickTaskInit   os_tick.o
    0x08008168   0x00000128   Code   RO         5719    i.OS_TmrInit        os_tmr.o
    0x08008290   0x000000d0   Code   RO         5720    i.OS_TmrLink        os_tmr.o
    0x08008360   0x00000024   Code   RO         5721    i.OS_TmrResetPeak   os_tmr.o
    0x08008384   0x000000c0   Code   RO         5722    i.OS_TmrTask        os_tmr.o
    0x08008444   0x00000050   Code   RO         5723    i.OS_TmrUnlink      os_tmr.o
    0x08008494   0x00000010   Code   RO         7527    i.OTG_FS_IRQHandler  usbd_usr.o
    0x080084a4   0x00000020   Code   RO          663    i.RCC_AHB1PeriphClockCmd  stm32f4xx_rcc.o
    0x080084c4   0x00000020   Code   RO          665    i.RCC_AHB1PeriphResetCmd  stm32f4xx_rcc.o
    0x080084e4   0x00000020   Code   RO          666    i.RCC_AHB2PeriphClockCmd  stm32f4xx_rcc.o
    0x08008504   0x00000020   Code   RO          672    i.RCC_APB1PeriphClockCmd  stm32f4xx_rcc.o
    0x08008524   0x00000020   Code   RO          674    i.RCC_APB1PeriphResetCmd  stm32f4xx_rcc.o
    0x08008544   0x00000020   Code   RO          675    i.RCC_APB2PeriphClockCmd  stm32f4xx_rcc.o
    0x08008564   0x000000e8   Code   RO          684    i.RCC_GetClocksFreq  stm32f4xx_rcc.o
    0x0800864c   0x0000002c   Code   RO         7070    i.SCSI_CheckAddressRange  usbd_msc_scsi.o
    0x08008678   0x00000058   Code   RO         7071    i.SCSI_Inquiry      usbd_msc_scsi.o
    0x080086d0   0x00000030   Code   RO         7072    i.SCSI_ModeSense10  usbd_msc_scsi.o
    0x08008700   0x00000030   Code   RO         7073    i.SCSI_ModeSense6   usbd_msc_scsi.o
    0x08008730   0x000000d8   Code   RO         7074    i.SCSI_ProcessCmd   usbd_msc_scsi.o
    0x08008808   0x000000c4   Code   RO         7075    i.SCSI_ProcessRead  usbd_msc_scsi.o
    0x080088cc   0x000000d8   Code   RO         7076    i.SCSI_ProcessWrite  usbd_msc_scsi.o
    0x080089a4   0x00000104   Code   RO         7077    i.SCSI_Read10       usbd_msc_scsi.o
    0x08008aa8   0x0000008c   Code   RO         7078    i.SCSI_ReadCapacity10  usbd_msc_scsi.o
    0x08008b34   0x00000088   Code   RO         7079    i.SCSI_ReadFormatCapacity  usbd_msc_scsi.o
    0x08008bbc   0x00000098   Code   RO         7080    i.SCSI_RequestSense  usbd_msc_scsi.o
    0x08008c54   0x0000003c   Code   RO         7081    i.SCSI_SenseCode    usbd_msc_scsi.o
    0x08008c90   0x00000010   Code   RO         7082    i.SCSI_StartStopUnit  usbd_msc_scsi.o
    0x08008ca0   0x00000050   Code   RO         7083    i.SCSI_TestUnitReady  usbd_msc_scsi.o
    0x08008cf0   0x00000050   Code   RO         7084    i.SCSI_Verify10     usbd_msc_scsi.o
    0x08008d40   0x00000144   Code   RO         7085    i.SCSI_Write10      usbd_msc_scsi.o
    0x08008e84   0x00000018   Code   RO         1247    i.SPI_Cmd           stm32f4xx_spi.o
    0x08008e9c   0x00000012   Code   RO         1255    i.SPI_I2S_GetFlagStatus  stm32f4xx_spi.o
    0x08008eae   0x00000006   Code   RO         1258    i.SPI_I2S_ReceiveData  stm32f4xx_spi.o
    0x08008eb4   0x00000004   Code   RO         1259    i.SPI_I2S_SendData  stm32f4xx_spi.o
    0x08008eb8   0x0000003c   Code   RO         1260    i.SPI_Init          stm32f4xx_spi.o
    0x08008ef4   0x00000012   Code   RO         7464    i.STORAGE_GetCapacity  usbd_storage_msd.o
    0x08008f06   0x00000004   Code   RO         7465    i.STORAGE_GetMaxLun  usbd_storage_msd.o
    0x08008f0a   0x00000006   Code   RO         7466    i.STORAGE_Init      usbd_storage_msd.o
    0x08008f10   0x00000018   Code   RO         7467    i.STORAGE_IsReady   usbd_storage_msd.o
    0x08008f28   0x00000006   Code   RO         7468    i.STORAGE_IsWriteProtected  usbd_storage_msd.o
    0x08008f2e   0x00000002   PAD
    0x08008f30   0x00000034   Code   RO         7469    i.STORAGE_Read      usbd_storage_msd.o
    0x08008f64   0x00000034   Code   RO         7470    i.STORAGE_Write     usbd_storage_msd.o
    0x08008f98   0x00000002   Code   RO          397    i.SVC_Handler       stm32f4xx_it.o
    0x08008f9a   0x00000002   PAD
    0x08008f9c   0x0000000c   Code   RO          999    i.SYSCFG_ETH_MediaInterfaceConfig  stm32f4xx_syscfg.o
    0x08008fa8   0x000000ec   Code   RO          477    i.SetSysClock       system_stm32f4xx.o
    0x08009094   0x00000008   Code   RO         3171    i.SysTick_Handler   bsp_timer.o
    0x0800909c   0x0000005c   Code   RO         3172    i.SysTick_ISR       bsp_timer.o
    0x080090f8   0x00000068   Code   RO          479    i.SystemInit        system_stm32f4xx.o
    0x08009160   0x00000010   Code   RO         3291    i.USART2_IRQHandler  bsp_uasrt.o
    0x08009170   0x00000010   Code   RO         3292    i.USART3_IRQHandler  bsp_uasrt.o
    0x08009180   0x00000012   Code   RO         1053    i.USART_ClearFlag   stm32f4xx_usart.o
    0x08009192   0x00000018   Code   RO         1057    i.USART_Cmd         stm32f4xx_usart.o
    0x080091aa   0x00000054   Code   RO         1061    i.USART_GetITStatus  stm32f4xx_usart.o
    0x080091fe   0x0000004a   Code   RO         1063    i.USART_ITConfig    stm32f4xx_usart.o
    0x08009248   0x000000d4   Code   RO         1064    i.USART_Init        stm32f4xx_usart.o
    0x0800931c   0x0000000a   Code   RO         1071    i.USART_ReceiveData  stm32f4xx_usart.o
    0x08009326   0x00000008   Code   RO         1074    i.USART_SendData    stm32f4xx_usart.o
    0x0800932e   0x00000016   Code   RO         6815    i.USBD_ClrCfg       usbd_core.o
    0x08009344   0x00000048   Code   RO         6971    i.USBD_ClrFeature   usbd_req.o
    0x0800938c   0x0000001e   Code   RO         6915    i.USBD_CtlContinueRx  usbd_ioreq.o
    0x080093aa   0x0000001e   Code   RO         6916    i.USBD_CtlContinueSendData  usbd_ioreq.o
    0x080093c8   0x0000001e   Code   RO         6972    i.USBD_CtlError     usbd_req.o
    0x080093e6   0x00000024   Code   RO         6918    i.USBD_CtlReceiveStatus  usbd_ioreq.o
    0x0800940a   0x0000002e   Code   RO         6919    i.USBD_CtlSendData  usbd_ioreq.o
    0x08009438   0x00000024   Code   RO         6920    i.USBD_CtlSendStatus  usbd_ioreq.o
    0x0800945c   0x000000d0   Code   RO         6816    i.USBD_DataInStage  usbd_core.o
    0x0800952c   0x00000096   Code   RO         6817    i.USBD_DataOutStage  usbd_core.o
    0x080095c2   0x00000006   Code   RO         6818    i.USBD_DeInit       usbd_core.o
    0x080095c8   0x00000054   Code   RO         6973    i.USBD_GetConfig    usbd_req.o
    0x0800961c   0x00000122   Code   RO         6974    i.USBD_GetDescriptor  usbd_req.o
    0x0800973e   0x00000014   Code   RO         6975    i.USBD_GetLen       usbd_req.o
    0x08009752   0x00000014   Code   RO         6921    i.USBD_GetRxCount   usbd_ioreq.o
    0x08009766   0x00000002   PAD
    0x08009768   0x00000050   Code   RO         6976    i.USBD_GetStatus    usbd_req.o
    0x080097b8   0x00000052   Code   RO         6977    i.USBD_GetString    usbd_req.o
    0x0800980a   0x00000042   Code   RO         6819    i.USBD_Init         usbd_core.o
    0x0800984c   0x00000012   Code   RO         6820    i.USBD_IsoINIncomplete  usbd_core.o
    0x0800985e   0x00000012   Code   RO         6821    i.USBD_IsoOUTIncomplete  usbd_core.o
    0x08009870   0x00000012   Code   RO         7206    i.USBD_MSC_DataIn   usbd_msc_core.o
    0x08009882   0x00000012   Code   RO         7207    i.USBD_MSC_DataOut  usbd_msc_core.o
    0x08009894   0x00000020   Code   RO         7208    i.USBD_MSC_DeInit   usbd_msc_core.o
    0x080098b4   0x00000010   Code   RO         7209    i.USBD_MSC_GetCfgDesc  usbd_msc_core.o
    0x080098c4   0x00000030   Code   RO         7210    i.USBD_MSC_Init     usbd_msc_core.o
    0x080098f4   0x00000120   Code   RO         7211    i.USBD_MSC_Setup    usbd_msc_core.o
    0x08009a14   0x000000e0   Code   RO         6743    i.USBD_OTG_ISR_Handler  usb_dcd_int.o
    0x08009af4   0x00000048   Code   RO         6978    i.USBD_ParseSetupRequest  usbd_req.o
    0x08009b3c   0x00000032   Code   RO         6822    i.USBD_Reset        usbd_core.o
    0x08009b6e   0x0000001e   Code   RO         6823    i.USBD_Resume       usbd_core.o
    0x08009b8c   0x00000014   Code   RO         6824    i.USBD_RunTestMode  usbd_core.o
    0x08009ba0   0x0000001a   Code   RO         6825    i.USBD_SOF          usbd_core.o
    0x08009bba   0x0000005c   Code   RO         6979    i.USBD_SetAddress   usbd_req.o
    0x08009c16   0x0000001e   Code   RO         6826    i.USBD_SetCfg       usbd_core.o
    0x08009c34   0x000000d0   Code   RO         6980    i.USBD_SetConfig    usbd_req.o
    0x08009d04   0x000000a4   Code   RO         6981    i.USBD_SetFeature   usbd_req.o
    0x08009da8   0x00000054   Code   RO         6827    i.USBD_SetupStage   usbd_core.o
    0x08009dfc   0x00000072   Code   RO         6982    i.USBD_StdDevReq    usbd_req.o
    0x08009e6e   0x00000002   PAD
    0x08009e70   0x0000015c   Code   RO         6983    i.USBD_StdEPReq     usbd_req.o
    0x08009fcc   0x0000004c   Code   RO         6984    i.USBD_StdItfReq    usbd_req.o
    0x0800a018   0x00000020   Code   RO         6828    i.USBD_Suspend      usbd_core.o
    0x0800a038   0x00000034   Code   RO         7401    i.USBD_USR_ConfigStrDescriptor  usbd_desc.o
    0x0800a06c   0x00000002   Code   RO         7528    i.USBD_USR_DeviceConfigured  usbd_usr.o
    0x0800a06e   0x00000002   PAD
    0x0800a070   0x0000000c   Code   RO         7529    i.USBD_USR_DeviceConnected  usbd_usr.o
    0x0800a07c   0x00000010   Code   RO         7402    i.USBD_USR_DeviceDescriptor  usbd_desc.o
    0x0800a08c   0x0000000c   Code   RO         7530    i.USBD_USR_DeviceDisconnected  usbd_usr.o
    0x0800a098   0x00000012   Code   RO         7531    i.USBD_USR_DeviceReset  usbd_usr.o
    0x0800a0aa   0x00000002   Code   RO         7532    i.USBD_USR_DeviceResumed  usbd_usr.o
    0x0800a0ac   0x00000002   Code   RO         7533    i.USBD_USR_DeviceSuspended  usbd_usr.o
    0x0800a0ae   0x00000002   Code   RO         7534    i.USBD_USR_Init     usbd_usr.o
    0x0800a0b0   0x00000038   Code   RO         7403    i.USBD_USR_InterfaceStrDescriptor  usbd_desc.o
    0x0800a0e8   0x00000010   Code   RO         7404    i.USBD_USR_LangIDStrDescriptor  usbd_desc.o
    0x0800a0f8   0x00000020   Code   RO         7405    i.USBD_USR_ManufacturerStrDescriptor  usbd_desc.o
    0x0800a118   0x00000050   Code   RO         7406    i.USBD_USR_ProductStrDescriptor  usbd_desc.o
    0x0800a168   0x00000048   Code   RO         7407    i.USBD_USR_SerialStrDescriptor  usbd_desc.o
    0x0800a1b0   0x00000024   Code   RO         7348    i.USB_OTG_BSP_EnableInterrupt  usb_bsp.o
    0x0800a1d4   0x00000054   Code   RO         7349    i.USB_OTG_BSP_Init  usb_bsp.o
    0x0800a228   0x0000000c   Code   RO         7350    i.USB_OTG_BSP_mDelay  usb_bsp.o
    0x0800a234   0x0000000c   Code   RO         7351    i.USB_OTG_BSP_uDelay  usb_bsp.o
    0x0800a240   0x00000126   Code   RO         6409    i.USB_OTG_CoreInit  usb_core.o
    0x0800a366   0x0000020a   Code   RO         6410    i.USB_OTG_CoreInitDev  usb_core.o
    0x0800a570   0x00000070   Code   RO         6411    i.USB_OTG_CoreReset  usb_core.o
    0x0800a5e0   0x00000022   Code   RO         6412    i.USB_OTG_DisableGlobalInt  usb_core.o
    0x0800a602   0x0000006a   Code   RO         6413    i.USB_OTG_EP0Activate  usb_core.o
    0x0800a66c   0x00000156   Code   RO         6414    i.USB_OTG_EP0StartXfer  usb_core.o
    0x0800a7c2   0x00000062   Code   RO         6415    i.USB_OTG_EP0_OutStart  usb_core.o
    0x0800a824   0x00000098   Code   RO         6416    i.USB_OTG_EPActivate  usb_core.o
    0x0800a8bc   0x00000050   Code   RO         6417    i.USB_OTG_EPClearStall  usb_core.o
    0x0800a90c   0x0000005e   Code   RO         6418    i.USB_OTG_EPDeactivate  usb_core.o
    0x0800a96a   0x00000064   Code   RO         6419    i.USB_OTG_EPSetStall  usb_core.o
    0x0800a9ce   0x000001f6   Code   RO         6420    i.USB_OTG_EPStartXfer  usb_core.o
    0x0800abc4   0x00000034   Code   RO         6421    i.USB_OTG_EnableCommonInt  usb_core.o
    0x0800abf8   0x0000009a   Code   RO         6422    i.USB_OTG_EnableDevInt  usb_core.o
    0x0800ac92   0x00000022   Code   RO         6423    i.USB_OTG_EnableGlobalInt  usb_core.o
    0x0800acb4   0x0000004c   Code   RO         6424    i.USB_OTG_FlushRxFifo  usb_core.o
    0x0800ad00   0x00000054   Code   RO         6425    i.USB_OTG_FlushTxFifo  usb_core.o
    0x0800ad54   0x00000034   Code   RO         6426    i.USB_OTG_GetDeviceSpeed  usb_core.o
    0x0800ad88   0x0000000c   Code   RO         6428    i.USB_OTG_GetMode   usb_core.o
    0x0800ad94   0x00000018   Code   RO         6429    i.USB_OTG_InitDevSpeed  usb_core.o
    0x0800adac   0x00000016   Code   RO         6430    i.USB_OTG_IsDeviceMode  usb_core.o
    0x0800adc2   0x00000010   Code   RO         6432    i.USB_OTG_ReadCoreItr  usb_core.o
    0x0800add2   0x00000010   Code   RO         6433    i.USB_OTG_ReadDevAllInEPItr  usb_core.o
    0x0800ade2   0x00000010   Code   RO         6434    i.USB_OTG_ReadDevAllOutEp_itr  usb_core.o
    0x0800adf2   0x00000014   Code   RO         6435    i.USB_OTG_ReadDevOutEP_itr  usb_core.o
    0x0800ae06   0x00000028   Code   RO         6437    i.USB_OTG_ReadPacket  usb_core.o
    0x0800ae2e   0x00000002   PAD
    0x0800ae30   0x000000d0   Code   RO         6438    i.USB_OTG_SelectCore  usb_core.o
    0x0800af00   0x0000004e   Code   RO         6439    i.USB_OTG_SetCurrentMode  usb_core.o
    0x0800af4e   0x00000040   Code   RO         6443    i.USB_OTG_WritePacket  usb_core.o
    0x0800af8e   0x00000004   Code   RO          398    i.UsageFault_Handler  stm32f4xx_it.o
    0x0800af92   0x00000030   Code   RO        10531    i.__ARM_fpclassify  m_wm.l(fpclassify.o)
    0x0800afc2   0x00000006   Code   RO         3173    i.__set_PRIMASK     bsp_timer.o
    0x0800afc8   0x00000006   Code   RO         3293    i.__set_PRIMASK     bsp_uasrt.o
    0x0800afce   0x00000002   PAD
    0x0800afd0   0x00000098   Code   RO        10232    i._cb_udpCilent     lwip_app_udp.o
    0x0800b068   0x0000000e   Code   RO        10353    i._is_digit         c_w.l(__printf_wp.o)
    0x0800b076   0x00000006   Code   RO         3294    i._sys_exit         bsp_uasrt.o
    0x0800b07c   0x0000005c   Code   RO         3960    i.app_flashConfig   app_w25qxx.o
    0x0800b0d8   0x00000054   Code   RO         3962    i.app_flashEraseSector  app_w25qxx.o
    0x0800b12c   0x0000005c   Code   RO         3964    i.app_flashRead     app_w25qxx.o
    0x0800b188   0x00000034   Code   RO         3966    i.app_flashReadSR   app_w25qxx.o
    0x0800b1bc   0x00000012   Code   RO         3967    i.app_flashWaitBusy  app_w25qxx.o
    0x0800b1ce   0x000000c4   Code   RO         3968    i.app_flashWrite    app_w25qxx.o
    0x0800b292   0x00000002   PAD
    0x0800b294   0x00000030   Code   RO         3969    i.app_flashWriteCmd  app_w25qxx.o
    0x0800b2c4   0x00000046   Code   RO         3970    i.app_flashWriteNoCheck  app_w25qxx.o
    0x0800b30a   0x00000002   PAD
    0x0800b30c   0x00000064   Code   RO         3971    i.app_flashWritePage  app_w25qxx.o
    0x0800b370   0x00000020   Code   RO         8625    i.arp_timer         timers.o
    0x0800b390   0x00000018   Code   RO         2951    i.bsp_Config        bsp.o
    0x0800b3a8   0x00000014   Code   RO         2952    i.bsp_GPIOClcokCmd  bsp.o
    0x0800b3bc   0x00000084   Code   RO         2954    i.bsp_GetGPIORCC    bsp.o
    0x0800b440   0x0000005c   Code   RO         2957    i.bsp_GetSPIRCC     bsp.o
    0x0800b49c   0x00000128   Code   RO         3879    i.bsp_LANConfig     bsp_lan8720.o
    0x0800b5c4   0x00000060   Code   RO         2960    i.bsp_SPIClockCmd   bsp.o
    0x0800b624   0x00000010   Code   RO         3297    i.bsp_UsartConfig   bsp_uasrt.o
    0x0800b634   0x0000014c   Code   RO         3298    i.bsp_UsartGPIOConfig  bsp_uasrt.o
    0x0800b780   0x00000040   Code   RO         3301    i.bsp_UsartGetStr   bsp_uasrt.o
    0x0800b7c0   0x000000c0   Code   RO         3302    i.bsp_UsartIRQHandler  bsp_uasrt.o
    0x0800b880   0x00000040   Code   RO         3303    i.bsp_UsartNVICConfig  bsp_uasrt.o
    0x0800b8c0   0x00000032   Code   RO         3304    i.bsp_UsartPrintf   bsp_uasrt.o
    0x0800b8f2   0x00000028   Code   RO         3305    i.bsp_UsartPut      bsp_uasrt.o
    0x0800b91a   0x00000086   Code   RO         3306    i.bsp_UsartSendDataToBuff  bsp_uasrt.o
    0x0800b9a0   0x00000070   Code   RO         3307    i.bsp_UsartStructConfig  bsp_uasrt.o
    0x0800ba10   0x0000000c   Code   RO         3044    i.bsp_key_Config    bsp_key.o
    0x0800ba1c   0x0000006c   Code   RO         3046    i.bsp_key_FIFOConfig  bsp_key.o
    0x0800ba88   0x00000054   Code   RO         3047    i.bsp_key_GPIOConfig  bsp_key.o
    0x0800badc   0x00000014   Code   RO         3125    i.bsp_led_Config    bsp_led.o
    0x0800baf0   0x00000058   Code   RO         3126    i.bsp_led_GPIOConfig  bsp_led.o
    0x0800bb48   0x00000058   Code   RO         3129    i.bsp_led_Toggle    bsp_led.o
    0x0800bba0   0x00000058   Code   RO         3650    i.bsp_mem_Config    bsp_malloc.o
    0x0800bbf8   0x00000024   Code   RO         3652    i.bsp_mem_Free      bsp_malloc.o
    0x0800bc1c   0x00000040   Code   RO         3653    i.bsp_mem_GetUsed   bsp_malloc.o
    0x0800bc5c   0x0000002c   Code   RO         3654    i.bsp_mem_Malloc    bsp_malloc.o
    0x0800bc88   0x00000014   Code   RO         3656    i.bsp_mem_Set       bsp_malloc.o
    0x0800bc9c   0x00000070   Code   RO         3657    i.bsp_mem_freeIN    bsp_malloc.o
    0x0800bd0c   0x000000a4   Code   RO         3658    i.bsp_mem_mallocIN  bsp_malloc.o
    0x0800bdb0   0x000000c4   Code   RO         3423    i.bsp_spiConfig     bsp_spi.o
    0x0800be74   0x00000034   Code   RO         3424    i.bsp_spiReadWriteByte  bsp_spi.o
    0x0800bea8   0x00000020   Code   RO         3425    i.bsp_spiSetSpeed   bsp_spi.o
    0x0800bec8   0x00000040   Code   RO         3179    i.bsp_tim_DelayMs   bsp_timer.o
    0x0800bf08   0x00000054   Code   RO         3180    i.bsp_tim_DelayUs   bsp_timer.o
    0x0800bf5c   0x000000cc   Code   RO         3184    i.bsp_tim_SoftConfig  bsp_timer.o
    0x0800c028   0x00000090   Code   RO         5969    i.check_fs          ff.o
    0x0800c0b8   0x00000058   Code   RO         6313    i.disk_initialize   diskio.o
    0x0800c110   0x00000050   Code   RO         6315    i.disk_read         diskio.o
    0x0800c160   0x00000006   Code   RO         6316    i.disk_status       diskio.o
    0x0800c166   0x00000050   Code   RO         6317    i.disk_write        diskio.o
    0x0800c1b6   0x00000002   PAD
    0x0800c1b8   0x000001b8   Code   RO         8780    i.etharp_arp_input  etharp.o
    0x0800c370   0x000002f4   Code   RO         8783    i.etharp_find_entry  etharp.o
    0x0800c664   0x00000078   Code   RO         8784    i.etharp_free_entry  etharp.o
    0x0800c6dc   0x00000204   Code   RO         8785    i.etharp_output     etharp.o
    0x0800c8e0   0x00000108   Code   RO         8786    i.etharp_output_to_arp_index  etharp.o
    0x0800c9e8   0x00000274   Code   RO         8787    i.etharp_query      etharp.o
    0x0800cc5c   0x00000198   Code   RO         8788    i.etharp_raw        etharp.o
    0x0800cdf4   0x00000030   Code   RO         8789    i.etharp_request    etharp.o
    0x0800ce24   0x000000a4   Code   RO         8790    i.etharp_send_ip    etharp.o
    0x0800cec8   0x00000094   Code   RO         8791    i.etharp_tmr        etharp.o
    0x0800cf5c   0x0000014c   Code   RO         8792    i.etharp_update_arp_entry  etharp.o
    0x0800d0a8   0x00000138   Code   RO         8793    i.ethernet_input    etharp.o
    0x0800d1e0   0x0000009c   Code   RO         8880    i.ethernetif_init   ethernetif.o
    0x0800d27c   0x00000030   Code   RO         8881    i.ethernetif_input  ethernetif.o
    0x0800d2ac   0x0000005c   Code   RO         5992    i.f_mount           ff.o
    0x0800d308   0x00000388   Code   RO         6008    i.find_volume       ff.o
    0x0800d690   0x0000004a   Code   RO         6014    i.get_ldnumber      ff.o
    0x0800d6da   0x00000012   Code   RO         9157    i.icmp_dest_unreach  icmp.o
    0x0800d6ec   0x00000374   Code   RO         9158    i.icmp_input        icmp.o
    0x0800da60   0x00000118   Code   RO         9159    i.icmp_send_response  icmp.o
    0x0800db78   0x00000012   Code   RO         9160    i.icmp_time_exceeded  icmp.o
    0x0800db8a   0x00000014   Code   RO         9226    i.inet_chksum       inet_chksum.o
    0x0800db9e   0x00000056   Code   RO         9227    i.inet_chksum_pbuf  inet_chksum.o
    0x0800dbf4   0x000000aa   Code   RO         9228    i.inet_chksum_pseudo  inet_chksum.o
    0x0800dc9e   0x0000004e   Code   RO         9316    i.ip4_addr_isbroadcast  ip_addr.o
    0x0800dcec   0x00000230   Code   RO         9380    i.ip_frag           ip_frag.o
    0x0800df1c   0x0000000a   Code   RO         9381    i.ip_frag_alloc_pbuf_custom_ref  ip_frag.o
    0x0800df26   0x00000002   PAD
    0x0800df28   0x00000080   Code   RO         9382    i.ip_frag_free_pbuf_custom_ref  ip_frag.o
    0x0800dfa8   0x000001e0   Code   RO         9269    i.ip_input          ip.o
    0x0800e188   0x000000a8   Code   RO         9270    i.ip_output         ip.o
    0x0800e230   0x000001cc   Code   RO         9271    i.ip_output_if      ip.o
    0x0800e3fc   0x000001a4   Code   RO         9383    i.ip_reass          ip_frag.o
    0x0800e5a0   0x00000314   Code   RO         9384    i.ip_reass_chain_frag_into_datagram_and_validate  ip_frag.o
    0x0800e8b4   0x000000a8   Code   RO         9385    i.ip_reass_dequeue_datagram  ip_frag.o
    0x0800e95c   0x00000058   Code   RO         9386    i.ip_reass_enqueue_new_datagram  ip_frag.o
    0x0800e9b4   0x000001d0   Code   RO         9387    i.ip_reass_free_complete_datagram  ip_frag.o
    0x0800eb84   0x0000007c   Code   RO         9388    i.ip_reass_remove_oldest_datagram  ip_frag.o
    0x0800ec00   0x00000020   Code   RO         8626    i.ip_reass_timer    timers.o
    0x0800ec20   0x0000003c   Code   RO         9389    i.ip_reass_tmr      ip_frag.o
    0x0800ec5c   0x00000058   Code   RO         9272    i.ip_route          ip.o
    0x0800ecb4   0x000000b4   Code   RO         9390    i.ipfrag_free_pbuf_custom  ip_frag.o
    0x0800ed68   0x00000088   Code   RO         8882    i.low_level_init    ethernetif.o
    0x0800edf0   0x00000074   Code   RO         8883    i.low_level_input   ethernetif.o
    0x0800ee64   0x00000040   Code   RO         8884    i.low_level_output  ethernetif.o
    0x0800eea4   0x00000050   Code   RO        10233    i.lwip_app_udpTest  lwip_app_udp.o
    0x0800eef4   0x00000030   Code   RO         8942    i.lwip_comm_mem_free  lwip_comm.o
    0x0800ef24   0x00000070   Code   RO         8943    i.lwip_comm_mem_malloc  lwip_comm.o
    0x0800ef94   0x00000290   Code   RO         8944    i.lwip_config       lwip_comm.o
    0x0800f224   0x00000060   Code   RO         8945    i.lwip_default_info_set  lwip_comm.o
    0x0800f284   0x0000001a   Code   RO         7597    i.lwip_htonl        def.o
    0x0800f29e   0x0000000c   Code   RO         7598    i.lwip_htons        def.o
    0x0800f2aa   0x00000024   Code   RO         7663    i.lwip_init         init.o
    0x0800f2ce   0x0000000c   Code   RO         7599    i.lwip_ntohl        def.o
    0x0800f2da   0x0000000c   Code   RO         7600    i.lwip_ntohs        def.o
    0x0800f2e6   0x00000002   PAD
    0x0800f2e8   0x00000010   Code   RO         8946    i.lwip_pkt_handle   lwip_comm.o
    0x0800f2f8   0x00000002   Code   RO         9905    i.lwip_socket_init  sockets.o
    0x0800f2fa   0x0000005e   Code   RO         9230    i.lwip_standard_chksum  inet_chksum.o
    0x0800f358   0x0000016c   Code   RO            3    i.main              main.o
    0x0800f4c4   0x00000164   Code   RO         7746    i.mem_free          mem.o
    0x0800f628   0x000000e4   Code   RO         7747    i.mem_init          mem.o
    0x0800f70c   0x00000288   Code   RO         7748    i.mem_malloc        mem.o
    0x0800f994   0x000001e4   Code   RO         7749    i.mem_trim          mem.o
    0x0800fb78   0x000000b0   Code   RO         7798    i.memp_free         memp.o
    0x0800fc28   0x00000008   Code   RO         7799    i.memp_get_memorysize  memp.o
    0x0800fc30   0x00000068   Code   RO         7800    i.memp_init         memp.o
    0x0800fc98   0x000000f8   Code   RO         7801    i.memp_malloc       memp.o
    0x0800fd90   0x00000032   Code   RO         6019    i.move_window       ff.o
    0x0800fdc2   0x00000002   PAD
    0x0800fdc4   0x000000fc   Code   RO         7863    i.netif_add         netif.o
    0x0800fec0   0x00000002   Code   RO         7865    i.netif_init        netif.o
    0x0800fec2   0x00000028   Code   RO         7867    i.netif_set_addr    netif.o
    0x0800feea   0x00000002   PAD
    0x0800feec   0x00000010   Code   RO         7868    i.netif_set_default  netif.o
    0x0800fefc   0x00000010   Code   RO         7870    i.netif_set_gw      netif.o
    0x0800ff0c   0x00000084   Code   RO         7871    i.netif_set_ipaddr  netif.o
    0x0800ff90   0x00000010   Code   RO         7874    i.netif_set_netmask  netif.o
    0x0800ffa0   0x00000036   Code   RO         7875    i.netif_set_up      netif.o
    0x0800ffd6   0x00000002   PAD
    0x0800ffd8   0x00000438   Code   RO         7968    i.pbuf_alloc        pbuf.o
    0x08010410   0x000000fc   Code   RO         7969    i.pbuf_alloced_custom  pbuf.o
    0x0801050c   0x00000144   Code   RO         7970    i.pbuf_cat          pbuf.o
    0x08010650   0x0000001a   Code   RO         7971    i.pbuf_chain        pbuf.o
    0x0801066a   0x00000012   Code   RO         7972    i.pbuf_clen         pbuf.o
    0x0801067c   0x0000023c   Code   RO         7974    i.pbuf_copy         pbuf.o
    0x080108b8   0x00000144   Code   RO         7975    i.pbuf_copy_partial  pbuf.o
    0x080109fc   0x000001c0   Code   RO         7977    i.pbuf_free         pbuf.o
    0x08010bbc   0x00000040   Code   RO         7978    i.pbuf_free_ooseq   pbuf.o
    0x08010bfc   0x0000000a   Code   RO         7979    i.pbuf_free_ooseq_callback  pbuf.o
    0x08010c06   0x00000002   PAD
    0x08010c08   0x00000150   Code   RO         7981    i.pbuf_header       pbuf.o
    0x08010d58   0x00000048   Code   RO         7984    i.pbuf_pool_is_empty  pbuf.o
    0x08010da0   0x000001c8   Code   RO         7985    i.pbuf_realloc      pbuf.o
    0x08010f68   0x0000001a   Code   RO         7986    i.pbuf_ref          pbuf.o
    0x08010f82   0x00000002   PAD
    0x08010f84   0x000001b4   Code   RO         7750    i.plug_holes        mem.o
    0x08011138   0x00000074   Code   RO         8122    i.raw_input         raw.o
    0x080111ac   0x0000004c   Code   RO         6027    i.sync_window       ff.o
    0x080111f8   0x00000104   Code   RO         9013    i.sys_arch_mbox_fetch  sys_arch.o
    0x080112fc   0x00000072   Code   RO         9015    i.sys_arch_sem_wait  sys_arch.o
    0x0801136e   0x00000002   Code   RO         9016    i.sys_init          sys_arch.o
    0x08011370   0x00000034   Code   RO         9018    i.sys_mbox_new      sys_arch.o
    0x080113a4   0x000000cc   Code   RO         9019    i.sys_mbox_post     sys_arch.o
    0x08011470   0x00000030   Code   RO         9021    i.sys_mbox_trypost  sys_arch.o
    0x080114a0   0x00000024   Code   RO         9022    i.sys_mbox_valid    sys_arch.o
    0x080114c4   0x0000009c   Code   RO         9026    i.sys_sem_new       sys_arch.o
    0x08011560   0x00000080   Code   RO         9028    i.sys_sem_signal    sys_arch.o
    0x080115e0   0x00000110   Code   RO         9030    i.sys_thread_new    sys_arch.o
    0x080116f0   0x0000013c   Code   RO         8627    i.sys_timeout       timers.o
    0x0801182c   0x00000024   Code   RO         8628    i.sys_timeouts_init  timers.o
    0x08011850   0x00000088   Code   RO         8629    i.sys_timeouts_mbox_fetch  timers.o
    0x080118d8   0x00000060   Code   RO         8630    i.sys_untimeout     timers.o
    0x08011938   0x00000020   Code   RO            4    i.task_LedTask      main.o
    0x08011958   0x00000038   Code   RO            5    i.task_PrintTask    main.o
    0x08011990   0x00000148   Code   RO            6    i.task_StartTask    main.o
    0x08011ad8   0x00000134   Code   RO         8212    i.tcp_abandon       tcp.o
    0x08011c0c   0x0000000e   Code   RO         8213    i.tcp_abort         tcp.o
    0x08011c1a   0x00000002   PAD
    0x08011c1c   0x000000c4   Code   RO         8216    i.tcp_alloc         tcp.o
    0x08011ce0   0x0000001c   Code   RO         8219    i.tcp_close         tcp.o
    0x08011cfc   0x00000240   Code   RO         8220    i.tcp_close_shutdown  tcp.o
    0x08011f3c   0x000000b8   Code   RO         8519    i.tcp_create_segment  tcp_out.o
    0x08011ff4   0x0000002e   Code   RO         8223    i.tcp_eff_send_mss  tcp.o
    0x08012022   0x00000002   PAD
    0x08012024   0x000002a8   Code   RO         8520    i.tcp_enqueue_flags  tcp_out.o
    0x080122cc   0x00000080   Code   RO         8225    i.tcp_fasttmr       tcp.o
    0x0801234c   0x00000002   Code   RO         8226    i.tcp_init          tcp.o
    0x0801234e   0x00000002   PAD
    0x08012350   0x000006e0   Code   RO         8455    i.tcp_input         tcp_in.o
    0x08012a30   0x00000066   Code   RO         8521    i.tcp_keepalive     tcp_out.o
    0x08012a96   0x00000002   PAD
    0x08012a98   0x00000058   Code   RO         8227    i.tcp_kill_prio     tcp.o
    0x08012af0   0x00000040   Code   RO         8228    i.tcp_kill_timewait  tcp.o
    0x08012b30   0x0000013c   Code   RO         8456    i.tcp_listen_input  tcp_in.o
    0x08012c6c   0x0000001c   Code   RO         8232    i.tcp_next_iss      tcp.o
    0x08012c88   0x00000090   Code   RO         8457    i.tcp_oos_insert_segment  tcp_in.o
    0x08012d18   0x0000027c   Code   RO         8522    i.tcp_output        tcp_out.o
    0x08012f94   0x0000010c   Code   RO         8523    i.tcp_output_alloc_header  tcp_out.o
    0x080130a0   0x000000ec   Code   RO         8524    i.tcp_output_segment  tcp_out.o
    0x0801318c   0x000000d0   Code   RO         8458    i.tcp_parseopt      tcp_in.o
    0x0801325c   0x0000006a   Code   RO         8233    i.tcp_pcb_purge     tcp.o
    0x080132c6   0x00000002   PAD
    0x080132c8   0x00000170   Code   RO         8234    i.tcp_pcb_remove    tcp.o
    0x08013438   0x00000694   Code   RO         8459    i.tcp_process       tcp_in.o
    0x08013acc   0x00000098   Code   RO         8236    i.tcp_process_refused_data  tcp.o
    0x08013b64   0x00000dfc   Code   RO         8460    i.tcp_receive       tcp_in.o
    0x08014960   0x0000002e   Code   RO         8238    i.tcp_recv_null     tcp.o
    0x0801498e   0x00000002   PAD
    0x08014990   0x00000114   Code   RO         8239    i.tcp_recved        tcp.o
    0x08014aa4   0x0000005a   Code   RO         8526    i.tcp_rexmit        tcp_out.o
    0x08014afe   0x00000078   Code   RO         8527    i.tcp_rexmit_fast   tcp_out.o
    0x08014b76   0x0000003a   Code   RO         8528    i.tcp_rexmit_rto    tcp_out.o
    0x08014bb0   0x00000128   Code   RO         8529    i.tcp_rst           tcp_out.o
    0x08014cd8   0x00000026   Code   RO         8240    i.tcp_seg_copy      tcp.o
    0x08014cfe   0x0000001a   Code   RO         8241    i.tcp_seg_free      tcp.o
    0x08014d18   0x00000018   Code   RO         8242    i.tcp_segs_free     tcp.o
    0x08014d30   0x00000068   Code   RO         8530    i.tcp_send_empty_ack  tcp_out.o
    0x08014d98   0x0000004a   Code   RO         8531    i.tcp_send_fin      tcp_out.o
    0x08014de2   0x00000002   PAD
    0x08014de4   0x00000620   Code   RO         8246    i.tcp_slowtmr       tcp.o
    0x08015404   0x00000038   Code   RO         8631    i.tcp_timer_needed  timers.o
    0x0801543c   0x000000ac   Code   RO         8461    i.tcp_timewait_input  tcp_in.o
    0x080154e8   0x00000024   Code   RO         8247    i.tcp_tmr           tcp.o
    0x0801550c   0x000000c8   Code   RO         8248    i.tcp_update_rcv_ann_wnd  tcp.o
    0x080155d4   0x000000c6   Code   RO         8534    i.tcp_zero_window_probe  tcp_out.o
    0x0801569a   0x00000002   PAD
    0x0801569c   0x00000060   Code   RO        10071    i.tcpip_callback_with_block  tcpip.o
    0x080156fc   0x000000d0   Code   RO        10074    i.tcpip_init        tcpip.o
    0x080157cc   0x0000004c   Code   RO        10075    i.tcpip_input       tcpip.o
    0x08015818   0x00000038   Code   RO         8632    i.tcpip_tcp_timer   timers.o
    0x08015850   0x00000158   Code   RO        10076    i.tcpip_thread      tcpip.o
    0x080159a8   0x00000100   Code   RO         8689    i.udp_bind          udp.o
    0x08015aa8   0x00000002   Code   RO         8692    i.udp_init          udp.o
    0x08015aaa   0x00000002   PAD
    0x08015aac   0x00000268   Code   RO         8693    i.udp_input         udp.o
    0x08015d14   0x0000001c   Code   RO         8694    i.udp_new           udp.o
    0x08015d30   0x00000058   Code   RO         8695    i.udp_new_port      udp.o
    0x08015d88   0x00000006   Code   RO         8696    i.udp_recv          udp.o
    0x08015d8e   0x00000036   Code   RO         8699    i.udp_sendto        udp.o
    0x08015dc4   0x000001a4   Code   RO         8700    i.udp_sendto_if     udp.o
    0x08015f68   0x0000002c   Code   RO        10387    locale$$code        c_w.l(lc_ctype_c.o)
    0x08015f94   0x0000002c   Code   RO        10510    locale$$code        c_w.l(lc_numeric_c.o)
    0x08015fc0   0x0000000a   Code   RO        10526    x$fpl$fpinit        fz_wm.l(fpinit.o)
    0x08015fca   0x00000004   Code   RO        10389    x$fpl$printf1       fz_wm.l(printf1.o)
    0x08015fce   0x00000004   Code   RO        10391    x$fpl$printf2       fz_wm.l(printf2.o)
    0x08015fd2   0x00000000   Code   RO        10530    x$fpl$usenofp       fz_wm.l(usenofp.o)
    0x08015fd2   0x00000002   PAD
    0x08015fd4   0x00000018   Data   RO         3662    .constdata          bsp_malloc.o
    0x08015fec   0x000000a4   Data   RO         4701    .constdata          os_cfg_app.o
    0x08016090   0x0000016c   Data   RO         4969    .constdata          os_dbg.o
    0x080161fc   0x00000017   Data   RO         7186    .constdata          usbd_msc_data.o
    0x08016213   0x00000024   Data   RO         7471    .constdata          usbd_storage_msd.o
    0x08016237   0x00000001   PAD
    0x08016238   0x00000038   Data   RO         7803    .constdata          memp.o
    0x08016270   0x00000050   Data   RO         8249    .constdata          tcp.o
    0x080162c0   0x0000000c   Data   RO         8795    .constdata          etharp.o
    0x080162cc   0x00000004   Data   RO         9032    .constdata          sys_arch.o
    0x080162d0   0x00000008   Data   RO         9323    .constdata          ip_addr.o
    0x080162d8   0x00000008   Data   RO        10312    .constdata          c_w.l(_printf_wctomb.o)
    0x080162e0   0x00000028   Data   RO        10341    .constdata          c_w.l(_printf_hex_int_ll_ptr.o)
    0x08016308   0x00000011   Data   RO        10361    .constdata          c_w.l(__printf_flags_ss_wp.o)
    0x08016319   0x00000026   Data   RO        10424    .constdata          c_w.l(_printf_fp_hex.o)
    0x0801633f   0x00000001   PAD
    0x08016340   0x00000094   Data   RO        10485    .constdata          c_w.l(bigflt0.o)
    0x080163d4   0x000000a0   Data   RO         7804    .conststring        memp.o
    0x08016474   0x0000006d   Data   RO         8250    .conststring        tcp.o
    0x080164e1   0x00000003   PAD
    0x080164e4   0x00000055   Data   RO         8535    .conststring        tcp_out.o
    0x08016539   0x00000003   PAD
    0x0801653c   0x00000044   Data   RO         8796    .conststring        etharp.o
    0x08016580   0x00000020   Data   RO        10604    Region$$Table       anon$$obj.o
    0x080165a0   0x00000110   Data   RO        10386    locale$$data        c_w.l(lc_ctype_c.o)
    0x080166b0   0x0000001c   Data   RO        10509    locale$$data        c_w.l(lc_numeric_c.o)


    Execution Region RW_IRAM1 (Base: 0x20000000, Size: 0x00019c28, Max: 0x00020000, ABSOLUTE, COMPRESSED[0x0000012c])

    Base Addr    Size         Type   Attr      Idx    E Section Name        Object

    0x20000000   0x00000014   Data   RW          480    .data               system_stm32f4xx.o
    0x20000014   0x00000010   Data   RW          716    .data               stm32f4xx_rcc.o
    0x20000024   0x00000010   Data   RW         2506    .data               stm32f4x7_eth.o
    0x20000034   0x00000001   Data   RW         3130    .data               bsp_led.o
    0x20000035   0x00000003   PAD
    0x20000038   0x0000000c   Data   RW         3188    .data               bsp_timer.o
    0x20000044   0x0000001c   Data   RW         3663    .data               bsp_malloc.o
    0x20000060   0x00000008   Data   RW         3796    .data               bsp_i2s.o
    0x20000068   0x00000010   Data   RW         3881    .data               bsp_lan8720.o
    0x20000078   0x00000004   Data   RW         4127    .data               cpu_core.o
    0x2000007c   0x00000008   Data   RW         5245    .data               os_prio.o
    0x20000084   0x000000c8   Data   RW         5801    .data               os_var.o
    0x2000014c   0x00000004   Data   RW         5830    .data               os_cpu_c.o
    0x20000150   0x00000002   Data   RW         6031    .data               ff.o
    0x20000152   0x00000002   PAD
    0x20000154   0x00000019   Data   RW         6322    .data               diskio.o
    0x2000016d   0x00000003   PAD
    0x20000170   0x00000034   Data   RW         6829    .data               usbd_core.o
    0x200001a4   0x0000000d   Data   RW         6986    .data               usbd_req.o
    0x200001b1   0x00000007   PAD
    0x200001b8   0x00000020   Data   RW         7087    .data               usbd_msc_scsi.o
    0x200001d8   0x0000004e   Data   RW         7212    .data               usbd_msc_core.o
    0x20000226   0x00000004   Data   RW         7273    .data               usbd_msc_bot.o
    0x2000022a   0x00000002   PAD
    0x2000022c   0x0000003c   Data   RW         7408    .data               usbd_desc.o
    0x20000268   0x00000028   Data   RW         7472    .data               usbd_storage_msd.o
    0x20000290   0x00000020   Data   RW         7535    .data               usbd_usr.o
    0x200002b0   0x00000010   Data   RW         7752    .data               mem.o
    0x200002c0   0x0000003c   Data   RW         7805    .data               memp.o
    0x200002fc   0x00000009   Data   RW         7876    .data               netif.o
    0x20000305   0x00000001   Data   RW         7989    .data               pbuf.o
    0x20000306   0x00000002   PAD
    0x20000308   0x00000004   Data   RW         8128    .data               raw.o
    0x2000030c   0x00000024   Data   RW         8251    .data               tcp.o
    0x20000330   0x00000020   Data   RW         8463    .data               tcp_in.o
    0x20000350   0x00000008   Data   RW         8633    .data               timers.o
    0x20000358   0x00000008   Data   RW         8701    .data               udp.o
    0x20000360   0x00000001   Data   RW         8797    .data               etharp.o
    0x20000361   0x00000003   PAD
    0x20000364   0x00000014   Data   RW         8948    .data               lwip_comm.o
    0x20000378   0x00000012   Data   RW         9273    .data               ip.o
    0x2000038a   0x00000002   PAD
    0x2000038c   0x00000006   Data   RW         9391    .data               ip_frag.o
    0x20000392   0x00000002   PAD
    0x20000394   0x00000008   Data   RW        10081    .data               tcpip.o
    0x2000039c   0x00002240   Zero   RW            7    .bss                main.o
    0x200025dc   0x0000000c   Zero   RW         2505    .bss                stm32f4x7_eth.o
    0x200025e8   0x00000040   Zero   RW         3052    .bss                bsp_key.o
    0x20002628   0x00000050   Zero   RW         3187    .bss                bsp_timer.o
    0x20002678   0x00001050   Zero   RW         3309    .bss                bsp_uasrt.o
    0x200036c8   0x00000018   PAD
    0x200036e0   0x00011000   Zero   RW         3661    .bss                bsp_malloc.o
    0x200146e0   0x00000010   Zero   RW         4125    .bss                cpu_core.o
    0x200146f0   0x00001490   Zero   RW         4700    .bss                os_cfg_app.o
    0x20015b80   0x000006e0   Zero   RW         5800    .bss                os_var.o
    0x20016260   0x0000000c   Zero   RW         6029    .bss                ff.o
    0x2001626c   0x00000040   Zero   RW         6985    .bss                usbd_req.o
    0x200162ac   0x00000020   Zero   RW         7086    .bss                usbd_msc_scsi.o
    0x200162cc   0x00003030   Zero   RW         7272    .bss                usbd_msc_bot.o
    0x200192fc   0x00000028   Zero   RW         7751    .bss                mem.o
    0x20019324   0x00000038   Zero   RW         7802    .bss                memp.o
    0x2001935c   0x00000014   Zero   RW         8462    .bss                tcp_in.o
    0x20019370   0x000000c8   Zero   RW         8794    .bss                etharp.o
    0x20019438   0x0000009c   Zero   RW         8947    .bss                lwip_comm.o
    0x200194d4   0x000000c4   Zero   RW         9031    .bss                sys_arch.o
    0x20019598   0x00000030   Zero   RW        10080    .bss                tcpip.o
    0x200195c8   0x00000060   Zero   RW        10398    .bss                c_w.l(libspace.o)
    0x20019628   0x00000200   Zero   RW          513    HEAP                startup_stm32f40_41xxx.o
    0x20019828   0x00000400   Zero   RW          512    STACK               startup_stm32f40_41xxx.o



  Load Region LR$$.ARM.__AT_0x10000000 (Base: 0x10000000, Size: 0x00000000, Max: 0x0000f000, ABSOLUTE)

    Execution Region ER$$.ARM.__AT_0x10000000 (Base: 0x10000000, Size: 0x0000f000, Max: 0x0000f000, ABSOLUTE, UNINIT)

    Base Addr    Size         Type   Attr      Idx    E Section Name        Object

    0x10000000   0x0000f000   Zero   RW         3659    .ARM.__AT_0x10000000  bsp_malloc.o



  Load Region LR$$.ARM.__AT_0x1000F000 (Base: 0x1000f000, Size: 0x00000000, Max: 0x00000f00, ABSOLUTE)

    Execution Region ER$$.ARM.__AT_0x1000F000 (Base: 0x1000f000, Size: 0x00000f00, Max: 0x00000f00, ABSOLUTE, UNINIT)

    Base Addr    Size         Type   Attr      Idx    E Section Name        Object

    0x1000f000   0x00000f00   Zero   RW         3660    .ARM.__AT_0x1000F000  bsp_malloc.o


==============================================================================

Image component sizes


      Code (inc. data)   RO Data    RW Data    ZI Data      Debug   Object Name

       752         68          0          0          0       6441   app_w25qxx.o
       364         86          0          0          0       3315   bsp.o
       104         28          0          8          0       1850   bsp_i2s.o
       252         44          0          0         64       3667   bsp_key.o
       948         92          0         16          0       8008   bsp_lan8720.o
       196         20          0          1          0       1911   bsp_led.o
       528         52         24         28     134912       6027   bsp_malloc.o
       280         10          0          0          0       2369   bsp_spi.o
       458         56          0         12         80      32391   bsp_timer.o
      1048         68          0          0       4176      10891   bsp_uasrt.o
        78         14          0          0          0       1698   bsp_ucosiii.o
        52          0          0          0          0        336   cpu_a.o
       100         18          0          4         16      12393   cpu_core.o
        62          0          0          0          0       2196   def.o
       254         16          0         25          0       3792   diskio.o
      4136       1170         80          1        200      13477   etharp.o
       520        118          0          0          0       4213   ethernetif.o
      1340         28          0          2         12      10654   ff.o
      1200        434          0          0          0       3874   icmp.o
         0          0          0          0          0       3800   inet.o
       370          0          0          0          0       3634   inet_chksum.o
        36          0          0          0          0      14452   init.o
      1196        242          0         18          0       7405   ip.o
        78          0          8          0          0       6746   ip_addr.o
      2990        854          0          6          0      10636   ip_frag.o
       102          0          0          0          0       1888   lib_mem.o
       232         70          0          0          0       1827   lwip_app_udp.o
       928        274          0         20        156       5081   lwip_comm.o
       780        166          0          0       8768     405480   main.o
      2152        856          0         16         40       5421   mem.o
       536        258        216         60         56       4682   memp.o
       140         24          0          0          0       1575   misc.o
       528        116          0          9          0       7498   netif.o
       252        166        164          0       5264      20986   os_cfg_app.o
      3026        412          0          0          0      22574   os_core.o
       172         32          0          0          0        404   os_cpu_a.o
       912         56          0          4          0       7392   os_cpu_c.o
       432        286        364          0          0       4829   os_dbg.o
       670         26          0          0          0       3173   os_flag.o
      1148        204          0          0          0       3650   os_int.o
        24         10          0          0          0        913   os_mem.o
       576         32          0          0          0       4881   os_msg.o
        24         10          0          0          0        919   os_mutex.o
       136         16          0          8          0       3002   os_prio.o
      1312         72          0          0          0       5883   os_q.o
      1248         68          0          0          0       5883   os_sem.o
      1616        208          0          0          0       4107   os_stat.o
      4792        256          0          0          0      13932   os_task.o
      1308        124          0          0          0       5761   os_tick.o
       896         50          0          0          0       3817   os_time.o
       812        134          0          0          0       4372   os_tmr.o
         0          0          0        200       1760      19377   os_var.o
      4008       1518          0          1          0      12357   pbuf.o
       116         14          0          4          0       1500   raw.o
         2          0          0          0          0        479   sockets.o
        64         26        392          0       1536        844   startup_stm32f40_41xxx.o
      1896        148          0         16         12      14730   stm32f4x7_eth.o
       152         32          0          0          0       2630   stm32f4xx_dma.o
       218          0          0          0          0       2366   stm32f4xx_gpio.o
        22          0          0          0          0       3255   stm32f4xx_it.o
       424         54          0         16          0       6510   stm32f4xx_rcc.o
       112          0          0          0          0       3570   stm32f4xx_spi.o
        12          6          0          0          0        594   stm32f4xx_syscfg.o
       430          8          0          0          0       5493   stm32f4xx_usart.o
      1272        440          4          0        196       7955   sys_arch.o
       340         32          0         20          0       1797   system_stm32f4xx.o
      4318       1148        189         36          0      25624   tcp.o
      7864       1254          0         32         20      18179   tcp_in.o
      3046        616         85          0          0      11467   tcp_out.o
       724        260          0          8         48       8775   tcpip.o
       760        202          0          8          0       5995   timers.o
      1470        320          0          8          0       8395   udp.o
       144          4          0          0          0       2755   usb_bsp.o
      3404         18          0          0          0      22472   usb_core.o
       702          0          0          0          0       7031   usb_dcd.o
      1930         50          0          0          0      10087   usb_dcd_int.o
       760          6          0         52          0      11220   usbd_core.o
       324        148          0         60          0       6016   usbd_desc.o
       198          0          0          0          0       4730   usbd_ioreq.o
       748        124          0          4      12336       8913   usbd_msc_bot.o
       420         18          0         78          0       5425   usbd_msc_core.o
         0          0         23          0          0        857   usbd_msc_data.o
      2104        278          0         32         32      15545   usbd_msc_scsi.o
      1732         54          0         13         64      11283   usbd_req.o
       162         14         36         40          0       6181   usbd_storage_msd.o
        66         14          0         32          0       4346   usbd_usr.o

    ----------------------------------------------------------------------
     82110      14150       1624        924     169772    1004859   Object Totals
         0          0         32          0          0          0   (incl. Generated)
        70          0          7         26         24          0   (incl. Padding)

    ----------------------------------------------------------------------

      Code (inc. data)   RO Data    RW Data    ZI Data      Debug   Library Member Name

        90          0          0          0          0          0   __dczerorl2.o
         8          0          0          0          0         68   __main.o
       392          4         17          0          0         92   __printf_flags_ss_wp.o
        14          0          0          0          0         68   __printf_wp.o
         0          0          0          0          0          0   __rtentry.o
        12          0          0          0          0          0   __rtentry2.o
         6          0          0          0          0          0   __rtentry4.o
        52          8          0          0          0          0   __scatter.o
        28          0          0          0          0          0   __scatter_zi.o
         6          0          0          0          0          0   _printf_a.o
         6          0          0          0          0          0   _printf_c.o
        44          0          0          0          0        108   _printf_char.o
        48          6          0          0          0         96   _printf_char_common.o
        40          0          0          0          0         68   _printf_charcount.o
         6          0          0          0          0          0   _printf_d.o
       120         16          0          0          0         92   _printf_dec.o
         6          0          0          0          0          0   _printf_e.o
         6          0          0          0          0          0   _printf_f.o
      1050          0          0          0          0        216   _printf_fp_dec.o
       764          8         38          0          0        100   _printf_fp_hex.o
       128         16          0          0          0         84   _printf_fp_infnan.o
         6          0          0          0          0          0   _printf_g.o
       148          4         40          0          0        160   _printf_hex_int_ll_ptr.o
         6          0          0          0          0          0   _printf_i.o
       178          0          0          0          0         88   _printf_intcommon.o
        10          0          0          0          0          0   _printf_l.o
         6          0          0          0          0          0   _printf_lc.o
        10          0          0          0          0          0   _printf_ll.o
         6          0          0          0          0          0   _printf_lld.o
         6          0          0          0          0          0   _printf_lli.o
         6          0          0          0          0          0   _printf_llo.o
         6          0          0          0          0          0   _printf_llu.o
         6          0          0          0          0          0   _printf_llx.o
       124         16          0          0          0         92   _printf_longlong_dec.o
         6          0          0          0          0          0   _printf_ls.o
         6          0          0          0          0          0   _printf_n.o
         6          0          0          0          0          0   _printf_o.o
       112         10          0          0          0        124   _printf_oct_int_ll.o
         6          0          0          0          0          0   _printf_p.o
        78          0          0          0          0        108   _printf_pad.o
         0          0          0          0          0          0   _printf_percent.o
         4          0          0          0          0          0   _printf_percent_end.o
         6          0          0          0          0          0   _printf_s.o
        82          0          0          0          0         80   _printf_str.o
        36          0          0          0          0         84   _printf_truncate.o
         6          0          0          0          0          0   _printf_u.o
        44          0          0          0          0        108   _printf_wchar.o
       188          6          8          0          0         92   _printf_wctomb.o
         6          0          0          0          0          0   _printf_x.o
        10          0          0          0          0         68   _sputc.o
        64          0          0          0          0         92   _wcrtomb.o
       220          4        148          0          0         96   bigflt0.o
      1910        128          0          0          0        672   btod.o
        18          0          0          0          0         80   exit.o
         6          0          0          0          0        152   heapauxi.o
        44         10        272          0          0         76   lc_ctype_c.o
        44         10         28          0          0         76   lc_numeric_c.o
         2          0          0          0          0          0   libinit.o
        34          0          0          0          0          0   libinit2.o
         2          0          0          0          0          0   libshutdown.o
         2          0          0          0          0          0   libshutdown2.o
         8          4          0          0         96         68   libspace.o
       138          0          0          0          0         80   lludiv10.o
       238          0          0          0          0        100   lludivv7m.o
        88          0          0          0          0         76   memcmp.o
        16          4          0          0          0         76   rt_ctype_table.o
         8          4          0          0          0         68   rt_locale_intlibspace.o
        68          0          0          0          0         68   rt_memclr.o
        78          0          0          0          0         80   rt_memclr_w.o
       138          0          0          0          0         68   rt_memcpy_v6.o
       100          0          0          0          0         80   rt_memcpy_w.o
         2          0          0          0          0          0   rtexit.o
        10          0          0          0          0          0   rtexit2.o
       128          0          0          0          0         68   strcmpv7m.o
        62          0          0          0          0         76   strlen.o
        74          0          0          0          0         80   sys_stackheap_outer.o
         2          0          0          0          0         68   use_no_semi.o
         2          0          0          0          0         68   use_no_semi_2.o
        36          4          0          0          0         76   vsprintf.o
        10          0          0          0          0        116   fpinit.o
         4          0          0          0          0        116   printf1.o
         4          0          0          0          0        116   printf2.o
         0          0          0          0          0          0   usenofp.o
        48          0          0          0          0        124   fpclassify.o

    ----------------------------------------------------------------------
      7566        262        552          0         96       4912   Library Totals
        18          0          1          0          0          0   (incl. Padding)

    ----------------------------------------------------------------------

      Code (inc. data)   RO Data    RW Data    ZI Data      Debug   Library Name

      7482        262        551          0         96       4440   c_w.l
        18          0          0          0          0        348   fz_wm.l
        48          0          0          0          0        124   m_wm.l

    ----------------------------------------------------------------------
      7566        262        552          0         96       4912   Library Totals

    ----------------------------------------------------------------------

==============================================================================


      Code (inc. data)   RO Data    RW Data    ZI Data      Debug   

     89676      14412       2176        924     169868     952227   Grand Totals
     89676      14412       2176        300     169868     952227   ELF Image Totals (compressed)
     89676      14412       2176        300          0          0   ROM Totals

==============================================================================

    Total RO  Size (Code + RO Data)                91852 (  89.70kB)
    Total RW  Size (RW Data + ZI Data)            170792 ( 166.79kB)
    Total ROM Size (Code + RO Data + RW Data)      92152 (  89.99kB)

==============================================================================

